Archive member included to satisfy reference by file (symbol)

/home/marcelo/intelFPGA_lite/18.0/nios2eds/bin/gnu/H-x86_64-pc-linux-gnu/bin/../lib/gcc/nios2-elf/5.3.0/../../../../../H-x86_64-pc-linux-gnu/nios2-elf/lib/mno-hw-mul/libsmallc.a(lib_a-printf.o)
                              obj/default/hello_world.o (printf)
/home/marcelo/intelFPGA_lite/18.0/nios2eds/bin/gnu/H-x86_64-pc-linux-gnu/bin/../lib/gcc/nios2-elf/5.3.0/../../../../../H-x86_64-pc-linux-gnu/nios2-elf/lib/mno-hw-mul/libsmallc.a(lib_a-puts.o)
                              obj/default/hello_world.o (puts)
/home/marcelo/intelFPGA_lite/18.0/nios2eds/bin/gnu/H-x86_64-pc-linux-gnu/bin/../lib/gcc/nios2-elf/5.3.0/../../../../../H-x86_64-pc-linux-gnu/nios2-elf/lib/mno-hw-mul/libsmallc.a(lib_a-strlen.o)
                              /home/marcelo/intelFPGA_lite/18.0/nios2eds/bin/gnu/H-x86_64-pc-linux-gnu/bin/../lib/gcc/nios2-elf/5.3.0/../../../../../H-x86_64-pc-linux-gnu/nios2-elf/lib/mno-hw-mul/libsmallc.a(lib_a-puts.o) (strlen)
/home/marcelo/intelFPGA_lite/18.0/nios2eds/bin/gnu/H-x86_64-pc-linux-gnu/bin/../lib/gcc/nios2-elf/5.3.0/../../../../../H-x86_64-pc-linux-gnu/nios2-elf/lib/mno-hw-mul/libsmallc.a(lib_a-vfprintf.o)
                              /home/marcelo/intelFPGA_lite/18.0/nios2eds/bin/gnu/H-x86_64-pc-linux-gnu/bin/../lib/gcc/nios2-elf/5.3.0/../../../../../H-x86_64-pc-linux-gnu/nios2-elf/lib/mno-hw-mul/libsmallc.a(lib_a-printf.o) (___vfprintf_internal_r)
/home/marcelo/intelFPGA_lite/18.0/nios2eds/bin/gnu/H-x86_64-pc-linux-gnu/bin/../lib/gcc/nios2-elf/5.3.0/../../../../../H-x86_64-pc-linux-gnu/nios2-elf/lib/mno-hw-mul/libsmallc.a(lib_a-fvwrite_small_dev.o)
                              /home/marcelo/intelFPGA_lite/18.0/nios2eds/bin/gnu/H-x86_64-pc-linux-gnu/bin/../lib/gcc/nios2-elf/5.3.0/../../../../../H-x86_64-pc-linux-gnu/nios2-elf/lib/mno-hw-mul/libsmallc.a(lib_a-printf.o) (__sfvwrite_small_dev)
/home/marcelo/intelFPGA_lite/18.0/nios2eds/bin/gnu/H-x86_64-pc-linux-gnu/bin/../lib/gcc/nios2-elf/5.3.0/../../../../../H-x86_64-pc-linux-gnu/nios2-elf/lib/mno-hw-mul/libsmallc.a(lib_a-impure.o)
                              /home/marcelo/intelFPGA_lite/18.0/nios2eds/bin/gnu/H-x86_64-pc-linux-gnu/bin/../lib/gcc/nios2-elf/5.3.0/../../../../../H-x86_64-pc-linux-gnu/nios2-elf/lib/mno-hw-mul/libsmallc.a(lib_a-printf.o) (_impure_ptr)
/home/marcelo/intelFPGA_lite/18.0/nios2eds/bin/gnu/H-x86_64-pc-linux-gnu/bin/../lib/gcc/nios2-elf/5.3.0/../../../../../H-x86_64-pc-linux-gnu/nios2-elf/lib/mno-hw-mul/libsmallc.a(lib_a-writer.o)
                              /home/marcelo/intelFPGA_lite/18.0/nios2eds/bin/gnu/H-x86_64-pc-linux-gnu/bin/../lib/gcc/nios2-elf/5.3.0/../../../../../H-x86_64-pc-linux-gnu/nios2-elf/lib/mno-hw-mul/libsmallc.a(lib_a-fvwrite_small_dev.o) (_write_r)
/home/marcelo/intelFPGA_lite/18.0/nios2eds/bin/gnu/H-x86_64-pc-linux-gnu/bin/../lib/gcc/nios2-elf/5.3.0/../../../../../H-x86_64-pc-linux-gnu/nios2-elf/lib/mno-hw-mul/libsmallc.a(lib_a-int_errno.o)
                              /home/marcelo/intelFPGA_lite/18.0/nios2eds/bin/gnu/H-x86_64-pc-linux-gnu/bin/../lib/gcc/nios2-elf/5.3.0/../../../../../H-x86_64-pc-linux-gnu/nios2-elf/lib/mno-hw-mul/libsmallc.a(lib_a-writer.o) (errno)
/home/marcelo/intelFPGA_lite/18.0/nios2eds/bin/gnu/H-x86_64-pc-linux-gnu/bin/../lib/gcc/nios2-elf/5.3.0/mno-hw-mul/libgcc.a(lib2-divmod.o)
                              /home/marcelo/intelFPGA_lite/18.0/nios2eds/bin/gnu/H-x86_64-pc-linux-gnu/bin/../lib/gcc/nios2-elf/5.3.0/../../../../../H-x86_64-pc-linux-gnu/nios2-elf/lib/mno-hw-mul/libsmallc.a(lib_a-vfprintf.o) (__udivsi3)
/home/marcelo/intelFPGA_lite/18.0/nios2eds/bin/gnu/H-x86_64-pc-linux-gnu/bin/../lib/gcc/nios2-elf/5.3.0/mno-hw-mul/libgcc.a(lib2-mul.o)
                              /home/marcelo/intelFPGA_lite/18.0/nios2eds/bin/gnu/H-x86_64-pc-linux-gnu/bin/../lib/gcc/nios2-elf/5.3.0/../../../../../H-x86_64-pc-linux-gnu/nios2-elf/lib/mno-hw-mul/libsmallc.a(lib_a-vfprintf.o) (__mulsi3)
../entrega3_bsp//libhal_bsp.a(alt_load.o)
                              ../entrega3_bsp//obj/HAL/src/crt0.o (alt_load)
../entrega3_bsp//libhal_bsp.a(alt_main.o)
                              ../entrega3_bsp//obj/HAL/src/crt0.o (alt_main)
../entrega3_bsp//libhal_bsp.a(alt_usleep.o)
                              obj/default/hello_world.o (usleep)
../entrega3_bsp//libhal_bsp.a(alt_write.o)
                              /home/marcelo/intelFPGA_lite/18.0/nios2eds/bin/gnu/H-x86_64-pc-linux-gnu/bin/../lib/gcc/nios2-elf/5.3.0/../../../../../H-x86_64-pc-linux-gnu/nios2-elf/lib/mno-hw-mul/libsmallc.a(lib_a-writer.o) (write)
../entrega3_bsp//libhal_bsp.a(alt_sys_init.o)
                              ../entrega3_bsp//libhal_bsp.a(alt_main.o) (alt_irq_init)
../entrega3_bsp//libhal_bsp.a(altera_avalon_jtag_uart_fd.o)
                              ../entrega3_bsp//libhal_bsp.a(alt_sys_init.o) (altera_avalon_jtag_uart_read_fd)
../entrega3_bsp//libhal_bsp.a(altera_avalon_jtag_uart_read.o)
                              ../entrega3_bsp//libhal_bsp.a(altera_avalon_jtag_uart_fd.o) (altera_avalon_jtag_uart_read)
../entrega3_bsp//libhal_bsp.a(altera_avalon_jtag_uart_write.o)
                              ../entrega3_bsp//libhal_bsp.a(altera_avalon_jtag_uart_fd.o) (altera_avalon_jtag_uart_write)
../entrega3_bsp//libhal_bsp.a(alt_busy_sleep.o)
                              ../entrega3_bsp//libhal_bsp.a(alt_usleep.o) (alt_busy_sleep)
../entrega3_bsp//libhal_bsp.a(alt_close.o)
                              ../entrega3_bsp//libhal_bsp.a(alt_main.o) (close)
../entrega3_bsp//libhal_bsp.a(alt_dcache_flush_all.o)
                              ../entrega3_bsp//libhal_bsp.a(alt_load.o) (alt_dcache_flush_all)
../entrega3_bsp//libhal_bsp.a(alt_dev.o)
                              ../entrega3_bsp//libhal_bsp.a(alt_sys_init.o) (alt_dev_list)
../entrega3_bsp//libhal_bsp.a(alt_dev_llist_insert.o)
                              ../entrega3_bsp//libhal_bsp.a(alt_sys_init.o) (alt_dev_llist_insert)
../entrega3_bsp//libhal_bsp.a(alt_do_ctors.o)
                              ../entrega3_bsp//libhal_bsp.a(alt_main.o) (_do_ctors)
../entrega3_bsp//libhal_bsp.a(alt_do_dtors.o)
                              ../entrega3_bsp//libhal_bsp.a(alt_main.o) (_do_dtors)
../entrega3_bsp//libhal_bsp.a(alt_errno.o)
                              ../entrega3_bsp//libhal_bsp.a(alt_write.o) (alt_errno)
../entrega3_bsp//libhal_bsp.a(alt_icache_flush_all.o)
                              ../entrega3_bsp//libhal_bsp.a(alt_load.o) (alt_icache_flush_all)
../entrega3_bsp//libhal_bsp.a(alt_io_redirect.o)
                              ../entrega3_bsp//libhal_bsp.a(alt_main.o) (alt_io_redirect)
../entrega3_bsp//libhal_bsp.a(alt_open.o)
                              ../entrega3_bsp//libhal_bsp.a(alt_io_redirect.o) (open)
../entrega3_bsp//libhal_bsp.a(alt_release_fd.o)
                              ../entrega3_bsp//libhal_bsp.a(alt_close.o) (alt_release_fd)
../entrega3_bsp//libhal_bsp.a(altera_nios2_gen2_irq.o)
                              ../entrega3_bsp//libhal_bsp.a(alt_sys_init.o) (altera_nios2_gen2_irq_init)
../entrega3_bsp//libhal_bsp.a(alt_find_dev.o)
                              ../entrega3_bsp//libhal_bsp.a(alt_open.o) (alt_find_dev)
../entrega3_bsp//libhal_bsp.a(alt_find_file.o)
                              ../entrega3_bsp//libhal_bsp.a(alt_open.o) (alt_find_file)
../entrega3_bsp//libhal_bsp.a(alt_get_fd.o)
                              ../entrega3_bsp//libhal_bsp.a(alt_open.o) (alt_get_fd)
/home/marcelo/intelFPGA_lite/18.0/nios2eds/bin/gnu/H-x86_64-pc-linux-gnu/bin/../lib/gcc/nios2-elf/5.3.0/../../../../../H-x86_64-pc-linux-gnu/nios2-elf/lib/mno-hw-mul/libsmallc.a(lib_a-atexit.o)
                              ../entrega3_bsp//libhal_bsp.a(alt_main.o) (atexit)
/home/marcelo/intelFPGA_lite/18.0/nios2eds/bin/gnu/H-x86_64-pc-linux-gnu/bin/../lib/gcc/nios2-elf/5.3.0/../../../../../H-x86_64-pc-linux-gnu/nios2-elf/lib/mno-hw-mul/libsmallc.a(lib_a-exit.o)
                              ../entrega3_bsp//libhal_bsp.a(alt_main.o) (exit)
/home/marcelo/intelFPGA_lite/18.0/nios2eds/bin/gnu/H-x86_64-pc-linux-gnu/bin/../lib/gcc/nios2-elf/5.3.0/../../../../../H-x86_64-pc-linux-gnu/nios2-elf/lib/mno-hw-mul/libsmallc.a(lib_a-memcmp.o)
                              ../entrega3_bsp//libhal_bsp.a(alt_find_dev.o) (memcmp)
/home/marcelo/intelFPGA_lite/18.0/nios2eds/bin/gnu/H-x86_64-pc-linux-gnu/bin/../lib/gcc/nios2-elf/5.3.0/../../../../../H-x86_64-pc-linux-gnu/nios2-elf/lib/mno-hw-mul/libsmallc.a(lib_a-__atexit.o)
                              /home/marcelo/intelFPGA_lite/18.0/nios2eds/bin/gnu/H-x86_64-pc-linux-gnu/bin/../lib/gcc/nios2-elf/5.3.0/../../../../../H-x86_64-pc-linux-gnu/nios2-elf/lib/mno-hw-mul/libsmallc.a(lib_a-atexit.o) (__register_exitproc)
/home/marcelo/intelFPGA_lite/18.0/nios2eds/bin/gnu/H-x86_64-pc-linux-gnu/bin/../lib/gcc/nios2-elf/5.3.0/../../../../../H-x86_64-pc-linux-gnu/nios2-elf/lib/mno-hw-mul/libsmallc.a(lib_a-__call_atexit.o)
                              /home/marcelo/intelFPGA_lite/18.0/nios2eds/bin/gnu/H-x86_64-pc-linux-gnu/bin/../lib/gcc/nios2-elf/5.3.0/../../../../../H-x86_64-pc-linux-gnu/nios2-elf/lib/mno-hw-mul/libsmallc.a(lib_a-exit.o) (__call_exitprocs)
../entrega3_bsp//libhal_bsp.a(alt_exit.o)
                              /home/marcelo/intelFPGA_lite/18.0/nios2eds/bin/gnu/H-x86_64-pc-linux-gnu/bin/../lib/gcc/nios2-elf/5.3.0/../../../../../H-x86_64-pc-linux-gnu/nios2-elf/lib/mno-hw-mul/libsmallc.a(lib_a-exit.o) (_exit)

Allocating common symbols
Common symbol       size              file

errno               0x4               /home/marcelo/intelFPGA_lite/18.0/nios2eds/bin/gnu/H-x86_64-pc-linux-gnu/bin/../lib/gcc/nios2-elf/5.3.0/../../../../../H-x86_64-pc-linux-gnu/nios2-elf/lib/mno-hw-mul/libsmallc.a(lib_a-int_errno.o)

Memory Configuration

Name             Origin             Length             Attributes
reset            0x0000000000080000 0x0000000000000020
program_memory   0x0000000000080020 0x0000000000040a20
data_memory      0x0000000000100000 0x0000000000016a60
*default*        0x0000000000000000 0xffffffffffffffff

Linker script and memory map

LOAD ../entrega3_bsp//obj/HAL/src/crt0.o
LOAD obj/default/hello_world.o
LOAD /home/marcelo/intelFPGA_lite/18.0/nios2eds/bin/gnu/H-x86_64-pc-linux-gnu/bin/../lib/gcc/nios2-elf/5.3.0/../../../../../H-x86_64-pc-linux-gnu/nios2-elf/lib/mno-hw-mul/libstdc++.a
LOAD /home/marcelo/intelFPGA_lite/18.0/nios2eds/bin/gnu/H-x86_64-pc-linux-gnu/bin/../lib/gcc/nios2-elf/5.3.0/../../../../../H-x86_64-pc-linux-gnu/nios2-elf/lib/mno-hw-mul/libm.a
LOAD /home/marcelo/intelFPGA_lite/18.0/nios2eds/bin/gnu/H-x86_64-pc-linux-gnu/bin/../lib/gcc/nios2-elf/5.3.0/mno-hw-mul/libgcc.a
START GROUP
LOAD /home/marcelo/intelFPGA_lite/18.0/nios2eds/bin/gnu/H-x86_64-pc-linux-gnu/bin/../lib/gcc/nios2-elf/5.3.0/../../../../../H-x86_64-pc-linux-gnu/nios2-elf/lib/mno-hw-mul/libsmallc.a
LOAD /home/marcelo/intelFPGA_lite/18.0/nios2eds/bin/gnu/H-x86_64-pc-linux-gnu/bin/../lib/gcc/nios2-elf/5.3.0/mno-hw-mul/libgcc.a
LOAD ../entrega3_bsp//libhal_bsp.a
LOAD /home/marcelo/intelFPGA_lite/18.0/nios2eds/bin/gnu/H-x86_64-pc-linux-gnu/bin/../lib/gcc/nios2-elf/5.3.0/../../../../../H-x86_64-pc-linux-gnu/nios2-elf/lib/mno-hw-mul/libm.a
END GROUP
LOAD /home/marcelo/intelFPGA_lite/18.0/nios2eds/bin/gnu/H-x86_64-pc-linux-gnu/bin/../lib/gcc/nios2-elf/5.3.0/mno-hw-mul/libgcc.a
                0x0000000000080000                __alt_mem_program_memory = 0x80000
                0x0000000000100000                __alt_mem_data_memory = 0x100000

.entry          0x0000000000080000       0x20
 *(.entry)
 .entry         0x0000000000080000       0x20 ../entrega3_bsp//obj/HAL/src/crt0.o
                0x0000000000080000                __reset

.exceptions     0x0000000000080020        0x0
                0x0000000000080020                PROVIDE (__ram_exceptions_start, ABSOLUTE (.))
                0x0000000000080020                . = ALIGN (0x20)
 *(.irq)
 *(.exceptions.entry.label)
 *(.exceptions.entry.user)
 *(.exceptions.entry.ecc_fatal)
 *(.exceptions.entry)
 *(.exceptions.irqtest.user)
 *(.exceptions.irqtest)
 *(.exceptions.irqhandler.user)
 *(.exceptions.irqhandler)
 *(.exceptions.irqreturn.user)
 *(.exceptions.irqreturn)
 *(.exceptions.notirq.label)
 *(.exceptions.notirq.user)
 *(.exceptions.notirq)
 *(.exceptions.soft.user)
 *(.exceptions.soft)
 *(.exceptions.unknown.user)
 *(.exceptions.unknown)
 *(.exceptions.exit.label)
 *(.exceptions.exit.user)
 *(.exceptions.exit)
 *(.exceptions)
                0x0000000000080020                PROVIDE (__ram_exceptions_end, ABSOLUTE (.))
                0x0000000000080020                PROVIDE (__flash_exceptions_start, LOADADDR (.exceptions))

.text           0x0000000000080020     0x1f08
                [!provide]                        PROVIDE (stext, ABSOLUTE (.))
 *(.interp)
 *(.hash)
 *(.dynsym)
 *(.dynstr)
 *(.gnu.version)
 *(.gnu.version_d)
 *(.gnu.version_r)
 *(.rel.init)
 *(.rela.init)
 *(.rel.text .rel.text.* .rel.gnu.linkonce.t.*)
 *(.rela.text .rela.text.* .rela.gnu.linkonce.t.*)
 *(.rel.fini)
 *(.rela.fini)
 *(.rel.rodata .rel.rodata.* .rel.gnu.linkonce.r.*)
 *(.rela.rodata .rela.rodata.* .rela.gnu.linkonce.r.*)
 *(.rel.data .rel.data.* .rel.gnu.linkonce.d.*)
 *(.rela.data .rela.data.* .rela.gnu.linkonce.d.*)
 *(.rel.tdata .rel.tdata.* .rel.gnu.linkonce.td.*)
 *(.rela.tdata .rela.tdata.* .rela.gnu.linkonce.td.*)
 *(.rel.tbss .rel.tbss.* .rel.gnu.linkonce.tb.*)
 *(.rela.tbss .rela.tbss.* .rela.gnu.linkonce.tb.*)
 *(.rel.ctors)
 *(.rela.ctors)
 *(.rel.dtors)
 *(.rela.dtors)
 *(.rel.got)
 *(.rela.got)
 *(.rel.sdata .rel.sdata.* .rel.gnu.linkonce.s.*)
 *(.rela.sdata .rela.sdata.* .rela.gnu.linkonce.s.*)
 *(.rel.sbss .rel.sbss.* .rel.gnu.linkonce.sb.*)
 *(.rela.sbss .rela.sbss.* .rela.gnu.linkonce.sb.*)
 *(.rel.sdata2 .rel.sdata2.* .rel.gnu.linkonce.s2.*)
 *(.rela.sdata2 .rela.sdata2.* .rela.gnu.linkonce.s2.*)
 *(.rel.sbss2 .rel.sbss2.* .rel.gnu.linkonce.sb2.*)
 *(.rela.sbss2 .rela.sbss2.* .rela.gnu.linkonce.sb2.*)
 *(.rel.bss .rel.bss.* .rel.gnu.linkonce.b.*)
 *(.rela.bss .rela.bss.* .rela.gnu.linkonce.b.*)
 *(.rel.plt)
 *(.rela.plt)
 *(.rel.dyn)
 *(.init)
 *(.plt)
 *(.text .stub .text.* .gnu.linkonce.t.*)
 .text          0x0000000000080020       0x3c ../entrega3_bsp//obj/HAL/src/crt0.o
                0x0000000000080020                _start
 .text          0x000000000008005c       0x60 obj/default/hello_world.o
                0x000000000008005c                main
 .text          0x00000000000800bc        0x0 /home/marcelo/intelFPGA_lite/18.0/nios2eds/bin/gnu/H-x86_64-pc-linux-gnu/bin/../lib/gcc/nios2-elf/5.3.0/../../../../../H-x86_64-pc-linux-gnu/nios2-elf/lib/mno-hw-mul/libsmallc.a(lib_a-printf.o)
 .text._printf_r
                0x00000000000800bc       0x3c /home/marcelo/intelFPGA_lite/18.0/nios2eds/bin/gnu/H-x86_64-pc-linux-gnu/bin/../lib/gcc/nios2-elf/5.3.0/../../../../../H-x86_64-pc-linux-gnu/nios2-elf/lib/mno-hw-mul/libsmallc.a(lib_a-printf.o)
                0x00000000000800bc                _printf_r
 .text.printf   0x00000000000800f8       0x4c /home/marcelo/intelFPGA_lite/18.0/nios2eds/bin/gnu/H-x86_64-pc-linux-gnu/bin/../lib/gcc/nios2-elf/5.3.0/../../../../../H-x86_64-pc-linux-gnu/nios2-elf/lib/mno-hw-mul/libsmallc.a(lib_a-printf.o)
                0x00000000000800f8                printf
 .text          0x0000000000080144        0x0 /home/marcelo/intelFPGA_lite/18.0/nios2eds/bin/gnu/H-x86_64-pc-linux-gnu/bin/../lib/gcc/nios2-elf/5.3.0/../../../../../H-x86_64-pc-linux-gnu/nios2-elf/lib/mno-hw-mul/libsmallc.a(lib_a-puts.o)
 .text._puts_r  0x0000000000080144       0x80 /home/marcelo/intelFPGA_lite/18.0/nios2eds/bin/gnu/H-x86_64-pc-linux-gnu/bin/../lib/gcc/nios2-elf/5.3.0/../../../../../H-x86_64-pc-linux-gnu/nios2-elf/lib/mno-hw-mul/libsmallc.a(lib_a-puts.o)
                0x0000000000080144                _puts_r
 .text.puts     0x00000000000801c4       0x14 /home/marcelo/intelFPGA_lite/18.0/nios2eds/bin/gnu/H-x86_64-pc-linux-gnu/bin/../lib/gcc/nios2-elf/5.3.0/../../../../../H-x86_64-pc-linux-gnu/nios2-elf/lib/mno-hw-mul/libsmallc.a(lib_a-puts.o)
                0x00000000000801c4                puts
 .text          0x00000000000801d8        0x0 /home/marcelo/intelFPGA_lite/18.0/nios2eds/bin/gnu/H-x86_64-pc-linux-gnu/bin/../lib/gcc/nios2-elf/5.3.0/../../../../../H-x86_64-pc-linux-gnu/nios2-elf/lib/mno-hw-mul/libsmallc.a(lib_a-strlen.o)
 .text.strlen   0x00000000000801d8       0x1c /home/marcelo/intelFPGA_lite/18.0/nios2eds/bin/gnu/H-x86_64-pc-linux-gnu/bin/../lib/gcc/nios2-elf/5.3.0/../../../../../H-x86_64-pc-linux-gnu/nios2-elf/lib/mno-hw-mul/libsmallc.a(lib_a-strlen.o)
                0x00000000000801d8                strlen
 .text          0x00000000000801f4        0x0 /home/marcelo/intelFPGA_lite/18.0/nios2eds/bin/gnu/H-x86_64-pc-linux-gnu/bin/../lib/gcc/nios2-elf/5.3.0/../../../../../H-x86_64-pc-linux-gnu/nios2-elf/lib/mno-hw-mul/libsmallc.a(lib_a-vfprintf.o)
 .text.print_repeat
                0x00000000000801f4       0x6c /home/marcelo/intelFPGA_lite/18.0/nios2eds/bin/gnu/H-x86_64-pc-linux-gnu/bin/../lib/gcc/nios2-elf/5.3.0/../../../../../H-x86_64-pc-linux-gnu/nios2-elf/lib/mno-hw-mul/libsmallc.a(lib_a-vfprintf.o)
 .text.___vfprintf_internal_r
                0x0000000000080260      0x52c /home/marcelo/intelFPGA_lite/18.0/nios2eds/bin/gnu/H-x86_64-pc-linux-gnu/bin/../lib/gcc/nios2-elf/5.3.0/../../../../../H-x86_64-pc-linux-gnu/nios2-elf/lib/mno-hw-mul/libsmallc.a(lib_a-vfprintf.o)
                0x0000000000080260                ___vfprintf_internal_r
 .text.__vfprintf_internal
                0x000000000008078c       0x1c /home/marcelo/intelFPGA_lite/18.0/nios2eds/bin/gnu/H-x86_64-pc-linux-gnu/bin/../lib/gcc/nios2-elf/5.3.0/../../../../../H-x86_64-pc-linux-gnu/nios2-elf/lib/mno-hw-mul/libsmallc.a(lib_a-vfprintf.o)
                0x000000000008078c                __vfprintf_internal
 .text          0x00000000000807a8        0x0 /home/marcelo/intelFPGA_lite/18.0/nios2eds/bin/gnu/H-x86_64-pc-linux-gnu/bin/../lib/gcc/nios2-elf/5.3.0/../../../../../H-x86_64-pc-linux-gnu/nios2-elf/lib/mno-hw-mul/libsmallc.a(lib_a-fvwrite_small_dev.o)
 .text.__sfvwrite_small_dev
                0x00000000000807a8       0xb8 /home/marcelo/intelFPGA_lite/18.0/nios2eds/bin/gnu/H-x86_64-pc-linux-gnu/bin/../lib/gcc/nios2-elf/5.3.0/../../../../../H-x86_64-pc-linux-gnu/nios2-elf/lib/mno-hw-mul/libsmallc.a(lib_a-fvwrite_small_dev.o)
                0x00000000000807a8                __sfvwrite_small_dev
 .text          0x0000000000080860        0x0 /home/marcelo/intelFPGA_lite/18.0/nios2eds/bin/gnu/H-x86_64-pc-linux-gnu/bin/../lib/gcc/nios2-elf/5.3.0/../../../../../H-x86_64-pc-linux-gnu/nios2-elf/lib/mno-hw-mul/libsmallc.a(lib_a-impure.o)
 .text          0x0000000000080860        0x0 /home/marcelo/intelFPGA_lite/18.0/nios2eds/bin/gnu/H-x86_64-pc-linux-gnu/bin/../lib/gcc/nios2-elf/5.3.0/../../../../../H-x86_64-pc-linux-gnu/nios2-elf/lib/mno-hw-mul/libsmallc.a(lib_a-writer.o)
 .text._write_r
                0x0000000000080860       0x58 /home/marcelo/intelFPGA_lite/18.0/nios2eds/bin/gnu/H-x86_64-pc-linux-gnu/bin/../lib/gcc/nios2-elf/5.3.0/../../../../../H-x86_64-pc-linux-gnu/nios2-elf/lib/mno-hw-mul/libsmallc.a(lib_a-writer.o)
                0x0000000000080860                _write_r
 .text          0x00000000000808b8        0x0 /home/marcelo/intelFPGA_lite/18.0/nios2eds/bin/gnu/H-x86_64-pc-linux-gnu/bin/../lib/gcc/nios2-elf/5.3.0/../../../../../H-x86_64-pc-linux-gnu/nios2-elf/lib/mno-hw-mul/libsmallc.a(lib_a-int_errno.o)
 .text          0x00000000000808b8      0x1b4 /home/marcelo/intelFPGA_lite/18.0/nios2eds/bin/gnu/H-x86_64-pc-linux-gnu/bin/../lib/gcc/nios2-elf/5.3.0/mno-hw-mul/libgcc.a(lib2-divmod.o)
                0x00000000000808b8                __divsi3
                0x000000000008093c                __modsi3
                0x00000000000809b0                __udivsi3
                0x0000000000080a14                __umodsi3
 .text          0x0000000000080a6c       0x28 /home/marcelo/intelFPGA_lite/18.0/nios2eds/bin/gnu/H-x86_64-pc-linux-gnu/bin/../lib/gcc/nios2-elf/5.3.0/mno-hw-mul/libgcc.a(lib2-mul.o)
                0x0000000000080a6c                __mulsi3
 .text          0x0000000000080a94       0xec ../entrega3_bsp//libhal_bsp.a(alt_load.o)
                0x0000000000080afc                alt_load
 .text          0x0000000000080b80       0x7c ../entrega3_bsp//libhal_bsp.a(alt_main.o)
                0x0000000000080b80                alt_main
 .text          0x0000000000080bfc       0x30 ../entrega3_bsp//libhal_bsp.a(alt_usleep.o)
                0x0000000000080bfc                usleep
 .text          0x0000000000080c2c      0x13c ../entrega3_bsp//libhal_bsp.a(alt_write.o)
                0x0000000000080c68                write
 .text          0x0000000000080d68       0xa0 ../entrega3_bsp//libhal_bsp.a(alt_sys_init.o)
                0x0000000000080d9c                alt_irq_init
                0x0000000000080dd4                alt_sys_init
 .text          0x0000000000080e08       0xc0 ../entrega3_bsp//libhal_bsp.a(altera_avalon_jtag_uart_fd.o)
                0x0000000000080e08                altera_avalon_jtag_uart_read_fd
                0x0000000000080e68                altera_avalon_jtag_uart_write_fd
 .text          0x0000000000080ec8       0xec ../entrega3_bsp//libhal_bsp.a(altera_avalon_jtag_uart_read.o)
                0x0000000000080ec8                altera_avalon_jtag_uart_read
 .text          0x0000000000080fb4       0x94 ../entrega3_bsp//libhal_bsp.a(altera_avalon_jtag_uart_write.o)
                0x0000000000080fb4                altera_avalon_jtag_uart_write
 .text          0x0000000000081048      0x158 ../entrega3_bsp//libhal_bsp.a(alt_busy_sleep.o)
                0x0000000000081048                alt_busy_sleep
 .text          0x00000000000811a0      0x114 ../entrega3_bsp//libhal_bsp.a(alt_close.o)
                0x00000000000811dc                close
 .text          0x00000000000812b4       0x20 ../entrega3_bsp//libhal_bsp.a(alt_dcache_flush_all.o)
                0x00000000000812b4                alt_dcache_flush_all
 .text          0x00000000000812d4       0x2c ../entrega3_bsp//libhal_bsp.a(alt_dev.o)
 .text          0x0000000000081300       0xe0 ../entrega3_bsp//libhal_bsp.a(alt_dev_llist_insert.o)
                0x000000000008133c                alt_dev_llist_insert
 .text          0x00000000000813e0       0x60 ../entrega3_bsp//libhal_bsp.a(alt_do_ctors.o)
                0x00000000000813e0                _do_ctors
 .text          0x0000000000081440       0x60 ../entrega3_bsp//libhal_bsp.a(alt_do_dtors.o)
                0x0000000000081440                _do_dtors
 .text          0x00000000000814a0        0x0 ../entrega3_bsp//libhal_bsp.a(alt_errno.o)
 .text          0x00000000000814a0       0x20 ../entrega3_bsp//libhal_bsp.a(alt_icache_flush_all.o)
                0x00000000000814a0                alt_icache_flush_all
 .text          0x00000000000814c0      0x160 ../entrega3_bsp//libhal_bsp.a(alt_io_redirect.o)
                0x00000000000815a4                alt_io_redirect
 .text          0x0000000000081620      0x284 ../entrega3_bsp//libhal_bsp.a(alt_open.o)
                0x0000000000081748                open
 .text          0x00000000000818a4       0x84 ../entrega3_bsp//libhal_bsp.a(alt_release_fd.o)
                0x00000000000818a4                alt_release_fd
 .text          0x0000000000081928       0x24 ../entrega3_bsp//libhal_bsp.a(altera_nios2_gen2_irq.o)
                0x0000000000081928                altera_nios2_gen2_irq_init
 .text          0x000000000008194c       0x90 ../entrega3_bsp//libhal_bsp.a(alt_find_dev.o)
                0x000000000008194c                alt_find_dev
 .text          0x00000000000819dc      0x108 ../entrega3_bsp//libhal_bsp.a(alt_find_file.o)
                0x00000000000819dc                alt_find_file
 .text          0x0000000000081ae4       0xc4 ../entrega3_bsp//libhal_bsp.a(alt_get_fd.o)
                0x0000000000081ae4                alt_get_fd
 .text          0x0000000000081ba8        0x0 /home/marcelo/intelFPGA_lite/18.0/nios2eds/bin/gnu/H-x86_64-pc-linux-gnu/bin/../lib/gcc/nios2-elf/5.3.0/../../../../../H-x86_64-pc-linux-gnu/nios2-elf/lib/mno-hw-mul/libsmallc.a(lib_a-atexit.o)
 .text.atexit   0x0000000000081ba8       0x14 /home/marcelo/intelFPGA_lite/18.0/nios2eds/bin/gnu/H-x86_64-pc-linux-gnu/bin/../lib/gcc/nios2-elf/5.3.0/../../../../../H-x86_64-pc-linux-gnu/nios2-elf/lib/mno-hw-mul/libsmallc.a(lib_a-atexit.o)
                0x0000000000081ba8                atexit
 .text          0x0000000000081bbc        0x0 /home/marcelo/intelFPGA_lite/18.0/nios2eds/bin/gnu/H-x86_64-pc-linux-gnu/bin/../lib/gcc/nios2-elf/5.3.0/../../../../../H-x86_64-pc-linux-gnu/nios2-elf/lib/mno-hw-mul/libsmallc.a(lib_a-exit.o)
 .text.exit     0x0000000000081bbc       0x20 /home/marcelo/intelFPGA_lite/18.0/nios2eds/bin/gnu/H-x86_64-pc-linux-gnu/bin/../lib/gcc/nios2-elf/5.3.0/../../../../../H-x86_64-pc-linux-gnu/nios2-elf/lib/mno-hw-mul/libsmallc.a(lib_a-exit.o)
                0x0000000000081bbc                exit
 .text          0x0000000000081bdc        0x0 /home/marcelo/intelFPGA_lite/18.0/nios2eds/bin/gnu/H-x86_64-pc-linux-gnu/bin/../lib/gcc/nios2-elf/5.3.0/../../../../../H-x86_64-pc-linux-gnu/nios2-elf/lib/mno-hw-mul/libsmallc.a(lib_a-memcmp.o)
 .text.memcmp   0x0000000000081bdc       0x30 /home/marcelo/intelFPGA_lite/18.0/nios2eds/bin/gnu/H-x86_64-pc-linux-gnu/bin/../lib/gcc/nios2-elf/5.3.0/../../../../../H-x86_64-pc-linux-gnu/nios2-elf/lib/mno-hw-mul/libsmallc.a(lib_a-memcmp.o)
                0x0000000000081bdc                memcmp
 .text          0x0000000000081c0c        0x0 /home/marcelo/intelFPGA_lite/18.0/nios2eds/bin/gnu/H-x86_64-pc-linux-gnu/bin/../lib/gcc/nios2-elf/5.3.0/../../../../../H-x86_64-pc-linux-gnu/nios2-elf/lib/mno-hw-mul/libsmallc.a(lib_a-__atexit.o)
 .text.__register_exitproc
                0x0000000000081c0c      0x158 /home/marcelo/intelFPGA_lite/18.0/nios2eds/bin/gnu/H-x86_64-pc-linux-gnu/bin/../lib/gcc/nios2-elf/5.3.0/../../../../../H-x86_64-pc-linux-gnu/nios2-elf/lib/mno-hw-mul/libsmallc.a(lib_a-__atexit.o)
                0x0000000000081c0c                __register_exitproc
 .text          0x0000000000081d64        0x0 /home/marcelo/intelFPGA_lite/18.0/nios2eds/bin/gnu/H-x86_64-pc-linux-gnu/bin/../lib/gcc/nios2-elf/5.3.0/../../../../../H-x86_64-pc-linux-gnu/nios2-elf/lib/mno-hw-mul/libsmallc.a(lib_a-__call_atexit.o)
 .text.__call_exitprocs
                0x0000000000081d64      0x190 /home/marcelo/intelFPGA_lite/18.0/nios2eds/bin/gnu/H-x86_64-pc-linux-gnu/bin/../lib/gcc/nios2-elf/5.3.0/../../../../../H-x86_64-pc-linux-gnu/nios2-elf/lib/mno-hw-mul/libsmallc.a(lib_a-__call_atexit.o)
                0x0000000000081d64                __call_exitprocs
 .text          0x0000000000081ef4       0x34 ../entrega3_bsp//libhal_bsp.a(alt_exit.o)
                0x0000000000081ef4                _exit
 *(.gnu.warning.*)
 *(.fini)
                [!provide]                        PROVIDE (__etext, ABSOLUTE (.))
                [!provide]                        PROVIDE (_etext, ABSOLUTE (.))
                [!provide]                        PROVIDE (etext, ABSOLUTE (.))
 *(.eh_frame_hdr)
                0x0000000000081f28                . = ALIGN (0x4)
                [!provide]                        PROVIDE (__preinit_array_start, ABSOLUTE (.))
 *(.preinit_array)
                [!provide]                        PROVIDE (__preinit_array_end, ABSOLUTE (.))
                [!provide]                        PROVIDE (__init_array_start, ABSOLUTE (.))
 *(.init_array)
                [!provide]                        PROVIDE (__init_array_end, ABSOLUTE (.))
                [!provide]                        PROVIDE (__fini_array_start, ABSOLUTE (.))
 *(.fini_array)
                [!provide]                        PROVIDE (__fini_array_end, ABSOLUTE (.))
 *(.eh_frame)
 *(.gcc_except_table .gcc_except_table.*)
 *(.dynamic)
                0x0000000000081f28                PROVIDE (__CTOR_LIST__, ABSOLUTE (.))
 *(.ctors)
 *(SORT(.ctors.*))
                0x0000000000081f28                PROVIDE (__CTOR_END__, ABSOLUTE (.))
                0x0000000000081f28                PROVIDE (__DTOR_LIST__, ABSOLUTE (.))
 *(.dtors)
 *(SORT(.dtors.*))
                0x0000000000081f28                PROVIDE (__DTOR_END__, ABSOLUTE (.))
 *(.jcr)
                0x0000000000081f28                . = ALIGN (0x4)

.rodata         0x0000000000100000       0x50
                0x0000000000100000                PROVIDE (__ram_rodata_start, ABSOLUTE (.))
                0x0000000000100000                . = ALIGN (0x4)
 *(.rodata .rodata.* .gnu.linkonce.r.*)
 .rodata        0x0000000000100000       0x15 obj/default/hello_world.o
 *fill*         0x0000000000100015        0x3 
 .rodata.str1.4
                0x0000000000100018        0x4 /home/marcelo/intelFPGA_lite/18.0/nios2eds/bin/gnu/H-x86_64-pc-linux-gnu/bin/../lib/gcc/nios2-elf/5.3.0/../../../../../H-x86_64-pc-linux-gnu/nios2-elf/lib/mno-hw-mul/libsmallc.a(lib_a-puts.o)
                                          0x2 (size before relaxing)
 .rodata        0x000000000010001c       0x11 ../entrega3_bsp//libhal_bsp.a(alt_main.o)
 *fill*         0x000000000010002d        0x3 
 .rodata        0x0000000000100030       0x11 ../entrega3_bsp//libhal_bsp.a(alt_sys_init.o)
 *fill*         0x0000000000100041        0x3 
 .rodata        0x0000000000100044        0xa ../entrega3_bsp//libhal_bsp.a(alt_dev.o)
 *(.rodata1)
                0x0000000000100050                . = ALIGN (0x4)
 *fill*         0x000000000010004e        0x2 
                0x0000000000100050                PROVIDE (__ram_rodata_end, ABSOLUTE (.))
                0x0000000000100000                PROVIDE (__flash_rodata_start, LOADADDR (.rodata))

.rwdata         0x0000000000100050      0x2d4 load address 0x0000000000081f28
                0x0000000000100050                PROVIDE (__ram_rwdata_start, ABSOLUTE (.))
                0x0000000000100050                . = ALIGN (0x4)
 *(.got.plt)
 *(.got)
 *(.data1)
 *(.data .data.* .gnu.linkonce.d.*)
 .data          0x0000000000100050        0x0 ../entrega3_bsp//obj/HAL/src/crt0.o
 .data          0x0000000000100050        0x0 obj/default/hello_world.o
 .data          0x0000000000100050        0x0 /home/marcelo/intelFPGA_lite/18.0/nios2eds/bin/gnu/H-x86_64-pc-linux-gnu/bin/../lib/gcc/nios2-elf/5.3.0/../../../../../H-x86_64-pc-linux-gnu/nios2-elf/lib/mno-hw-mul/libsmallc.a(lib_a-printf.o)
 .data          0x0000000000100050        0x0 /home/marcelo/intelFPGA_lite/18.0/nios2eds/bin/gnu/H-x86_64-pc-linux-gnu/bin/../lib/gcc/nios2-elf/5.3.0/../../../../../H-x86_64-pc-linux-gnu/nios2-elf/lib/mno-hw-mul/libsmallc.a(lib_a-puts.o)
 .data          0x0000000000100050        0x0 /home/marcelo/intelFPGA_lite/18.0/nios2eds/bin/gnu/H-x86_64-pc-linux-gnu/bin/../lib/gcc/nios2-elf/5.3.0/../../../../../H-x86_64-pc-linux-gnu/nios2-elf/lib/mno-hw-mul/libsmallc.a(lib_a-strlen.o)
 .data          0x0000000000100050        0x0 /home/marcelo/intelFPGA_lite/18.0/nios2eds/bin/gnu/H-x86_64-pc-linux-gnu/bin/../lib/gcc/nios2-elf/5.3.0/../../../../../H-x86_64-pc-linux-gnu/nios2-elf/lib/mno-hw-mul/libsmallc.a(lib_a-vfprintf.o)
 .data          0x0000000000100050        0x0 /home/marcelo/intelFPGA_lite/18.0/nios2eds/bin/gnu/H-x86_64-pc-linux-gnu/bin/../lib/gcc/nios2-elf/5.3.0/../../../../../H-x86_64-pc-linux-gnu/nios2-elf/lib/mno-hw-mul/libsmallc.a(lib_a-fvwrite_small_dev.o)
 .data          0x0000000000100050        0x0 /home/marcelo/intelFPGA_lite/18.0/nios2eds/bin/gnu/H-x86_64-pc-linux-gnu/bin/../lib/gcc/nios2-elf/5.3.0/../../../../../H-x86_64-pc-linux-gnu/nios2-elf/lib/mno-hw-mul/libsmallc.a(lib_a-impure.o)
 .data.impure_data
                0x0000000000100050       0xe0 /home/marcelo/intelFPGA_lite/18.0/nios2eds/bin/gnu/H-x86_64-pc-linux-gnu/bin/../lib/gcc/nios2-elf/5.3.0/../../../../../H-x86_64-pc-linux-gnu/nios2-elf/lib/mno-hw-mul/libsmallc.a(lib_a-impure.o)
 .data          0x0000000000100130        0x0 /home/marcelo/intelFPGA_lite/18.0/nios2eds/bin/gnu/H-x86_64-pc-linux-gnu/bin/../lib/gcc/nios2-elf/5.3.0/../../../../../H-x86_64-pc-linux-gnu/nios2-elf/lib/mno-hw-mul/libsmallc.a(lib_a-writer.o)
 .data          0x0000000000100130        0x0 /home/marcelo/intelFPGA_lite/18.0/nios2eds/bin/gnu/H-x86_64-pc-linux-gnu/bin/../lib/gcc/nios2-elf/5.3.0/../../../../../H-x86_64-pc-linux-gnu/nios2-elf/lib/mno-hw-mul/libsmallc.a(lib_a-int_errno.o)
 .data          0x0000000000100130        0x0 /home/marcelo/intelFPGA_lite/18.0/nios2eds/bin/gnu/H-x86_64-pc-linux-gnu/bin/../lib/gcc/nios2-elf/5.3.0/mno-hw-mul/libgcc.a(lib2-divmod.o)
 .data          0x0000000000100130        0x0 /home/marcelo/intelFPGA_lite/18.0/nios2eds/bin/gnu/H-x86_64-pc-linux-gnu/bin/../lib/gcc/nios2-elf/5.3.0/mno-hw-mul/libgcc.a(lib2-mul.o)
 .data          0x0000000000100130        0x0 ../entrega3_bsp//libhal_bsp.a(alt_load.o)
 .data          0x0000000000100130        0x0 ../entrega3_bsp//libhal_bsp.a(alt_main.o)
 .data          0x0000000000100130        0x0 ../entrega3_bsp//libhal_bsp.a(alt_usleep.o)
 .data          0x0000000000100130        0x0 ../entrega3_bsp//libhal_bsp.a(alt_write.o)
 .data          0x0000000000100130       0x2c ../entrega3_bsp//libhal_bsp.a(alt_sys_init.o)
 .data          0x000000000010015c        0x0 ../entrega3_bsp//libhal_bsp.a(altera_avalon_jtag_uart_fd.o)
 .data          0x000000000010015c        0x0 ../entrega3_bsp//libhal_bsp.a(altera_avalon_jtag_uart_read.o)
 .data          0x000000000010015c        0x0 ../entrega3_bsp//libhal_bsp.a(altera_avalon_jtag_uart_write.o)
 .data          0x000000000010015c        0x0 ../entrega3_bsp//libhal_bsp.a(alt_busy_sleep.o)
 .data          0x000000000010015c        0x0 ../entrega3_bsp//libhal_bsp.a(alt_close.o)
 .data          0x000000000010015c        0x0 ../entrega3_bsp//libhal_bsp.a(alt_dcache_flush_all.o)
 .data          0x000000000010015c      0x1a8 ../entrega3_bsp//libhal_bsp.a(alt_dev.o)
                0x000000000010015c                alt_dev_null
                0x0000000000100184                alt_fd_list
 .data          0x0000000000100304        0x0 ../entrega3_bsp//libhal_bsp.a(alt_dev_llist_insert.o)
 .data          0x0000000000100304        0x0 ../entrega3_bsp//libhal_bsp.a(alt_do_ctors.o)
 .data          0x0000000000100304        0x0 ../entrega3_bsp//libhal_bsp.a(alt_do_dtors.o)
 .data          0x0000000000100304        0x0 ../entrega3_bsp//libhal_bsp.a(alt_errno.o)
 .data          0x0000000000100304        0x0 ../entrega3_bsp//libhal_bsp.a(alt_icache_flush_all.o)
 .data          0x0000000000100304        0x0 ../entrega3_bsp//libhal_bsp.a(alt_io_redirect.o)
 .data          0x0000000000100304        0x0 ../entrega3_bsp//libhal_bsp.a(alt_open.o)
 .data          0x0000000000100304        0x0 ../entrega3_bsp//libhal_bsp.a(alt_release_fd.o)
 .data          0x0000000000100304        0x0 ../entrega3_bsp//libhal_bsp.a(altera_nios2_gen2_irq.o)
 .data          0x0000000000100304        0x0 ../entrega3_bsp//libhal_bsp.a(alt_find_dev.o)
 .data          0x0000000000100304        0x0 ../entrega3_bsp//libhal_bsp.a(alt_find_file.o)
 .data          0x0000000000100304        0x0 ../entrega3_bsp//libhal_bsp.a(alt_get_fd.o)
 .data          0x0000000000100304        0x0 /home/marcelo/intelFPGA_lite/18.0/nios2eds/bin/gnu/H-x86_64-pc-linux-gnu/bin/../lib/gcc/nios2-elf/5.3.0/../../../../../H-x86_64-pc-linux-gnu/nios2-elf/lib/mno-hw-mul/libsmallc.a(lib_a-atexit.o)
 .data          0x0000000000100304        0x0 /home/marcelo/intelFPGA_lite/18.0/nios2eds/bin/gnu/H-x86_64-pc-linux-gnu/bin/../lib/gcc/nios2-elf/5.3.0/../../../../../H-x86_64-pc-linux-gnu/nios2-elf/lib/mno-hw-mul/libsmallc.a(lib_a-exit.o)
 .data          0x0000000000100304        0x0 /home/marcelo/intelFPGA_lite/18.0/nios2eds/bin/gnu/H-x86_64-pc-linux-gnu/bin/../lib/gcc/nios2-elf/5.3.0/../../../../../H-x86_64-pc-linux-gnu/nios2-elf/lib/mno-hw-mul/libsmallc.a(lib_a-memcmp.o)
 .data          0x0000000000100304        0x0 /home/marcelo/intelFPGA_lite/18.0/nios2eds/bin/gnu/H-x86_64-pc-linux-gnu/bin/../lib/gcc/nios2-elf/5.3.0/../../../../../H-x86_64-pc-linux-gnu/nios2-elf/lib/mno-hw-mul/libsmallc.a(lib_a-__atexit.o)
 .data          0x0000000000100304        0x0 /home/marcelo/intelFPGA_lite/18.0/nios2eds/bin/gnu/H-x86_64-pc-linux-gnu/bin/../lib/gcc/nios2-elf/5.3.0/../../../../../H-x86_64-pc-linux-gnu/nios2-elf/lib/mno-hw-mul/libsmallc.a(lib_a-__call_atexit.o)
 .data          0x0000000000100304        0x0 ../entrega3_bsp//libhal_bsp.a(alt_exit.o)
                0x0000000000108304                _gp = ABSOLUTE ((. + 0x8000))
                [!provide]                        PROVIDE (gp, _gp)
 *(.rwdata .rwdata.*)
 *(.sdata .sdata.* .gnu.linkonce.s.*)
 .sdata._global_impure_ptr
                0x0000000000100304        0x4 /home/marcelo/intelFPGA_lite/18.0/nios2eds/bin/gnu/H-x86_64-pc-linux-gnu/bin/../lib/gcc/nios2-elf/5.3.0/../../../../../H-x86_64-pc-linux-gnu/nios2-elf/lib/mno-hw-mul/libsmallc.a(lib_a-impure.o)
                0x0000000000100304                _global_impure_ptr
 .sdata._impure_ptr
                0x0000000000100308        0x4 /home/marcelo/intelFPGA_lite/18.0/nios2eds/bin/gnu/H-x86_64-pc-linux-gnu/bin/../lib/gcc/nios2-elf/5.3.0/../../../../../H-x86_64-pc-linux-gnu/nios2-elf/lib/mno-hw-mul/libsmallc.a(lib_a-impure.o)
                0x0000000000100308                _impure_ptr
 .sdata         0x000000000010030c       0x14 ../entrega3_bsp//libhal_bsp.a(alt_dev.o)
                0x000000000010030c                alt_fs_list
                0x0000000000100314                alt_dev_list
                0x000000000010031c                alt_max_fd
 .sdata         0x0000000000100320        0x4 ../entrega3_bsp//libhal_bsp.a(alt_errno.o)
                0x0000000000100320                alt_errno
 *(.sdata2 .sdata2.* .gnu.linkonce.s2.*)
                0x0000000000100324                . = ALIGN (0x4)
                0x0000000000100324                _edata = ABSOLUTE (.)
                [!provide]                        PROVIDE (edata, ABSOLUTE (.))
                0x0000000000100324                PROVIDE (__ram_rwdata_end, ABSOLUTE (.))
                0x0000000000081f28                PROVIDE (__flash_rwdata_start, LOADADDR (.rwdata))

.bss            0x0000000000100324       0x10 load address 0x00000000000821fc
                0x0000000000100324                __bss_start = ABSOLUTE (.)
                [!provide]                        PROVIDE (__sbss_start, ABSOLUTE (.))
                [!provide]                        PROVIDE (___sbss_start, ABSOLUTE (.))
 *(.dynsbss)
 *(.sbss .sbss.* .gnu.linkonce.sb.*)
 .sbss          0x0000000000100324        0x4 /home/marcelo/intelFPGA_lite/18.0/nios2eds/bin/gnu/H-x86_64-pc-linux-gnu/bin/../lib/gcc/nios2-elf/5.3.0/../../../../../H-x86_64-pc-linux-gnu/nios2-elf/lib/mno-hw-mul/libsmallc.a(lib_a-int_errno.o)
                0x0000000000100324                errno
 .sbss          0x0000000000100328        0xc ../entrega3_bsp//libhal_bsp.a(alt_main.o)
                0x0000000000100328                alt_argc
                0x000000000010032c                alt_argv
                0x0000000000100330                alt_envp
 *(.sbss2 .sbss2.* .gnu.linkonce.sb2.*)
 *(.scommon)
                [!provide]                        PROVIDE (__sbss_end, ABSOLUTE (.))
                [!provide]                        PROVIDE (___sbss_end, ABSOLUTE (.))
 *(.dynbss)
 *(.bss .bss.* .gnu.linkonce.b.*)
 .bss           0x0000000000100334        0x0 ../entrega3_bsp//obj/HAL/src/crt0.o
 .bss           0x0000000000100334        0x0 obj/default/hello_world.o
 .bss           0x0000000000100334        0x0 /home/marcelo/intelFPGA_lite/18.0/nios2eds/bin/gnu/H-x86_64-pc-linux-gnu/bin/../lib/gcc/nios2-elf/5.3.0/../../../../../H-x86_64-pc-linux-gnu/nios2-elf/lib/mno-hw-mul/libsmallc.a(lib_a-printf.o)
 .bss           0x0000000000100334        0x0 /home/marcelo/intelFPGA_lite/18.0/nios2eds/bin/gnu/H-x86_64-pc-linux-gnu/bin/../lib/gcc/nios2-elf/5.3.0/../../../../../H-x86_64-pc-linux-gnu/nios2-elf/lib/mno-hw-mul/libsmallc.a(lib_a-puts.o)
 .bss           0x0000000000100334        0x0 /home/marcelo/intelFPGA_lite/18.0/nios2eds/bin/gnu/H-x86_64-pc-linux-gnu/bin/../lib/gcc/nios2-elf/5.3.0/../../../../../H-x86_64-pc-linux-gnu/nios2-elf/lib/mno-hw-mul/libsmallc.a(lib_a-strlen.o)
 .bss           0x0000000000100334        0x0 /home/marcelo/intelFPGA_lite/18.0/nios2eds/bin/gnu/H-x86_64-pc-linux-gnu/bin/../lib/gcc/nios2-elf/5.3.0/../../../../../H-x86_64-pc-linux-gnu/nios2-elf/lib/mno-hw-mul/libsmallc.a(lib_a-vfprintf.o)
 .bss           0x0000000000100334        0x0 /home/marcelo/intelFPGA_lite/18.0/nios2eds/bin/gnu/H-x86_64-pc-linux-gnu/bin/../lib/gcc/nios2-elf/5.3.0/../../../../../H-x86_64-pc-linux-gnu/nios2-elf/lib/mno-hw-mul/libsmallc.a(lib_a-fvwrite_small_dev.o)
 .bss           0x0000000000100334        0x0 /home/marcelo/intelFPGA_lite/18.0/nios2eds/bin/gnu/H-x86_64-pc-linux-gnu/bin/../lib/gcc/nios2-elf/5.3.0/../../../../../H-x86_64-pc-linux-gnu/nios2-elf/lib/mno-hw-mul/libsmallc.a(lib_a-impure.o)
 .bss           0x0000000000100334        0x0 /home/marcelo/intelFPGA_lite/18.0/nios2eds/bin/gnu/H-x86_64-pc-linux-gnu/bin/../lib/gcc/nios2-elf/5.3.0/../../../../../H-x86_64-pc-linux-gnu/nios2-elf/lib/mno-hw-mul/libsmallc.a(lib_a-writer.o)
 .bss           0x0000000000100334        0x0 /home/marcelo/intelFPGA_lite/18.0/nios2eds/bin/gnu/H-x86_64-pc-linux-gnu/bin/../lib/gcc/nios2-elf/5.3.0/../../../../../H-x86_64-pc-linux-gnu/nios2-elf/lib/mno-hw-mul/libsmallc.a(lib_a-int_errno.o)
 .bss           0x0000000000100334        0x0 /home/marcelo/intelFPGA_lite/18.0/nios2eds/bin/gnu/H-x86_64-pc-linux-gnu/bin/../lib/gcc/nios2-elf/5.3.0/mno-hw-mul/libgcc.a(lib2-divmod.o)
 .bss           0x0000000000100334        0x0 /home/marcelo/intelFPGA_lite/18.0/nios2eds/bin/gnu/H-x86_64-pc-linux-gnu/bin/../lib/gcc/nios2-elf/5.3.0/mno-hw-mul/libgcc.a(lib2-mul.o)
 .bss           0x0000000000100334        0x0 ../entrega3_bsp//libhal_bsp.a(alt_load.o)
 .bss           0x0000000000100334        0x0 ../entrega3_bsp//libhal_bsp.a(alt_main.o)
 .bss           0x0000000000100334        0x0 ../entrega3_bsp//libhal_bsp.a(alt_usleep.o)
 .bss           0x0000000000100334        0x0 ../entrega3_bsp//libhal_bsp.a(alt_write.o)
 .bss           0x0000000000100334        0x0 ../entrega3_bsp//libhal_bsp.a(alt_sys_init.o)
 .bss           0x0000000000100334        0x0 ../entrega3_bsp//libhal_bsp.a(altera_avalon_jtag_uart_fd.o)
 .bss           0x0000000000100334        0x0 ../entrega3_bsp//libhal_bsp.a(altera_avalon_jtag_uart_read.o)
 .bss           0x0000000000100334        0x0 ../entrega3_bsp//libhal_bsp.a(altera_avalon_jtag_uart_write.o)
 .bss           0x0000000000100334        0x0 ../entrega3_bsp//libhal_bsp.a(alt_busy_sleep.o)
 .bss           0x0000000000100334        0x0 ../entrega3_bsp//libhal_bsp.a(alt_close.o)
 .bss           0x0000000000100334        0x0 ../entrega3_bsp//libhal_bsp.a(alt_dcache_flush_all.o)
 .bss           0x0000000000100334        0x0 ../entrega3_bsp//libhal_bsp.a(alt_dev.o)
 .bss           0x0000000000100334        0x0 ../entrega3_bsp//libhal_bsp.a(alt_dev_llist_insert.o)
 .bss           0x0000000000100334        0x0 ../entrega3_bsp//libhal_bsp.a(alt_do_ctors.o)
 .bss           0x0000000000100334        0x0 ../entrega3_bsp//libhal_bsp.a(alt_do_dtors.o)
 .bss           0x0000000000100334        0x0 ../entrega3_bsp//libhal_bsp.a(alt_errno.o)
 .bss           0x0000000000100334        0x0 ../entrega3_bsp//libhal_bsp.a(alt_icache_flush_all.o)
 .bss           0x0000000000100334        0x0 ../entrega3_bsp//libhal_bsp.a(alt_io_redirect.o)
 .bss           0x0000000000100334        0x0 ../entrega3_bsp//libhal_bsp.a(alt_open.o)
 .bss           0x0000000000100334        0x0 ../entrega3_bsp//libhal_bsp.a(alt_release_fd.o)
 .bss           0x0000000000100334        0x0 ../entrega3_bsp//libhal_bsp.a(altera_nios2_gen2_irq.o)
 .bss           0x0000000000100334        0x0 ../entrega3_bsp//libhal_bsp.a(alt_find_dev.o)
 .bss           0x0000000000100334        0x0 ../entrega3_bsp//libhal_bsp.a(alt_find_file.o)
 .bss           0x0000000000100334        0x0 ../entrega3_bsp//libhal_bsp.a(alt_get_fd.o)
 .bss           0x0000000000100334        0x0 /home/marcelo/intelFPGA_lite/18.0/nios2eds/bin/gnu/H-x86_64-pc-linux-gnu/bin/../lib/gcc/nios2-elf/5.3.0/../../../../../H-x86_64-pc-linux-gnu/nios2-elf/lib/mno-hw-mul/libsmallc.a(lib_a-atexit.o)
 .bss           0x0000000000100334        0x0 /home/marcelo/intelFPGA_lite/18.0/nios2eds/bin/gnu/H-x86_64-pc-linux-gnu/bin/../lib/gcc/nios2-elf/5.3.0/../../../../../H-x86_64-pc-linux-gnu/nios2-elf/lib/mno-hw-mul/libsmallc.a(lib_a-exit.o)
 .bss           0x0000000000100334        0x0 /home/marcelo/intelFPGA_lite/18.0/nios2eds/bin/gnu/H-x86_64-pc-linux-gnu/bin/../lib/gcc/nios2-elf/5.3.0/../../../../../H-x86_64-pc-linux-gnu/nios2-elf/lib/mno-hw-mul/libsmallc.a(lib_a-memcmp.o)
 .bss           0x0000000000100334        0x0 /home/marcelo/intelFPGA_lite/18.0/nios2eds/bin/gnu/H-x86_64-pc-linux-gnu/bin/../lib/gcc/nios2-elf/5.3.0/../../../../../H-x86_64-pc-linux-gnu/nios2-elf/lib/mno-hw-mul/libsmallc.a(lib_a-__atexit.o)
 .bss           0x0000000000100334        0x0 /home/marcelo/intelFPGA_lite/18.0/nios2eds/bin/gnu/H-x86_64-pc-linux-gnu/bin/../lib/gcc/nios2-elf/5.3.0/../../../../../H-x86_64-pc-linux-gnu/nios2-elf/lib/mno-hw-mul/libsmallc.a(lib_a-__call_atexit.o)
 .bss           0x0000000000100334        0x0 ../entrega3_bsp//libhal_bsp.a(alt_exit.o)
 *(COMMON)
                0x0000000000100334                . = ALIGN (0x4)
                0x0000000000100334                __bss_end = ABSOLUTE (.)

.program_memory
                0x00000000000821fc        0x0
                [!provide]                        PROVIDE (_alt_partition_program_memory_start, ABSOLUTE (.))
 *(.program_memory .program_memory. program_memory.*)
                0x00000000000821fc                . = ALIGN (0x4)
                [!provide]                        PROVIDE (_alt_partition_program_memory_end, ABSOLUTE (.))
                [!provide]                        PROVIDE (_alt_partition_program_memory_load_addr, LOADADDR (.program_memory))

.data_memory    0x0000000000100334        0x0 load address 0x00000000000821fc
                [!provide]                        PROVIDE (_alt_partition_data_memory_start, ABSOLUTE (.))
 *(.data_memory .data_memory. data_memory.*)
                0x0000000000100334                . = ALIGN (0x4)
                [!provide]                        PROVIDE (_alt_partition_data_memory_end, ABSOLUTE (.))
                0x0000000000100334                _end = ABSOLUTE (.)
                0x0000000000100334                end = ABSOLUTE (.)
                0x0000000000100334                __alt_stack_base = ABSOLUTE (.)
                [!provide]                        PROVIDE (_alt_partition_data_memory_load_addr, LOADADDR (.data_memory))

.stab
 *(.stab)

.stabstr
 *(.stabstr)

.stab.excl
 *(.stab.excl)

.stab.exclstr
 *(.stab.exclstr)

.stab.index
 *(.stab.index)

.stab.indexstr
 *(.stab.indexstr)

.comment        0x0000000000000000       0x23
 *(.comment)
 .comment       0x0000000000000000       0x23 obj/default/hello_world.o
                                         0x24 (size before relaxing)
 .comment       0x0000000000000023       0x24 /home/marcelo/intelFPGA_lite/18.0/nios2eds/bin/gnu/H-x86_64-pc-linux-gnu/bin/../lib/gcc/nios2-elf/5.3.0/../../../../../H-x86_64-pc-linux-gnu/nios2-elf/lib/mno-hw-mul/libsmallc.a(lib_a-printf.o)
 .comment       0x0000000000000023       0x24 /home/marcelo/intelFPGA_lite/18.0/nios2eds/bin/gnu/H-x86_64-pc-linux-gnu/bin/../lib/gcc/nios2-elf/5.3.0/../../../../../H-x86_64-pc-linux-gnu/nios2-elf/lib/mno-hw-mul/libsmallc.a(lib_a-puts.o)
 .comment       0x0000000000000023       0x24 /home/marcelo/intelFPGA_lite/18.0/nios2eds/bin/gnu/H-x86_64-pc-linux-gnu/bin/../lib/gcc/nios2-elf/5.3.0/../../../../../H-x86_64-pc-linux-gnu/nios2-elf/lib/mno-hw-mul/libsmallc.a(lib_a-strlen.o)
 .comment       0x0000000000000023       0x24 /home/marcelo/intelFPGA_lite/18.0/nios2eds/bin/gnu/H-x86_64-pc-linux-gnu/bin/../lib/gcc/nios2-elf/5.3.0/../../../../../H-x86_64-pc-linux-gnu/nios2-elf/lib/mno-hw-mul/libsmallc.a(lib_a-vfprintf.o)
 .comment       0x0000000000000023       0x24 /home/marcelo/intelFPGA_lite/18.0/nios2eds/bin/gnu/H-x86_64-pc-linux-gnu/bin/../lib/gcc/nios2-elf/5.3.0/../../../../../H-x86_64-pc-linux-gnu/nios2-elf/lib/mno-hw-mul/libsmallc.a(lib_a-fvwrite_small_dev.o)
 .comment       0x0000000000000023       0x24 /home/marcelo/intelFPGA_lite/18.0/nios2eds/bin/gnu/H-x86_64-pc-linux-gnu/bin/../lib/gcc/nios2-elf/5.3.0/../../../../../H-x86_64-pc-linux-gnu/nios2-elf/lib/mno-hw-mul/libsmallc.a(lib_a-impure.o)
 .comment       0x0000000000000023       0x24 /home/marcelo/intelFPGA_lite/18.0/nios2eds/bin/gnu/H-x86_64-pc-linux-gnu/bin/../lib/gcc/nios2-elf/5.3.0/../../../../../H-x86_64-pc-linux-gnu/nios2-elf/lib/mno-hw-mul/libsmallc.a(lib_a-writer.o)
 .comment       0x0000000000000023       0x24 /home/marcelo/intelFPGA_lite/18.0/nios2eds/bin/gnu/H-x86_64-pc-linux-gnu/bin/../lib/gcc/nios2-elf/5.3.0/../../../../../H-x86_64-pc-linux-gnu/nios2-elf/lib/mno-hw-mul/libsmallc.a(lib_a-int_errno.o)
 .comment       0x0000000000000023       0x24 /home/marcelo/intelFPGA_lite/18.0/nios2eds/bin/gnu/H-x86_64-pc-linux-gnu/bin/../lib/gcc/nios2-elf/5.3.0/mno-hw-mul/libgcc.a(lib2-divmod.o)
 .comment       0x0000000000000023       0x24 /home/marcelo/intelFPGA_lite/18.0/nios2eds/bin/gnu/H-x86_64-pc-linux-gnu/bin/../lib/gcc/nios2-elf/5.3.0/mno-hw-mul/libgcc.a(lib2-mul.o)
 .comment       0x0000000000000023       0x24 ../entrega3_bsp//libhal_bsp.a(alt_load.o)
 .comment       0x0000000000000023       0x24 ../entrega3_bsp//libhal_bsp.a(alt_main.o)
 .comment       0x0000000000000023       0x24 ../entrega3_bsp//libhal_bsp.a(alt_usleep.o)
 .comment       0x0000000000000023       0x24 ../entrega3_bsp//libhal_bsp.a(alt_write.o)
 .comment       0x0000000000000023       0x24 ../entrega3_bsp//libhal_bsp.a(alt_sys_init.o)
 .comment       0x0000000000000023       0x24 ../entrega3_bsp//libhal_bsp.a(altera_avalon_jtag_uart_fd.o)
 .comment       0x0000000000000023       0x24 ../entrega3_bsp//libhal_bsp.a(altera_avalon_jtag_uart_read.o)
 .comment       0x0000000000000023       0x24 ../entrega3_bsp//libhal_bsp.a(altera_avalon_jtag_uart_write.o)
 .comment       0x0000000000000023       0x24 ../entrega3_bsp//libhal_bsp.a(alt_busy_sleep.o)
 .comment       0x0000000000000023       0x24 ../entrega3_bsp//libhal_bsp.a(alt_close.o)
 .comment       0x0000000000000023       0x24 ../entrega3_bsp//libhal_bsp.a(alt_dcache_flush_all.o)
 .comment       0x0000000000000023       0x24 ../entrega3_bsp//libhal_bsp.a(alt_dev.o)
 .comment       0x0000000000000023       0x24 ../entrega3_bsp//libhal_bsp.a(alt_dev_llist_insert.o)
 .comment       0x0000000000000023       0x24 ../entrega3_bsp//libhal_bsp.a(alt_do_ctors.o)
 .comment       0x0000000000000023       0x24 ../entrega3_bsp//libhal_bsp.a(alt_do_dtors.o)
 .comment       0x0000000000000023       0x24 ../entrega3_bsp//libhal_bsp.a(alt_errno.o)
 .comment       0x0000000000000023       0x24 ../entrega3_bsp//libhal_bsp.a(alt_icache_flush_all.o)
 .comment       0x0000000000000023       0x24 ../entrega3_bsp//libhal_bsp.a(alt_io_redirect.o)
 .comment       0x0000000000000023       0x24 ../entrega3_bsp//libhal_bsp.a(alt_open.o)
 .comment       0x0000000000000023       0x24 ../entrega3_bsp//libhal_bsp.a(alt_release_fd.o)
 .comment       0x0000000000000023       0x24 ../entrega3_bsp//libhal_bsp.a(altera_nios2_gen2_irq.o)
 .comment       0x0000000000000023       0x24 ../entrega3_bsp//libhal_bsp.a(alt_find_dev.o)
 .comment       0x0000000000000023       0x24 ../entrega3_bsp//libhal_bsp.a(alt_find_file.o)
 .comment       0x0000000000000023       0x24 ../entrega3_bsp//libhal_bsp.a(alt_get_fd.o)
 .comment       0x0000000000000023       0x24 /home/marcelo/intelFPGA_lite/18.0/nios2eds/bin/gnu/H-x86_64-pc-linux-gnu/bin/../lib/gcc/nios2-elf/5.3.0/../../../../../H-x86_64-pc-linux-gnu/nios2-elf/lib/mno-hw-mul/libsmallc.a(lib_a-atexit.o)
 .comment       0x0000000000000023       0x24 /home/marcelo/intelFPGA_lite/18.0/nios2eds/bin/gnu/H-x86_64-pc-linux-gnu/bin/../lib/gcc/nios2-elf/5.3.0/../../../../../H-x86_64-pc-linux-gnu/nios2-elf/lib/mno-hw-mul/libsmallc.a(lib_a-exit.o)
 .comment       0x0000000000000023       0x24 /home/marcelo/intelFPGA_lite/18.0/nios2eds/bin/gnu/H-x86_64-pc-linux-gnu/bin/../lib/gcc/nios2-elf/5.3.0/../../../../../H-x86_64-pc-linux-gnu/nios2-elf/lib/mno-hw-mul/libsmallc.a(lib_a-memcmp.o)
 .comment       0x0000000000000023       0x24 /home/marcelo/intelFPGA_lite/18.0/nios2eds/bin/gnu/H-x86_64-pc-linux-gnu/bin/../lib/gcc/nios2-elf/5.3.0/../../../../../H-x86_64-pc-linux-gnu/nios2-elf/lib/mno-hw-mul/libsmallc.a(lib_a-__atexit.o)
 .comment       0x0000000000000023       0x24 /home/marcelo/intelFPGA_lite/18.0/nios2eds/bin/gnu/H-x86_64-pc-linux-gnu/bin/../lib/gcc/nios2-elf/5.3.0/../../../../../H-x86_64-pc-linux-gnu/nios2-elf/lib/mno-hw-mul/libsmallc.a(lib_a-__call_atexit.o)
 .comment       0x0000000000000023       0x24 ../entrega3_bsp//libhal_bsp.a(alt_exit.o)

.debug
 *(.debug)

.line
 *(.line)

.debug_srcinfo
 *(.debug_srcinfo)

.debug_sfnames
 *(.debug_sfnames)

.debug_aranges  0x0000000000000000      0x550
 *(.debug_aranges)
 .debug_aranges
                0x0000000000000000       0x28 ../entrega3_bsp//obj/HAL/src/crt0.o
 .debug_aranges
                0x0000000000000028       0x20 obj/default/hello_world.o
 .debug_aranges
                0x0000000000000048       0x28 /home/marcelo/intelFPGA_lite/18.0/nios2eds/bin/gnu/H-x86_64-pc-linux-gnu/bin/../lib/gcc/nios2-elf/5.3.0/../../../../../H-x86_64-pc-linux-gnu/nios2-elf/lib/mno-hw-mul/libsmallc.a(lib_a-printf.o)
 .debug_aranges
                0x0000000000000070       0x28 /home/marcelo/intelFPGA_lite/18.0/nios2eds/bin/gnu/H-x86_64-pc-linux-gnu/bin/../lib/gcc/nios2-elf/5.3.0/../../../../../H-x86_64-pc-linux-gnu/nios2-elf/lib/mno-hw-mul/libsmallc.a(lib_a-puts.o)
 .debug_aranges
                0x0000000000000098       0x20 /home/marcelo/intelFPGA_lite/18.0/nios2eds/bin/gnu/H-x86_64-pc-linux-gnu/bin/../lib/gcc/nios2-elf/5.3.0/../../../../../H-x86_64-pc-linux-gnu/nios2-elf/lib/mno-hw-mul/libsmallc.a(lib_a-strlen.o)
 .debug_aranges
                0x00000000000000b8       0x30 /home/marcelo/intelFPGA_lite/18.0/nios2eds/bin/gnu/H-x86_64-pc-linux-gnu/bin/../lib/gcc/nios2-elf/5.3.0/../../../../../H-x86_64-pc-linux-gnu/nios2-elf/lib/mno-hw-mul/libsmallc.a(lib_a-vfprintf.o)
 .debug_aranges
                0x00000000000000e8       0x20 /home/marcelo/intelFPGA_lite/18.0/nios2eds/bin/gnu/H-x86_64-pc-linux-gnu/bin/../lib/gcc/nios2-elf/5.3.0/../../../../../H-x86_64-pc-linux-gnu/nios2-elf/lib/mno-hw-mul/libsmallc.a(lib_a-fvwrite_small_dev.o)
 .debug_aranges
                0x0000000000000108       0x18 /home/marcelo/intelFPGA_lite/18.0/nios2eds/bin/gnu/H-x86_64-pc-linux-gnu/bin/../lib/gcc/nios2-elf/5.3.0/../../../../../H-x86_64-pc-linux-gnu/nios2-elf/lib/mno-hw-mul/libsmallc.a(lib_a-impure.o)
 .debug_aranges
                0x0000000000000120       0x20 /home/marcelo/intelFPGA_lite/18.0/nios2eds/bin/gnu/H-x86_64-pc-linux-gnu/bin/../lib/gcc/nios2-elf/5.3.0/../../../../../H-x86_64-pc-linux-gnu/nios2-elf/lib/mno-hw-mul/libsmallc.a(lib_a-writer.o)
 .debug_aranges
                0x0000000000000140       0x18 /home/marcelo/intelFPGA_lite/18.0/nios2eds/bin/gnu/H-x86_64-pc-linux-gnu/bin/../lib/gcc/nios2-elf/5.3.0/../../../../../H-x86_64-pc-linux-gnu/nios2-elf/lib/mno-hw-mul/libsmallc.a(lib_a-int_errno.o)
 .debug_aranges
                0x0000000000000158       0x20 /home/marcelo/intelFPGA_lite/18.0/nios2eds/bin/gnu/H-x86_64-pc-linux-gnu/bin/../lib/gcc/nios2-elf/5.3.0/mno-hw-mul/libgcc.a(lib2-divmod.o)
 .debug_aranges
                0x0000000000000178       0x20 /home/marcelo/intelFPGA_lite/18.0/nios2eds/bin/gnu/H-x86_64-pc-linux-gnu/bin/../lib/gcc/nios2-elf/5.3.0/mno-hw-mul/libgcc.a(lib2-mul.o)
 .debug_aranges
                0x0000000000000198       0x20 ../entrega3_bsp//libhal_bsp.a(alt_load.o)
 .debug_aranges
                0x00000000000001b8       0x20 ../entrega3_bsp//libhal_bsp.a(alt_main.o)
 .debug_aranges
                0x00000000000001d8       0x20 ../entrega3_bsp//libhal_bsp.a(alt_usleep.o)
 .debug_aranges
                0x00000000000001f8       0x20 ../entrega3_bsp//libhal_bsp.a(alt_write.o)
 .debug_aranges
                0x0000000000000218       0x20 ../entrega3_bsp//libhal_bsp.a(alt_sys_init.o)
 .debug_aranges
                0x0000000000000238       0x20 ../entrega3_bsp//libhal_bsp.a(altera_avalon_jtag_uart_fd.o)
 .debug_aranges
                0x0000000000000258       0x20 ../entrega3_bsp//libhal_bsp.a(altera_avalon_jtag_uart_read.o)
 .debug_aranges
                0x0000000000000278       0x20 ../entrega3_bsp//libhal_bsp.a(altera_avalon_jtag_uart_write.o)
 .debug_aranges
                0x0000000000000298       0x20 ../entrega3_bsp//libhal_bsp.a(alt_busy_sleep.o)
 .debug_aranges
                0x00000000000002b8       0x20 ../entrega3_bsp//libhal_bsp.a(alt_close.o)
 .debug_aranges
                0x00000000000002d8       0x20 ../entrega3_bsp//libhal_bsp.a(alt_dcache_flush_all.o)
 .debug_aranges
                0x00000000000002f8       0x20 ../entrega3_bsp//libhal_bsp.a(alt_dev.o)
 .debug_aranges
                0x0000000000000318       0x20 ../entrega3_bsp//libhal_bsp.a(alt_dev_llist_insert.o)
 .debug_aranges
                0x0000000000000338       0x20 ../entrega3_bsp//libhal_bsp.a(alt_do_ctors.o)
 .debug_aranges
                0x0000000000000358       0x20 ../entrega3_bsp//libhal_bsp.a(alt_do_dtors.o)
 .debug_aranges
                0x0000000000000378       0x18 ../entrega3_bsp//libhal_bsp.a(alt_errno.o)
 .debug_aranges
                0x0000000000000390       0x20 ../entrega3_bsp//libhal_bsp.a(alt_icache_flush_all.o)
 .debug_aranges
                0x00000000000003b0       0x20 ../entrega3_bsp//libhal_bsp.a(alt_io_redirect.o)
 .debug_aranges
                0x00000000000003d0       0x20 ../entrega3_bsp//libhal_bsp.a(alt_open.o)
 .debug_aranges
                0x00000000000003f0       0x20 ../entrega3_bsp//libhal_bsp.a(alt_release_fd.o)
 .debug_aranges
                0x0000000000000410       0x20 ../entrega3_bsp//libhal_bsp.a(altera_nios2_gen2_irq.o)
 .debug_aranges
                0x0000000000000430       0x20 ../entrega3_bsp//libhal_bsp.a(alt_find_dev.o)
 .debug_aranges
                0x0000000000000450       0x20 ../entrega3_bsp//libhal_bsp.a(alt_find_file.o)
 .debug_aranges
                0x0000000000000470       0x20 ../entrega3_bsp//libhal_bsp.a(alt_get_fd.o)
 .debug_aranges
                0x0000000000000490       0x20 /home/marcelo/intelFPGA_lite/18.0/nios2eds/bin/gnu/H-x86_64-pc-linux-gnu/bin/../lib/gcc/nios2-elf/5.3.0/../../../../../H-x86_64-pc-linux-gnu/nios2-elf/lib/mno-hw-mul/libsmallc.a(lib_a-atexit.o)
 .debug_aranges
                0x00000000000004b0       0x20 /home/marcelo/intelFPGA_lite/18.0/nios2eds/bin/gnu/H-x86_64-pc-linux-gnu/bin/../lib/gcc/nios2-elf/5.3.0/../../../../../H-x86_64-pc-linux-gnu/nios2-elf/lib/mno-hw-mul/libsmallc.a(lib_a-exit.o)
 .debug_aranges
                0x00000000000004d0       0x20 /home/marcelo/intelFPGA_lite/18.0/nios2eds/bin/gnu/H-x86_64-pc-linux-gnu/bin/../lib/gcc/nios2-elf/5.3.0/../../../../../H-x86_64-pc-linux-gnu/nios2-elf/lib/mno-hw-mul/libsmallc.a(lib_a-memcmp.o)
 .debug_aranges
                0x00000000000004f0       0x20 /home/marcelo/intelFPGA_lite/18.0/nios2eds/bin/gnu/H-x86_64-pc-linux-gnu/bin/../lib/gcc/nios2-elf/5.3.0/../../../../../H-x86_64-pc-linux-gnu/nios2-elf/lib/mno-hw-mul/libsmallc.a(lib_a-__atexit.o)
 .debug_aranges
                0x0000000000000510       0x20 /home/marcelo/intelFPGA_lite/18.0/nios2eds/bin/gnu/H-x86_64-pc-linux-gnu/bin/../lib/gcc/nios2-elf/5.3.0/../../../../../H-x86_64-pc-linux-gnu/nios2-elf/lib/mno-hw-mul/libsmallc.a(lib_a-__call_atexit.o)
 .debug_aranges
                0x0000000000000530       0x20 ../entrega3_bsp//libhal_bsp.a(alt_exit.o)

.debug_pubnames
 *(.debug_pubnames)

.debug_info     0x0000000000000000     0x751c
 *(.debug_info .gnu.linkonce.wi.*)
 .debug_info    0x0000000000000000       0x88 ../entrega3_bsp//obj/HAL/src/crt0.o
 .debug_info    0x0000000000000088       0xe8 obj/default/hello_world.o
 .debug_info    0x0000000000000170      0x699 /home/marcelo/intelFPGA_lite/18.0/nios2eds/bin/gnu/H-x86_64-pc-linux-gnu/bin/../lib/gcc/nios2-elf/5.3.0/../../../../../H-x86_64-pc-linux-gnu/nios2-elf/lib/mno-hw-mul/libsmallc.a(lib_a-printf.o)
 .debug_info    0x0000000000000809      0x66d /home/marcelo/intelFPGA_lite/18.0/nios2eds/bin/gnu/H-x86_64-pc-linux-gnu/bin/../lib/gcc/nios2-elf/5.3.0/../../../../../H-x86_64-pc-linux-gnu/nios2-elf/lib/mno-hw-mul/libsmallc.a(lib_a-puts.o)
 .debug_info    0x0000000000000e76       0xc9 /home/marcelo/intelFPGA_lite/18.0/nios2eds/bin/gnu/H-x86_64-pc-linux-gnu/bin/../lib/gcc/nios2-elf/5.3.0/../../../../../H-x86_64-pc-linux-gnu/nios2-elf/lib/mno-hw-mul/libsmallc.a(lib_a-strlen.o)
 .debug_info    0x0000000000000f3f      0xb2b /home/marcelo/intelFPGA_lite/18.0/nios2eds/bin/gnu/H-x86_64-pc-linux-gnu/bin/../lib/gcc/nios2-elf/5.3.0/../../../../../H-x86_64-pc-linux-gnu/nios2-elf/lib/mno-hw-mul/libsmallc.a(lib_a-vfprintf.o)
 .debug_info    0x0000000000001a6a      0x62b /home/marcelo/intelFPGA_lite/18.0/nios2eds/bin/gnu/H-x86_64-pc-linux-gnu/bin/../lib/gcc/nios2-elf/5.3.0/../../../../../H-x86_64-pc-linux-gnu/nios2-elf/lib/mno-hw-mul/libsmallc.a(lib_a-fvwrite_small_dev.o)
 .debug_info    0x0000000000002095      0x5a9 /home/marcelo/intelFPGA_lite/18.0/nios2eds/bin/gnu/H-x86_64-pc-linux-gnu/bin/../lib/gcc/nios2-elf/5.3.0/../../../../../H-x86_64-pc-linux-gnu/nios2-elf/lib/mno-hw-mul/libsmallc.a(lib_a-impure.o)
 .debug_info    0x000000000000263e      0x630 /home/marcelo/intelFPGA_lite/18.0/nios2eds/bin/gnu/H-x86_64-pc-linux-gnu/bin/../lib/gcc/nios2-elf/5.3.0/../../../../../H-x86_64-pc-linux-gnu/nios2-elf/lib/mno-hw-mul/libsmallc.a(lib_a-writer.o)
 .debug_info    0x0000000000002c6e       0x8a /home/marcelo/intelFPGA_lite/18.0/nios2eds/bin/gnu/H-x86_64-pc-linux-gnu/bin/../lib/gcc/nios2-elf/5.3.0/../../../../../H-x86_64-pc-linux-gnu/nios2-elf/lib/mno-hw-mul/libsmallc.a(lib_a-int_errno.o)
 .debug_info    0x0000000000002cf8      0x2c6 /home/marcelo/intelFPGA_lite/18.0/nios2eds/bin/gnu/H-x86_64-pc-linux-gnu/bin/../lib/gcc/nios2-elf/5.3.0/mno-hw-mul/libgcc.a(lib2-divmod.o)
 .debug_info    0x0000000000002fbe       0xb4 /home/marcelo/intelFPGA_lite/18.0/nios2eds/bin/gnu/H-x86_64-pc-linux-gnu/bin/../lib/gcc/nios2-elf/5.3.0/mno-hw-mul/libgcc.a(lib2-mul.o)
 .debug_info    0x0000000000003072      0x145 ../entrega3_bsp//libhal_bsp.a(alt_load.o)
 .debug_info    0x00000000000031b7      0x131 ../entrega3_bsp//libhal_bsp.a(alt_main.o)
 .debug_info    0x00000000000032e8       0xb0 ../entrega3_bsp//libhal_bsp.a(alt_usleep.o)
 .debug_info    0x0000000000003398      0x4b7 ../entrega3_bsp//libhal_bsp.a(alt_write.o)
 .debug_info    0x000000000000384f      0x3c9 ../entrega3_bsp//libhal_bsp.a(alt_sys_init.o)
 .debug_info    0x0000000000003c18      0x3a7 ../entrega3_bsp//libhal_bsp.a(altera_avalon_jtag_uart_fd.o)
 .debug_info    0x0000000000003fbf      0x1b2 ../entrega3_bsp//libhal_bsp.a(altera_avalon_jtag_uart_read.o)
 .debug_info    0x0000000000004171      0x195 ../entrega3_bsp//libhal_bsp.a(altera_avalon_jtag_uart_write.o)
 .debug_info    0x0000000000004306       0xd7 ../entrega3_bsp//libhal_bsp.a(alt_busy_sleep.o)
 .debug_info    0x00000000000043dd      0x321 ../entrega3_bsp//libhal_bsp.a(alt_close.o)
 .debug_info    0x00000000000046fe       0x92 ../entrega3_bsp//libhal_bsp.a(alt_dcache_flush_all.o)
 .debug_info    0x0000000000004790      0x49c ../entrega3_bsp//libhal_bsp.a(alt_dev.o)
 .debug_info    0x0000000000004c2c      0x1a9 ../entrega3_bsp//libhal_bsp.a(alt_dev_llist_insert.o)
 .debug_info    0x0000000000004dd5       0x83 ../entrega3_bsp//libhal_bsp.a(alt_do_ctors.o)
 .debug_info    0x0000000000004e58       0x83 ../entrega3_bsp//libhal_bsp.a(alt_do_dtors.o)
 .debug_info    0x0000000000004edb       0xa6 ../entrega3_bsp//libhal_bsp.a(alt_errno.o)
 .debug_info    0x0000000000004f81       0x92 ../entrega3_bsp//libhal_bsp.a(alt_icache_flush_all.o)
 .debug_info    0x0000000000005013      0x4a5 ../entrega3_bsp//libhal_bsp.a(alt_io_redirect.o)
 .debug_info    0x00000000000054b8      0x3bb ../entrega3_bsp//libhal_bsp.a(alt_open.o)
 .debug_info    0x0000000000005873      0x2b0 ../entrega3_bsp//libhal_bsp.a(alt_release_fd.o)
 .debug_info    0x0000000000005b23       0x92 ../entrega3_bsp//libhal_bsp.a(altera_nios2_gen2_irq.o)
 .debug_info    0x0000000000005bb5      0x2e9 ../entrega3_bsp//libhal_bsp.a(alt_find_dev.o)
 .debug_info    0x0000000000005e9e      0x2e6 ../entrega3_bsp//libhal_bsp.a(alt_find_file.o)
 .debug_info    0x0000000000006184      0x310 ../entrega3_bsp//libhal_bsp.a(alt_get_fd.o)
 .debug_info    0x0000000000006494       0xfe /home/marcelo/intelFPGA_lite/18.0/nios2eds/bin/gnu/H-x86_64-pc-linux-gnu/bin/../lib/gcc/nios2-elf/5.3.0/../../../../../H-x86_64-pc-linux-gnu/nios2-elf/lib/mno-hw-mul/libsmallc.a(lib_a-atexit.o)
 .debug_info    0x0000000000006592       0xe5 /home/marcelo/intelFPGA_lite/18.0/nios2eds/bin/gnu/H-x86_64-pc-linux-gnu/bin/../lib/gcc/nios2-elf/5.3.0/../../../../../H-x86_64-pc-linux-gnu/nios2-elf/lib/mno-hw-mul/libsmallc.a(lib_a-exit.o)
 .debug_info    0x0000000000006677       0xf4 /home/marcelo/intelFPGA_lite/18.0/nios2eds/bin/gnu/H-x86_64-pc-linux-gnu/bin/../lib/gcc/nios2-elf/5.3.0/../../../../../H-x86_64-pc-linux-gnu/nios2-elf/lib/mno-hw-mul/libsmallc.a(lib_a-memcmp.o)
 .debug_info    0x000000000000676b      0x64a /home/marcelo/intelFPGA_lite/18.0/nios2eds/bin/gnu/H-x86_64-pc-linux-gnu/bin/../lib/gcc/nios2-elf/5.3.0/../../../../../H-x86_64-pc-linux-gnu/nios2-elf/lib/mno-hw-mul/libsmallc.a(lib_a-__atexit.o)
 .debug_info    0x0000000000006db5      0x67b /home/marcelo/intelFPGA_lite/18.0/nios2eds/bin/gnu/H-x86_64-pc-linux-gnu/bin/../lib/gcc/nios2-elf/5.3.0/../../../../../H-x86_64-pc-linux-gnu/nios2-elf/lib/mno-hw-mul/libsmallc.a(lib_a-__call_atexit.o)
 .debug_info    0x0000000000007430       0xec ../entrega3_bsp//libhal_bsp.a(alt_exit.o)

.debug_abbrev   0x0000000000000000     0x26c2
 *(.debug_abbrev)
 .debug_abbrev  0x0000000000000000       0x12 ../entrega3_bsp//obj/HAL/src/crt0.o
 .debug_abbrev  0x0000000000000012       0x8c obj/default/hello_world.o
 .debug_abbrev  0x000000000000009e      0x1ee /home/marcelo/intelFPGA_lite/18.0/nios2eds/bin/gnu/H-x86_64-pc-linux-gnu/bin/../lib/gcc/nios2-elf/5.3.0/../../../../../H-x86_64-pc-linux-gnu/nios2-elf/lib/mno-hw-mul/libsmallc.a(lib_a-printf.o)
 .debug_abbrev  0x000000000000028c      0x1d6 /home/marcelo/intelFPGA_lite/18.0/nios2eds/bin/gnu/H-x86_64-pc-linux-gnu/bin/../lib/gcc/nios2-elf/5.3.0/../../../../../H-x86_64-pc-linux-gnu/nios2-elf/lib/mno-hw-mul/libsmallc.a(lib_a-puts.o)
 .debug_abbrev  0x0000000000000462       0x7f /home/marcelo/intelFPGA_lite/18.0/nios2eds/bin/gnu/H-x86_64-pc-linux-gnu/bin/../lib/gcc/nios2-elf/5.3.0/../../../../../H-x86_64-pc-linux-gnu/nios2-elf/lib/mno-hw-mul/libsmallc.a(lib_a-strlen.o)
 .debug_abbrev  0x00000000000004e1      0x2a1 /home/marcelo/intelFPGA_lite/18.0/nios2eds/bin/gnu/H-x86_64-pc-linux-gnu/bin/../lib/gcc/nios2-elf/5.3.0/../../../../../H-x86_64-pc-linux-gnu/nios2-elf/lib/mno-hw-mul/libsmallc.a(lib_a-vfprintf.o)
 .debug_abbrev  0x0000000000000782      0x1bc /home/marcelo/intelFPGA_lite/18.0/nios2eds/bin/gnu/H-x86_64-pc-linux-gnu/bin/../lib/gcc/nios2-elf/5.3.0/../../../../../H-x86_64-pc-linux-gnu/nios2-elf/lib/mno-hw-mul/libsmallc.a(lib_a-fvwrite_small_dev.o)
 .debug_abbrev  0x000000000000093e      0x14a /home/marcelo/intelFPGA_lite/18.0/nios2eds/bin/gnu/H-x86_64-pc-linux-gnu/bin/../lib/gcc/nios2-elf/5.3.0/../../../../../H-x86_64-pc-linux-gnu/nios2-elf/lib/mno-hw-mul/libsmallc.a(lib_a-impure.o)
 .debug_abbrev  0x0000000000000a88      0x1a6 /home/marcelo/intelFPGA_lite/18.0/nios2eds/bin/gnu/H-x86_64-pc-linux-gnu/bin/../lib/gcc/nios2-elf/5.3.0/../../../../../H-x86_64-pc-linux-gnu/nios2-elf/lib/mno-hw-mul/libsmallc.a(lib_a-writer.o)
 .debug_abbrev  0x0000000000000c2e       0x37 /home/marcelo/intelFPGA_lite/18.0/nios2eds/bin/gnu/H-x86_64-pc-linux-gnu/bin/../lib/gcc/nios2-elf/5.3.0/../../../../../H-x86_64-pc-linux-gnu/nios2-elf/lib/mno-hw-mul/libsmallc.a(lib_a-int_errno.o)
 .debug_abbrev  0x0000000000000c65      0x10e /home/marcelo/intelFPGA_lite/18.0/nios2eds/bin/gnu/H-x86_64-pc-linux-gnu/bin/../lib/gcc/nios2-elf/5.3.0/mno-hw-mul/libgcc.a(lib2-divmod.o)
 .debug_abbrev  0x0000000000000d73       0x6f /home/marcelo/intelFPGA_lite/18.0/nios2eds/bin/gnu/H-x86_64-pc-linux-gnu/bin/../lib/gcc/nios2-elf/5.3.0/mno-hw-mul/libgcc.a(lib2-mul.o)
 .debug_abbrev  0x0000000000000de2       0x9f ../entrega3_bsp//libhal_bsp.a(alt_load.o)
 .debug_abbrev  0x0000000000000e81       0xba ../entrega3_bsp//libhal_bsp.a(alt_main.o)
 .debug_abbrev  0x0000000000000f3b       0x60 ../entrega3_bsp//libhal_bsp.a(alt_usleep.o)
 .debug_abbrev  0x0000000000000f9b      0x133 ../entrega3_bsp//libhal_bsp.a(alt_write.o)
 .debug_abbrev  0x00000000000010ce      0x157 ../entrega3_bsp//libhal_bsp.a(alt_sys_init.o)
 .debug_abbrev  0x0000000000001225       0xf7 ../entrega3_bsp//libhal_bsp.a(altera_avalon_jtag_uart_fd.o)
 .debug_abbrev  0x000000000000131c       0xd5 ../entrega3_bsp//libhal_bsp.a(altera_avalon_jtag_uart_read.o)
 .debug_abbrev  0x00000000000013f1       0xd5 ../entrega3_bsp//libhal_bsp.a(altera_avalon_jtag_uart_write.o)
 .debug_abbrev  0x00000000000014c6       0x7e ../entrega3_bsp//libhal_bsp.a(alt_busy_sleep.o)
 .debug_abbrev  0x0000000000001544      0x11f ../entrega3_bsp//libhal_bsp.a(alt_close.o)
 .debug_abbrev  0x0000000000001663       0x42 ../entrega3_bsp//libhal_bsp.a(alt_dcache_flush_all.o)
 .debug_abbrev  0x00000000000016a5       0xd9 ../entrega3_bsp//libhal_bsp.a(alt_dev.o)
 .debug_abbrev  0x000000000000177e      0x114 ../entrega3_bsp//libhal_bsp.a(alt_dev_llist_insert.o)
 .debug_abbrev  0x0000000000001892       0x79 ../entrega3_bsp//libhal_bsp.a(alt_do_ctors.o)
 .debug_abbrev  0x000000000000190b       0x79 ../entrega3_bsp//libhal_bsp.a(alt_do_dtors.o)
 .debug_abbrev  0x0000000000001984       0x5a ../entrega3_bsp//libhal_bsp.a(alt_errno.o)
 .debug_abbrev  0x00000000000019de       0x42 ../entrega3_bsp//libhal_bsp.a(alt_icache_flush_all.o)
 .debug_abbrev  0x0000000000001a20      0x114 ../entrega3_bsp//libhal_bsp.a(alt_io_redirect.o)
 .debug_abbrev  0x0000000000001b34      0x148 ../entrega3_bsp//libhal_bsp.a(alt_open.o)
 .debug_abbrev  0x0000000000001c7c       0xde ../entrega3_bsp//libhal_bsp.a(alt_release_fd.o)
 .debug_abbrev  0x0000000000001d5a       0x42 ../entrega3_bsp//libhal_bsp.a(altera_nios2_gen2_irq.o)
 .debug_abbrev  0x0000000000001d9c       0xf0 ../entrega3_bsp//libhal_bsp.a(alt_find_dev.o)
 .debug_abbrev  0x0000000000001e8c       0xf0 ../entrega3_bsp//libhal_bsp.a(alt_find_file.o)
 .debug_abbrev  0x0000000000001f7c      0x10d ../entrega3_bsp//libhal_bsp.a(alt_get_fd.o)
 .debug_abbrev  0x0000000000002089       0xaa /home/marcelo/intelFPGA_lite/18.0/nios2eds/bin/gnu/H-x86_64-pc-linux-gnu/bin/../lib/gcc/nios2-elf/5.3.0/../../../../../H-x86_64-pc-linux-gnu/nios2-elf/lib/mno-hw-mul/libsmallc.a(lib_a-atexit.o)
 .debug_abbrev  0x0000000000002133       0x8b /home/marcelo/intelFPGA_lite/18.0/nios2eds/bin/gnu/H-x86_64-pc-linux-gnu/bin/../lib/gcc/nios2-elf/5.3.0/../../../../../H-x86_64-pc-linux-gnu/nios2-elf/lib/mno-hw-mul/libsmallc.a(lib_a-exit.o)
 .debug_abbrev  0x00000000000021be       0x7f /home/marcelo/intelFPGA_lite/18.0/nios2eds/bin/gnu/H-x86_64-pc-linux-gnu/bin/../lib/gcc/nios2-elf/5.3.0/../../../../../H-x86_64-pc-linux-gnu/nios2-elf/lib/mno-hw-mul/libsmallc.a(lib_a-memcmp.o)
 .debug_abbrev  0x000000000000223d      0x1e6 /home/marcelo/intelFPGA_lite/18.0/nios2eds/bin/gnu/H-x86_64-pc-linux-gnu/bin/../lib/gcc/nios2-elf/5.3.0/../../../../../H-x86_64-pc-linux-gnu/nios2-elf/lib/mno-hw-mul/libsmallc.a(lib_a-__atexit.o)
 .debug_abbrev  0x0000000000002423      0x1f6 /home/marcelo/intelFPGA_lite/18.0/nios2eds/bin/gnu/H-x86_64-pc-linux-gnu/bin/../lib/gcc/nios2-elf/5.3.0/../../../../../H-x86_64-pc-linux-gnu/nios2-elf/lib/mno-hw-mul/libsmallc.a(lib_a-__call_atexit.o)
 .debug_abbrev  0x0000000000002619       0xa9 ../entrega3_bsp//libhal_bsp.a(alt_exit.o)

.debug_line     0x0000000000000000     0x2c46
 *(.debug_line)
 .debug_line    0x0000000000000000       0x66 ../entrega3_bsp//obj/HAL/src/crt0.o
 .debug_line    0x0000000000000066       0x51 obj/default/hello_world.o
 .debug_line    0x00000000000000b7      0x203 /home/marcelo/intelFPGA_lite/18.0/nios2eds/bin/gnu/H-x86_64-pc-linux-gnu/bin/../lib/gcc/nios2-elf/5.3.0/../../../../../H-x86_64-pc-linux-gnu/nios2-elf/lib/mno-hw-mul/libsmallc.a(lib_a-printf.o)
 .debug_line    0x00000000000002ba      0x206 /home/marcelo/intelFPGA_lite/18.0/nios2eds/bin/gnu/H-x86_64-pc-linux-gnu/bin/../lib/gcc/nios2-elf/5.3.0/../../../../../H-x86_64-pc-linux-gnu/nios2-elf/lib/mno-hw-mul/libsmallc.a(lib_a-puts.o)
 .debug_line    0x00000000000004c0      0x15c /home/marcelo/intelFPGA_lite/18.0/nios2eds/bin/gnu/H-x86_64-pc-linux-gnu/bin/../lib/gcc/nios2-elf/5.3.0/../../../../../H-x86_64-pc-linux-gnu/nios2-elf/lib/mno-hw-mul/libsmallc.a(lib_a-strlen.o)
 .debug_line    0x000000000000061c      0x351 /home/marcelo/intelFPGA_lite/18.0/nios2eds/bin/gnu/H-x86_64-pc-linux-gnu/bin/../lib/gcc/nios2-elf/5.3.0/../../../../../H-x86_64-pc-linux-gnu/nios2-elf/lib/mno-hw-mul/libsmallc.a(lib_a-vfprintf.o)
 .debug_line    0x000000000000096d      0x1f0 /home/marcelo/intelFPGA_lite/18.0/nios2eds/bin/gnu/H-x86_64-pc-linux-gnu/bin/../lib/gcc/nios2-elf/5.3.0/../../../../../H-x86_64-pc-linux-gnu/nios2-elf/lib/mno-hw-mul/libsmallc.a(lib_a-fvwrite_small_dev.o)
 .debug_line    0x0000000000000b5d      0x156 /home/marcelo/intelFPGA_lite/18.0/nios2eds/bin/gnu/H-x86_64-pc-linux-gnu/bin/../lib/gcc/nios2-elf/5.3.0/../../../../../H-x86_64-pc-linux-gnu/nios2-elf/lib/mno-hw-mul/libsmallc.a(lib_a-impure.o)
 .debug_line    0x0000000000000cb3      0x1ed /home/marcelo/intelFPGA_lite/18.0/nios2eds/bin/gnu/H-x86_64-pc-linux-gnu/bin/../lib/gcc/nios2-elf/5.3.0/../../../../../H-x86_64-pc-linux-gnu/nios2-elf/lib/mno-hw-mul/libsmallc.a(lib_a-writer.o)
 .debug_line    0x0000000000000ea0       0x5f /home/marcelo/intelFPGA_lite/18.0/nios2eds/bin/gnu/H-x86_64-pc-linux-gnu/bin/../lib/gcc/nios2-elf/5.3.0/../../../../../H-x86_64-pc-linux-gnu/nios2-elf/lib/mno-hw-mul/libsmallc.a(lib_a-int_errno.o)
 .debug_line    0x0000000000000eff      0x105 /home/marcelo/intelFPGA_lite/18.0/nios2eds/bin/gnu/H-x86_64-pc-linux-gnu/bin/../lib/gcc/nios2-elf/5.3.0/mno-hw-mul/libgcc.a(lib2-divmod.o)
 .debug_line    0x0000000000001004       0x80 /home/marcelo/intelFPGA_lite/18.0/nios2eds/bin/gnu/H-x86_64-pc-linux-gnu/bin/../lib/gcc/nios2-elf/5.3.0/mno-hw-mul/libgcc.a(lib2-mul.o)
 .debug_line    0x0000000000001084       0x8e ../entrega3_bsp//libhal_bsp.a(alt_load.o)
 .debug_line    0x0000000000001112       0xa4 ../entrega3_bsp//libhal_bsp.a(alt_main.o)
 .debug_line    0x00000000000011b6       0xbd ../entrega3_bsp//libhal_bsp.a(alt_usleep.o)
 .debug_line    0x0000000000001273      0x1fb ../entrega3_bsp//libhal_bsp.a(alt_write.o)
 .debug_line    0x000000000000146e      0x126 ../entrega3_bsp//libhal_bsp.a(alt_sys_init.o)
 .debug_line    0x0000000000001594      0x112 ../entrega3_bsp//libhal_bsp.a(altera_avalon_jtag_uart_fd.o)
 .debug_line    0x00000000000016a6       0xfd ../entrega3_bsp//libhal_bsp.a(altera_avalon_jtag_uart_read.o)
 .debug_line    0x00000000000017a3       0xf4 ../entrega3_bsp//libhal_bsp.a(altera_avalon_jtag_uart_write.o)
 .debug_line    0x0000000000001897       0xa2 ../entrega3_bsp//libhal_bsp.a(alt_busy_sleep.o)
 .debug_line    0x0000000000001939      0x175 ../entrega3_bsp//libhal_bsp.a(alt_close.o)
 .debug_line    0x0000000000001aae       0x51 ../entrega3_bsp//libhal_bsp.a(alt_dcache_flush_all.o)
 .debug_line    0x0000000000001aff      0x108 ../entrega3_bsp//libhal_bsp.a(alt_dev.o)
 .debug_line    0x0000000000001c07       0xcf ../entrega3_bsp//libhal_bsp.a(alt_dev_llist_insert.o)
 .debug_line    0x0000000000001cd6       0x59 ../entrega3_bsp//libhal_bsp.a(alt_do_ctors.o)
 .debug_line    0x0000000000001d2f       0x59 ../entrega3_bsp//libhal_bsp.a(alt_do_dtors.o)
 .debug_line    0x0000000000001d88       0x51 ../entrega3_bsp//libhal_bsp.a(alt_errno.o)
 .debug_line    0x0000000000001dd9       0x4f ../entrega3_bsp//libhal_bsp.a(alt_icache_flush_all.o)
 .debug_line    0x0000000000001e28      0x145 ../entrega3_bsp//libhal_bsp.a(alt_io_redirect.o)
 .debug_line    0x0000000000001f6d      0x12b ../entrega3_bsp//libhal_bsp.a(alt_open.o)
 .debug_line    0x0000000000002098       0xb0 ../entrega3_bsp//libhal_bsp.a(alt_release_fd.o)
 .debug_line    0x0000000000002148       0x51 ../entrega3_bsp//libhal_bsp.a(altera_nios2_gen2_irq.o)
 .debug_line    0x0000000000002199       0xb5 ../entrega3_bsp//libhal_bsp.a(alt_find_dev.o)
 .debug_line    0x000000000000224e       0xd1 ../entrega3_bsp//libhal_bsp.a(alt_find_file.o)
 .debug_line    0x000000000000231f       0xd7 ../entrega3_bsp//libhal_bsp.a(alt_get_fd.o)
 .debug_line    0x00000000000023f6       0xe7 /home/marcelo/intelFPGA_lite/18.0/nios2eds/bin/gnu/H-x86_64-pc-linux-gnu/bin/../lib/gcc/nios2-elf/5.3.0/../../../../../H-x86_64-pc-linux-gnu/nios2-elf/lib/mno-hw-mul/libsmallc.a(lib_a-atexit.o)
 .debug_line    0x00000000000024dd      0x159 /home/marcelo/intelFPGA_lite/18.0/nios2eds/bin/gnu/H-x86_64-pc-linux-gnu/bin/../lib/gcc/nios2-elf/5.3.0/../../../../../H-x86_64-pc-linux-gnu/nios2-elf/lib/mno-hw-mul/libsmallc.a(lib_a-exit.o)
 .debug_line    0x0000000000002636      0x160 /home/marcelo/intelFPGA_lite/18.0/nios2eds/bin/gnu/H-x86_64-pc-linux-gnu/bin/../lib/gcc/nios2-elf/5.3.0/../../../../../H-x86_64-pc-linux-gnu/nios2-elf/lib/mno-hw-mul/libsmallc.a(lib_a-memcmp.o)
 .debug_line    0x0000000000002796      0x20d /home/marcelo/intelFPGA_lite/18.0/nios2eds/bin/gnu/H-x86_64-pc-linux-gnu/bin/../lib/gcc/nios2-elf/5.3.0/../../../../../H-x86_64-pc-linux-gnu/nios2-elf/lib/mno-hw-mul/libsmallc.a(lib_a-__atexit.o)
 .debug_line    0x00000000000029a3      0x232 /home/marcelo/intelFPGA_lite/18.0/nios2eds/bin/gnu/H-x86_64-pc-linux-gnu/bin/../lib/gcc/nios2-elf/5.3.0/../../../../../H-x86_64-pc-linux-gnu/nios2-elf/lib/mno-hw-mul/libsmallc.a(lib_a-__call_atexit.o)
 .debug_line    0x0000000000002bd5       0x71 ../entrega3_bsp//libhal_bsp.a(alt_exit.o)

.debug_frame    0x0000000000000000      0xa18
 *(.debug_frame)
 .debug_frame   0x0000000000000000       0x2c obj/default/hello_world.o
 .debug_frame   0x000000000000002c       0x48 /home/marcelo/intelFPGA_lite/18.0/nios2eds/bin/gnu/H-x86_64-pc-linux-gnu/bin/../lib/gcc/nios2-elf/5.3.0/../../../../../H-x86_64-pc-linux-gnu/nios2-elf/lib/mno-hw-mul/libsmallc.a(lib_a-printf.o)
 .debug_frame   0x0000000000000074       0x48 /home/marcelo/intelFPGA_lite/18.0/nios2eds/bin/gnu/H-x86_64-pc-linux-gnu/bin/../lib/gcc/nios2-elf/5.3.0/../../../../../H-x86_64-pc-linux-gnu/nios2-elf/lib/mno-hw-mul/libsmallc.a(lib_a-puts.o)
 .debug_frame   0x00000000000000bc       0x20 /home/marcelo/intelFPGA_lite/18.0/nios2eds/bin/gnu/H-x86_64-pc-linux-gnu/bin/../lib/gcc/nios2-elf/5.3.0/../../../../../H-x86_64-pc-linux-gnu/nios2-elf/lib/mno-hw-mul/libsmallc.a(lib_a-strlen.o)
 .debug_frame   0x00000000000000dc       0x8c /home/marcelo/intelFPGA_lite/18.0/nios2eds/bin/gnu/H-x86_64-pc-linux-gnu/bin/../lib/gcc/nios2-elf/5.3.0/../../../../../H-x86_64-pc-linux-gnu/nios2-elf/lib/mno-hw-mul/libsmallc.a(lib_a-vfprintf.o)
 .debug_frame   0x0000000000000168       0x58 /home/marcelo/intelFPGA_lite/18.0/nios2eds/bin/gnu/H-x86_64-pc-linux-gnu/bin/../lib/gcc/nios2-elf/5.3.0/../../../../../H-x86_64-pc-linux-gnu/nios2-elf/lib/mno-hw-mul/libsmallc.a(lib_a-fvwrite_small_dev.o)
 .debug_frame   0x00000000000001c0       0x38 /home/marcelo/intelFPGA_lite/18.0/nios2eds/bin/gnu/H-x86_64-pc-linux-gnu/bin/../lib/gcc/nios2-elf/5.3.0/../../../../../H-x86_64-pc-linux-gnu/nios2-elf/lib/mno-hw-mul/libsmallc.a(lib_a-writer.o)
 .debug_frame   0x00000000000001f8       0x50 /home/marcelo/intelFPGA_lite/18.0/nios2eds/bin/gnu/H-x86_64-pc-linux-gnu/bin/../lib/gcc/nios2-elf/5.3.0/mno-hw-mul/libgcc.a(lib2-divmod.o)
 .debug_frame   0x0000000000000248       0x20 /home/marcelo/intelFPGA_lite/18.0/nios2eds/bin/gnu/H-x86_64-pc-linux-gnu/bin/../lib/gcc/nios2-elf/5.3.0/mno-hw-mul/libgcc.a(lib2-mul.o)
 .debug_frame   0x0000000000000268       0x5c ../entrega3_bsp//libhal_bsp.a(alt_load.o)
 .debug_frame   0x00000000000002c4       0x2c ../entrega3_bsp//libhal_bsp.a(alt_main.o)
 .debug_frame   0x00000000000002f0       0x38 ../entrega3_bsp//libhal_bsp.a(alt_usleep.o)
 .debug_frame   0x0000000000000328       0x60 ../entrega3_bsp//libhal_bsp.a(alt_write.o)
 .debug_frame   0x0000000000000388       0x88 ../entrega3_bsp//libhal_bsp.a(alt_sys_init.o)
 .debug_frame   0x0000000000000410       0x60 ../entrega3_bsp//libhal_bsp.a(altera_avalon_jtag_uart_fd.o)
 .debug_frame   0x0000000000000470       0x34 ../entrega3_bsp//libhal_bsp.a(altera_avalon_jtag_uart_read.o)
 .debug_frame   0x00000000000004a4       0x34 ../entrega3_bsp//libhal_bsp.a(altera_avalon_jtag_uart_write.o)
 .debug_frame   0x00000000000004d8       0x38 ../entrega3_bsp//libhal_bsp.a(alt_busy_sleep.o)
 .debug_frame   0x0000000000000510       0x60 ../entrega3_bsp//libhal_bsp.a(alt_close.o)
 .debug_frame   0x0000000000000570       0x34 ../entrega3_bsp//libhal_bsp.a(alt_dcache_flush_all.o)
 .debug_frame   0x00000000000005a4       0x34 ../entrega3_bsp//libhal_bsp.a(alt_dev.o)
 .debug_frame   0x00000000000005d8       0x60 ../entrega3_bsp//libhal_bsp.a(alt_dev_llist_insert.o)
 .debug_frame   0x0000000000000638       0x38 ../entrega3_bsp//libhal_bsp.a(alt_do_ctors.o)
 .debug_frame   0x0000000000000670       0x38 ../entrega3_bsp//libhal_bsp.a(alt_do_dtors.o)
 .debug_frame   0x00000000000006a8       0x34 ../entrega3_bsp//libhal_bsp.a(alt_icache_flush_all.o)
 .debug_frame   0x00000000000006dc       0x64 ../entrega3_bsp//libhal_bsp.a(alt_io_redirect.o)
 .debug_frame   0x0000000000000740       0x8c ../entrega3_bsp//libhal_bsp.a(alt_open.o)
 .debug_frame   0x00000000000007cc       0x3c ../entrega3_bsp//libhal_bsp.a(alt_release_fd.o)
 .debug_frame   0x0000000000000808       0x34 ../entrega3_bsp//libhal_bsp.a(altera_nios2_gen2_irq.o)
 .debug_frame   0x000000000000083c       0x38 ../entrega3_bsp//libhal_bsp.a(alt_find_dev.o)
 .debug_frame   0x0000000000000874       0x38 ../entrega3_bsp//libhal_bsp.a(alt_find_file.o)
 .debug_frame   0x00000000000008ac       0x3c ../entrega3_bsp//libhal_bsp.a(alt_get_fd.o)
 .debug_frame   0x00000000000008e8       0x20 /home/marcelo/intelFPGA_lite/18.0/nios2eds/bin/gnu/H-x86_64-pc-linux-gnu/bin/../lib/gcc/nios2-elf/5.3.0/../../../../../H-x86_64-pc-linux-gnu/nios2-elf/lib/mno-hw-mul/libsmallc.a(lib_a-atexit.o)
 .debug_frame   0x0000000000000908       0x28 /home/marcelo/intelFPGA_lite/18.0/nios2eds/bin/gnu/H-x86_64-pc-linux-gnu/bin/../lib/gcc/nios2-elf/5.3.0/../../../../../H-x86_64-pc-linux-gnu/nios2-elf/lib/mno-hw-mul/libsmallc.a(lib_a-exit.o)
 .debug_frame   0x0000000000000930       0x20 /home/marcelo/intelFPGA_lite/18.0/nios2eds/bin/gnu/H-x86_64-pc-linux-gnu/bin/../lib/gcc/nios2-elf/5.3.0/../../../../../H-x86_64-pc-linux-gnu/nios2-elf/lib/mno-hw-mul/libsmallc.a(lib_a-memcmp.o)
 .debug_frame   0x0000000000000950       0x48 /home/marcelo/intelFPGA_lite/18.0/nios2eds/bin/gnu/H-x86_64-pc-linux-gnu/bin/../lib/gcc/nios2-elf/5.3.0/../../../../../H-x86_64-pc-linux-gnu/nios2-elf/lib/mno-hw-mul/libsmallc.a(lib_a-__atexit.o)
 .debug_frame   0x0000000000000998       0x54 /home/marcelo/intelFPGA_lite/18.0/nios2eds/bin/gnu/H-x86_64-pc-linux-gnu/bin/../lib/gcc/nios2-elf/5.3.0/../../../../../H-x86_64-pc-linux-gnu/nios2-elf/lib/mno-hw-mul/libsmallc.a(lib_a-__call_atexit.o)
 .debug_frame   0x00000000000009ec       0x2c ../entrega3_bsp//libhal_bsp.a(alt_exit.o)

.debug_str      0x0000000000000000     0x1750
 *(.debug_str)
 .debug_str     0x0000000000000000      0x123 obj/default/hello_world.o
                                        0x161 (size before relaxing)
 .debug_str     0x0000000000000123      0x42a /home/marcelo/intelFPGA_lite/18.0/nios2eds/bin/gnu/H-x86_64-pc-linux-gnu/bin/../lib/gcc/nios2-elf/5.3.0/../../../../../H-x86_64-pc-linux-gnu/nios2-elf/lib/mno-hw-mul/libsmallc.a(lib_a-printf.o)
                                        0x505 (size before relaxing)
 .debug_str     0x000000000000054d       0x63 /home/marcelo/intelFPGA_lite/18.0/nios2eds/bin/gnu/H-x86_64-pc-linux-gnu/bin/../lib/gcc/nios2-elf/5.3.0/../../../../../H-x86_64-pc-linux-gnu/nios2-elf/lib/mno-hw-mul/libsmallc.a(lib_a-puts.o)
                                        0x4ce (size before relaxing)
 .debug_str     0x00000000000005b0       0xd3 /home/marcelo/intelFPGA_lite/18.0/nios2eds/bin/gnu/H-x86_64-pc-linux-gnu/bin/../lib/gcc/nios2-elf/5.3.0/../../../../../H-x86_64-pc-linux-gnu/nios2-elf/lib/mno-hw-mul/libsmallc.a(lib_a-strlen.o)
                                        0x1e6 (size before relaxing)
 .debug_str     0x0000000000000683      0x1f8 /home/marcelo/intelFPGA_lite/18.0/nios2eds/bin/gnu/H-x86_64-pc-linux-gnu/bin/../lib/gcc/nios2-elf/5.3.0/../../../../../H-x86_64-pc-linux-gnu/nios2-elf/lib/mno-hw-mul/libsmallc.a(lib_a-vfprintf.o)
                                        0x680 (size before relaxing)
 .debug_str     0x000000000000087b       0x63 /home/marcelo/intelFPGA_lite/18.0/nios2eds/bin/gnu/H-x86_64-pc-linux-gnu/bin/../lib/gcc/nios2-elf/5.3.0/../../../../../H-x86_64-pc-linux-gnu/nios2-elf/lib/mno-hw-mul/libsmallc.a(lib_a-fvwrite_small_dev.o)
                                        0x4d5 (size before relaxing)
 .debug_str     0x00000000000008de       0xf0 /home/marcelo/intelFPGA_lite/18.0/nios2eds/bin/gnu/H-x86_64-pc-linux-gnu/bin/../lib/gcc/nios2-elf/5.3.0/../../../../../H-x86_64-pc-linux-gnu/nios2-elf/lib/mno-hw-mul/libsmallc.a(lib_a-impure.o)
                                        0x4bf (size before relaxing)
 .debug_str     0x00000000000009ce       0x45 /home/marcelo/intelFPGA_lite/18.0/nios2eds/bin/gnu/H-x86_64-pc-linux-gnu/bin/../lib/gcc/nios2-elf/5.3.0/../../../../../H-x86_64-pc-linux-gnu/nios2-elf/lib/mno-hw-mul/libsmallc.a(lib_a-writer.o)
                                        0x4b9 (size before relaxing)
 .debug_str     0x0000000000000a13       0x3f /home/marcelo/intelFPGA_lite/18.0/nios2eds/bin/gnu/H-x86_64-pc-linux-gnu/bin/../lib/gcc/nios2-elf/5.3.0/../../../../../H-x86_64-pc-linux-gnu/nios2-elf/lib/mno-hw-mul/libsmallc.a(lib_a-int_errno.o)
                                        0x1d9 (size before relaxing)
 .debug_str     0x0000000000000a52      0x188 /home/marcelo/intelFPGA_lite/18.0/nios2eds/bin/gnu/H-x86_64-pc-linux-gnu/bin/../lib/gcc/nios2-elf/5.3.0/mno-hw-mul/libgcc.a(lib2-divmod.o)
                                        0x1d3 (size before relaxing)
 .debug_str     0x0000000000000bda       0x40 /home/marcelo/intelFPGA_lite/18.0/nios2eds/bin/gnu/H-x86_64-pc-linux-gnu/bin/../lib/gcc/nios2-elf/5.3.0/mno-hw-mul/libgcc.a(lib2-mul.o)
                                        0x194 (size before relaxing)
 .debug_str     0x0000000000000c1a      0x145 ../entrega3_bsp//libhal_bsp.a(alt_load.o)
                                        0x22c (size before relaxing)
 .debug_str     0x0000000000000d5f       0x70 ../entrega3_bsp//libhal_bsp.a(alt_main.o)
                                        0x1b7 (size before relaxing)
 .debug_str     0x0000000000000dcf       0x20 ../entrega3_bsp//libhal_bsp.a(alt_usleep.o)
                                        0x162 (size before relaxing)
 .debug_str     0x0000000000000def      0x166 ../entrega3_bsp//libhal_bsp.a(alt_write.o)
                                        0x312 (size before relaxing)
 .debug_str     0x0000000000000f55      0x105 ../entrega3_bsp//libhal_bsp.a(alt_sys_init.o)
                                        0x2ee (size before relaxing)
 .debug_str     0x000000000000105a       0x77 ../entrega3_bsp//libhal_bsp.a(altera_avalon_jtag_uart_fd.o)
                                        0x2ef (size before relaxing)
 .debug_str     0x00000000000010d1       0x48 ../entrega3_bsp//libhal_bsp.a(altera_avalon_jtag_uart_read.o)
                                        0x239 (size before relaxing)
 .debug_str     0x0000000000001119       0x4a ../entrega3_bsp//libhal_bsp.a(altera_avalon_jtag_uart_write.o)
                                        0x22f (size before relaxing)
 .debug_str     0x0000000000001163       0x42 ../entrega3_bsp//libhal_bsp.a(alt_busy_sleep.o)
                                        0x185 (size before relaxing)
 .debug_str     0x00000000000011a5       0x1b ../entrega3_bsp//libhal_bsp.a(alt_close.o)
                                        0x225 (size before relaxing)
 .debug_str     0x00000000000011c0       0x34 ../entrega3_bsp//libhal_bsp.a(alt_dcache_flush_all.o)
                                        0x16f (size before relaxing)
 .debug_str     0x00000000000011f4       0x50 ../entrega3_bsp//libhal_bsp.a(alt_dev.o)
                                        0x31f (size before relaxing)
 .debug_str     0x0000000000001244       0x4b ../entrega3_bsp//libhal_bsp.a(alt_dev_llist_insert.o)
                                        0x1e6 (size before relaxing)
 .debug_str     0x000000000000128f       0x48 ../entrega3_bsp//libhal_bsp.a(alt_do_ctors.o)
                                         0xea (size before relaxing)
 .debug_str     0x00000000000012d7       0x4c ../entrega3_bsp//libhal_bsp.a(alt_do_dtors.o)
                                         0xe9 (size before relaxing)
 .debug_str     0x0000000000001323       0x14 ../entrega3_bsp//libhal_bsp.a(alt_errno.o)
                                        0x15f (size before relaxing)
 .debug_str     0x0000000000001337       0x34 ../entrega3_bsp//libhal_bsp.a(alt_icache_flush_all.o)
                                        0x16f (size before relaxing)
 .debug_str     0x000000000000136b       0x56 ../entrega3_bsp//libhal_bsp.a(alt_io_redirect.o)
                                        0x330 (size before relaxing)
 .debug_str     0x00000000000013c1       0x36 ../entrega3_bsp//libhal_bsp.a(alt_open.o)
                                        0x265 (size before relaxing)
 .debug_str     0x00000000000013f7       0x28 ../entrega3_bsp//libhal_bsp.a(alt_release_fd.o)
                                        0x1ed (size before relaxing)
 .debug_str     0x000000000000141f       0x3b ../entrega3_bsp//libhal_bsp.a(altera_nios2_gen2_irq.o)
                                        0x176 (size before relaxing)
 .debug_str     0x000000000000145a       0x24 ../entrega3_bsp//libhal_bsp.a(alt_find_dev.o)
                                        0x206 (size before relaxing)
 .debug_str     0x000000000000147e       0x26 ../entrega3_bsp//libhal_bsp.a(alt_find_file.o)
                                        0x214 (size before relaxing)
 .debug_str     0x00000000000014a4       0x30 ../entrega3_bsp//libhal_bsp.a(alt_get_fd.o)
                                        0x236 (size before relaxing)
 .debug_str     0x00000000000014d4      0x117 /home/marcelo/intelFPGA_lite/18.0/nios2eds/bin/gnu/H-x86_64-pc-linux-gnu/bin/../lib/gcc/nios2-elf/5.3.0/../../../../../H-x86_64-pc-linux-gnu/nios2-elf/lib/mno-hw-mul/libsmallc.a(lib_a-atexit.o)
                                        0x21d (size before relaxing)
 .debug_str     0x00000000000015eb       0x4c /home/marcelo/intelFPGA_lite/18.0/nios2eds/bin/gnu/H-x86_64-pc-linux-gnu/bin/../lib/gcc/nios2-elf/5.3.0/../../../../../H-x86_64-pc-linux-gnu/nios2-elf/lib/mno-hw-mul/libsmallc.a(lib_a-exit.o)
                                        0x1f1 (size before relaxing)
 .debug_str     0x0000000000001637       0x44 /home/marcelo/intelFPGA_lite/18.0/nios2eds/bin/gnu/H-x86_64-pc-linux-gnu/bin/../lib/gcc/nios2-elf/5.3.0/../../../../../H-x86_64-pc-linux-gnu/nios2-elf/lib/mno-hw-mul/libsmallc.a(lib_a-memcmp.o)
                                        0x1e0 (size before relaxing)
 .debug_str     0x000000000000167b       0x46 /home/marcelo/intelFPGA_lite/18.0/nios2eds/bin/gnu/H-x86_64-pc-linux-gnu/bin/../lib/gcc/nios2-elf/5.3.0/../../../../../H-x86_64-pc-linux-gnu/nios2-elf/lib/mno-hw-mul/libsmallc.a(lib_a-__atexit.o)
                                        0x500 (size before relaxing)
 .debug_str     0x00000000000016c1       0x65 /home/marcelo/intelFPGA_lite/18.0/nios2eds/bin/gnu/H-x86_64-pc-linux-gnu/bin/../lib/gcc/nios2-elf/5.3.0/../../../../../H-x86_64-pc-linux-gnu/nios2-elf/lib/mno-hw-mul/libsmallc.a(lib_a-__call_atexit.o)
                                        0x4ec (size before relaxing)
 .debug_str     0x0000000000001726       0x2a ../entrega3_bsp//libhal_bsp.a(alt_exit.o)
                                        0x16b (size before relaxing)

.debug_loc      0x0000000000000000     0x15da
 *(.debug_loc)
 .debug_loc     0x0000000000000000       0xc6 /home/marcelo/intelFPGA_lite/18.0/nios2eds/bin/gnu/H-x86_64-pc-linux-gnu/bin/../lib/gcc/nios2-elf/5.3.0/../../../../../H-x86_64-pc-linux-gnu/nios2-elf/lib/mno-hw-mul/libsmallc.a(lib_a-printf.o)
 .debug_loc     0x00000000000000c6       0x97 /home/marcelo/intelFPGA_lite/18.0/nios2eds/bin/gnu/H-x86_64-pc-linux-gnu/bin/../lib/gcc/nios2-elf/5.3.0/../../../../../H-x86_64-pc-linux-gnu/nios2-elf/lib/mno-hw-mul/libsmallc.a(lib_a-puts.o)
 .debug_loc     0x000000000000015d       0x1e /home/marcelo/intelFPGA_lite/18.0/nios2eds/bin/gnu/H-x86_64-pc-linux-gnu/bin/../lib/gcc/nios2-elf/5.3.0/../../../../../H-x86_64-pc-linux-gnu/nios2-elf/lib/mno-hw-mul/libsmallc.a(lib_a-strlen.o)
 .debug_loc     0x000000000000017b      0x954 /home/marcelo/intelFPGA_lite/18.0/nios2eds/bin/gnu/H-x86_64-pc-linux-gnu/bin/../lib/gcc/nios2-elf/5.3.0/../../../../../H-x86_64-pc-linux-gnu/nios2-elf/lib/mno-hw-mul/libsmallc.a(lib_a-vfprintf.o)
 .debug_loc     0x0000000000000acf      0x110 /home/marcelo/intelFPGA_lite/18.0/nios2eds/bin/gnu/H-x86_64-pc-linux-gnu/bin/../lib/gcc/nios2-elf/5.3.0/../../../../../H-x86_64-pc-linux-gnu/nios2-elf/lib/mno-hw-mul/libsmallc.a(lib_a-fvwrite_small_dev.o)
 .debug_loc     0x0000000000000bdf       0xa5 /home/marcelo/intelFPGA_lite/18.0/nios2eds/bin/gnu/H-x86_64-pc-linux-gnu/bin/../lib/gcc/nios2-elf/5.3.0/../../../../../H-x86_64-pc-linux-gnu/nios2-elf/lib/mno-hw-mul/libsmallc.a(lib_a-writer.o)
 .debug_loc     0x0000000000000c84      0x4ce /home/marcelo/intelFPGA_lite/18.0/nios2eds/bin/gnu/H-x86_64-pc-linux-gnu/bin/../lib/gcc/nios2-elf/5.3.0/mno-hw-mul/libgcc.a(lib2-divmod.o)
 .debug_loc     0x0000000000001152       0x93 /home/marcelo/intelFPGA_lite/18.0/nios2eds/bin/gnu/H-x86_64-pc-linux-gnu/bin/../lib/gcc/nios2-elf/5.3.0/mno-hw-mul/libgcc.a(lib2-mul.o)
 .debug_loc     0x00000000000011e5       0x2c /home/marcelo/intelFPGA_lite/18.0/nios2eds/bin/gnu/H-x86_64-pc-linux-gnu/bin/../lib/gcc/nios2-elf/5.3.0/../../../../../H-x86_64-pc-linux-gnu/nios2-elf/lib/mno-hw-mul/libsmallc.a(lib_a-atexit.o)
 .debug_loc     0x0000000000001211       0x1e /home/marcelo/intelFPGA_lite/18.0/nios2eds/bin/gnu/H-x86_64-pc-linux-gnu/bin/../lib/gcc/nios2-elf/5.3.0/../../../../../H-x86_64-pc-linux-gnu/nios2-elf/lib/mno-hw-mul/libsmallc.a(lib_a-exit.o)
 .debug_loc     0x000000000000122f       0x94 /home/marcelo/intelFPGA_lite/18.0/nios2eds/bin/gnu/H-x86_64-pc-linux-gnu/bin/../lib/gcc/nios2-elf/5.3.0/../../../../../H-x86_64-pc-linux-gnu/nios2-elf/lib/mno-hw-mul/libsmallc.a(lib_a-memcmp.o)
 .debug_loc     0x00000000000012c3      0x1c0 /home/marcelo/intelFPGA_lite/18.0/nios2eds/bin/gnu/H-x86_64-pc-linux-gnu/bin/../lib/gcc/nios2-elf/5.3.0/../../../../../H-x86_64-pc-linux-gnu/nios2-elf/lib/mno-hw-mul/libsmallc.a(lib_a-__atexit.o)
 .debug_loc     0x0000000000001483      0x157 /home/marcelo/intelFPGA_lite/18.0/nios2eds/bin/gnu/H-x86_64-pc-linux-gnu/bin/../lib/gcc/nios2-elf/5.3.0/../../../../../H-x86_64-pc-linux-gnu/nios2-elf/lib/mno-hw-mul/libsmallc.a(lib_a-__call_atexit.o)

.debug_macinfo
 *(.debug_macinfo)

.debug_weaknames
 *(.debug_weaknames)

.debug_funcnames
 *(.debug_funcnames)

.debug_typenames
 *(.debug_typenames)

.debug_varnames
 *(.debug_varnames)

.debug_alt_sim_info
                0x0000000000000000       0x40
 *(.debug_alt_sim_info)
 .debug_alt_sim_info
                0x0000000000000000       0x10 ../entrega3_bsp//obj/HAL/src/crt0.o
 .debug_alt_sim_info
                0x0000000000000010       0x30 ../entrega3_bsp//libhal_bsp.a(alt_busy_sleep.o)
                0x0000000000116a60                __alt_data_end = 0x116a60
                0x0000000000116a60                PROVIDE (__alt_stack_pointer, __alt_data_end)
                [!provide]                        PROVIDE (__alt_stack_limit, __alt_stack_base)
                [!provide]                        PROVIDE (__alt_heap_start, end)
                [!provide]                        PROVIDE (__alt_heap_limit, 0x116a60)
OUTPUT(entrega3.elf elf32-littlenios2)

.debug_ranges   0x0000000000000000      0x240
 .debug_ranges  0x0000000000000000       0x20 ../entrega3_bsp//obj/HAL/src/crt0.o
 .debug_ranges  0x0000000000000020       0x18 /home/marcelo/intelFPGA_lite/18.0/nios2eds/bin/gnu/H-x86_64-pc-linux-gnu/bin/../lib/gcc/nios2-elf/5.3.0/../../../../../H-x86_64-pc-linux-gnu/nios2-elf/lib/mno-hw-mul/libsmallc.a(lib_a-printf.o)
 .debug_ranges  0x0000000000000038       0x18 /home/marcelo/intelFPGA_lite/18.0/nios2eds/bin/gnu/H-x86_64-pc-linux-gnu/bin/../lib/gcc/nios2-elf/5.3.0/../../../../../H-x86_64-pc-linux-gnu/nios2-elf/lib/mno-hw-mul/libsmallc.a(lib_a-puts.o)
 .debug_ranges  0x0000000000000050       0x10 /home/marcelo/intelFPGA_lite/18.0/nios2eds/bin/gnu/H-x86_64-pc-linux-gnu/bin/../lib/gcc/nios2-elf/5.3.0/../../../../../H-x86_64-pc-linux-gnu/nios2-elf/lib/mno-hw-mul/libsmallc.a(lib_a-strlen.o)
 .debug_ranges  0x0000000000000060       0xc8 /home/marcelo/intelFPGA_lite/18.0/nios2eds/bin/gnu/H-x86_64-pc-linux-gnu/bin/../lib/gcc/nios2-elf/5.3.0/../../../../../H-x86_64-pc-linux-gnu/nios2-elf/lib/mno-hw-mul/libsmallc.a(lib_a-vfprintf.o)
 .debug_ranges  0x0000000000000128       0x28 /home/marcelo/intelFPGA_lite/18.0/nios2eds/bin/gnu/H-x86_64-pc-linux-gnu/bin/../lib/gcc/nios2-elf/5.3.0/../../../../../H-x86_64-pc-linux-gnu/nios2-elf/lib/mno-hw-mul/libsmallc.a(lib_a-fvwrite_small_dev.o)
 .debug_ranges  0x0000000000000150       0x10 /home/marcelo/intelFPGA_lite/18.0/nios2eds/bin/gnu/H-x86_64-pc-linux-gnu/bin/../lib/gcc/nios2-elf/5.3.0/../../../../../H-x86_64-pc-linux-gnu/nios2-elf/lib/mno-hw-mul/libsmallc.a(lib_a-writer.o)
 .debug_ranges  0x0000000000000160       0x60 /home/marcelo/intelFPGA_lite/18.0/nios2eds/bin/gnu/H-x86_64-pc-linux-gnu/bin/../lib/gcc/nios2-elf/5.3.0/mno-hw-mul/libgcc.a(lib2-divmod.o)
 .debug_ranges  0x00000000000001c0       0x18 ../entrega3_bsp//libhal_bsp.a(altera_avalon_jtag_uart_read.o)
 .debug_ranges  0x00000000000001d8       0x10 /home/marcelo/intelFPGA_lite/18.0/nios2eds/bin/gnu/H-x86_64-pc-linux-gnu/bin/../lib/gcc/nios2-elf/5.3.0/../../../../../H-x86_64-pc-linux-gnu/nios2-elf/lib/mno-hw-mul/libsmallc.a(lib_a-atexit.o)
 .debug_ranges  0x00000000000001e8       0x10 /home/marcelo/intelFPGA_lite/18.0/nios2eds/bin/gnu/H-x86_64-pc-linux-gnu/bin/../lib/gcc/nios2-elf/5.3.0/../../../../../H-x86_64-pc-linux-gnu/nios2-elf/lib/mno-hw-mul/libsmallc.a(lib_a-exit.o)
 .debug_ranges  0x00000000000001f8       0x10 /home/marcelo/intelFPGA_lite/18.0/nios2eds/bin/gnu/H-x86_64-pc-linux-gnu/bin/../lib/gcc/nios2-elf/5.3.0/../../../../../H-x86_64-pc-linux-gnu/nios2-elf/lib/mno-hw-mul/libsmallc.a(lib_a-memcmp.o)
 .debug_ranges  0x0000000000000208       0x10 /home/marcelo/intelFPGA_lite/18.0/nios2eds/bin/gnu/H-x86_64-pc-linux-gnu/bin/../lib/gcc/nios2-elf/5.3.0/../../../../../H-x86_64-pc-linux-gnu/nios2-elf/lib/mno-hw-mul/libsmallc.a(lib_a-__atexit.o)
 .debug_ranges  0x0000000000000218       0x28 /home/marcelo/intelFPGA_lite/18.0/nios2eds/bin/gnu/H-x86_64-pc-linux-gnu/bin/../lib/gcc/nios2-elf/5.3.0/../../../../../H-x86_64-pc-linux-gnu/nios2-elf/lib/mno-hw-mul/libsmallc.a(lib_a-__call_atexit.o)
