Archive member included to satisfy reference by file (symbol)

/home/marcelo/intelFPGA_lite/18.0/nios2eds/bin/gnu/H-x86_64-pc-linux-gnu/bin/../lib/gcc/nios2-elf/5.3.0/mno-hw-mul/libgcc.a(lib2-mul.o)
                              obj/default/hello_world.o (__mulsi3)
/home/marcelo/intelFPGA_lite/18.0/nios2eds/bin/gnu/H-x86_64-pc-linux-gnu/bin/../lib/gcc/nios2-elf/5.3.0/../../../../../H-x86_64-pc-linux-gnu/nios2-elf/lib/mno-hw-mul/libc.a(lib_a-puts.o)
                              obj/default/hello_world.o (puts)
/home/marcelo/intelFPGA_lite/18.0/nios2eds/bin/gnu/H-x86_64-pc-linux-gnu/bin/../lib/gcc/nios2-elf/5.3.0/../../../../../H-x86_64-pc-linux-gnu/nios2-elf/lib/mno-hw-mul/libc.a(lib_a-strlen.o)
                              /home/marcelo/intelFPGA_lite/18.0/nios2eds/bin/gnu/H-x86_64-pc-linux-gnu/bin/../lib/gcc/nios2-elf/5.3.0/../../../../../H-x86_64-pc-linux-gnu/nios2-elf/lib/mno-hw-mul/libc.a(lib_a-puts.o) (strlen)
/home/marcelo/intelFPGA_lite/18.0/nios2eds/bin/gnu/H-x86_64-pc-linux-gnu/bin/../lib/gcc/nios2-elf/5.3.0/../../../../../H-x86_64-pc-linux-gnu/nios2-elf/lib/mno-hw-mul/libc.a(lib_a-findfp.o)
                              /home/marcelo/intelFPGA_lite/18.0/nios2eds/bin/gnu/H-x86_64-pc-linux-gnu/bin/../lib/gcc/nios2-elf/5.3.0/../../../../../H-x86_64-pc-linux-gnu/nios2-elf/lib/mno-hw-mul/libc.a(lib_a-puts.o) (__sinit)
/home/marcelo/intelFPGA_lite/18.0/nios2eds/bin/gnu/H-x86_64-pc-linux-gnu/bin/../lib/gcc/nios2-elf/5.3.0/../../../../../H-x86_64-pc-linux-gnu/nios2-elf/lib/mno-hw-mul/libc.a(lib_a-fvwrite.o)
                              /home/marcelo/intelFPGA_lite/18.0/nios2eds/bin/gnu/H-x86_64-pc-linux-gnu/bin/../lib/gcc/nios2-elf/5.3.0/../../../../../H-x86_64-pc-linux-gnu/nios2-elf/lib/mno-hw-mul/libc.a(lib_a-puts.o) (__sfvwrite_r)
/home/marcelo/intelFPGA_lite/18.0/nios2eds/bin/gnu/H-x86_64-pc-linux-gnu/bin/../lib/gcc/nios2-elf/5.3.0/../../../../../H-x86_64-pc-linux-gnu/nios2-elf/lib/mno-hw-mul/libc.a(lib_a-fwalk.o)
                              /home/marcelo/intelFPGA_lite/18.0/nios2eds/bin/gnu/H-x86_64-pc-linux-gnu/bin/../lib/gcc/nios2-elf/5.3.0/../../../../../H-x86_64-pc-linux-gnu/nios2-elf/lib/mno-hw-mul/libc.a(lib_a-findfp.o) (_fwalk)
/home/marcelo/intelFPGA_lite/18.0/nios2eds/bin/gnu/H-x86_64-pc-linux-gnu/bin/../lib/gcc/nios2-elf/5.3.0/../../../../../H-x86_64-pc-linux-gnu/nios2-elf/lib/mno-hw-mul/libc.a(lib_a-impure.o)
                              /home/marcelo/intelFPGA_lite/18.0/nios2eds/bin/gnu/H-x86_64-pc-linux-gnu/bin/../lib/gcc/nios2-elf/5.3.0/../../../../../H-x86_64-pc-linux-gnu/nios2-elf/lib/mno-hw-mul/libc.a(lib_a-findfp.o) (_global_impure_ptr)
/home/marcelo/intelFPGA_lite/18.0/nios2eds/bin/gnu/H-x86_64-pc-linux-gnu/bin/../lib/gcc/nios2-elf/5.3.0/../../../../../H-x86_64-pc-linux-gnu/nios2-elf/lib/mno-hw-mul/libc.a(lib_a-mallocr.o)
                              /home/marcelo/intelFPGA_lite/18.0/nios2eds/bin/gnu/H-x86_64-pc-linux-gnu/bin/../lib/gcc/nios2-elf/5.3.0/../../../../../H-x86_64-pc-linux-gnu/nios2-elf/lib/mno-hw-mul/libc.a(lib_a-findfp.o) (_malloc_r)
/home/marcelo/intelFPGA_lite/18.0/nios2eds/bin/gnu/H-x86_64-pc-linux-gnu/bin/../lib/gcc/nios2-elf/5.3.0/../../../../../H-x86_64-pc-linux-gnu/nios2-elf/lib/mno-hw-mul/libc.a(lib_a-memchr.o)
                              /home/marcelo/intelFPGA_lite/18.0/nios2eds/bin/gnu/H-x86_64-pc-linux-gnu/bin/../lib/gcc/nios2-elf/5.3.0/../../../../../H-x86_64-pc-linux-gnu/nios2-elf/lib/mno-hw-mul/libc.a(lib_a-fvwrite.o) (memchr)
/home/marcelo/intelFPGA_lite/18.0/nios2eds/bin/gnu/H-x86_64-pc-linux-gnu/bin/../lib/gcc/nios2-elf/5.3.0/../../../../../H-x86_64-pc-linux-gnu/nios2-elf/lib/mno-hw-mul/libc.a(lib_a-memcpy.o)
                              /home/marcelo/intelFPGA_lite/18.0/nios2eds/bin/gnu/H-x86_64-pc-linux-gnu/bin/../lib/gcc/nios2-elf/5.3.0/../../../../../H-x86_64-pc-linux-gnu/nios2-elf/lib/mno-hw-mul/libc.a(lib_a-fvwrite.o) (memcpy)
/home/marcelo/intelFPGA_lite/18.0/nios2eds/bin/gnu/H-x86_64-pc-linux-gnu/bin/../lib/gcc/nios2-elf/5.3.0/../../../../../H-x86_64-pc-linux-gnu/nios2-elf/lib/mno-hw-mul/libc.a(lib_a-memmove.o)
                              /home/marcelo/intelFPGA_lite/18.0/nios2eds/bin/gnu/H-x86_64-pc-linux-gnu/bin/../lib/gcc/nios2-elf/5.3.0/../../../../../H-x86_64-pc-linux-gnu/nios2-elf/lib/mno-hw-mul/libc.a(lib_a-fvwrite.o) (memmove)
/home/marcelo/intelFPGA_lite/18.0/nios2eds/bin/gnu/H-x86_64-pc-linux-gnu/bin/../lib/gcc/nios2-elf/5.3.0/../../../../../H-x86_64-pc-linux-gnu/nios2-elf/lib/mno-hw-mul/libc.a(lib_a-memset.o)
                              /home/marcelo/intelFPGA_lite/18.0/nios2eds/bin/gnu/H-x86_64-pc-linux-gnu/bin/../lib/gcc/nios2-elf/5.3.0/../../../../../H-x86_64-pc-linux-gnu/nios2-elf/lib/mno-hw-mul/libc.a(lib_a-findfp.o) (memset)
/home/marcelo/intelFPGA_lite/18.0/nios2eds/bin/gnu/H-x86_64-pc-linux-gnu/bin/../lib/gcc/nios2-elf/5.3.0/../../../../../H-x86_64-pc-linux-gnu/nios2-elf/lib/mno-hw-mul/libc.a(lib_a-reallocr.o)
[...]
Memory Configuration

Name             Origin             Length             Attributes
reset            0x0000000000000000 0x0000000000000020
program_memory   0x0000000000000020 0x000000000000fce0
data_memory      0x0000000000010000 0x0000000000008000
*default*        0x0000000000000000 0xffffffffffffffff

Linker script and memory map

LOAD ../niosHello_bsp//obj/HAL/src/crt0.o
LOAD obj/default/hello_world.o
LOAD /home/marcelo/intelFPGA_lite/18.0/nios2eds/bin/gnu/H-x86_64-pc-linux-gnu/bin/../lib/gcc/nios2-elf/5.3.0/../../../../../H-x86_64-pc-linux-gnu/nios2-elf/lib/mno-hw-mul/libstdc++.a
LOAD /home/marcelo/intelFPGA_lite/18.0/nios2eds/bin/gnu/H-x86_64-pc-linux-gnu/bin/../lib/gcc/nios2-elf/5.3.0/../../../../../H-x86_64-pc-linux-gnu/nios2-elf/lib/mno-hw-mul/libm.a
LOAD /home/marcelo/intelFPGA_lite/18.0/nios2eds/bin/gnu/H-x86_64-pc-linux-gnu/bin/../lib/gcc/nios2-elf/5.3.0/mno-hw-mul/libgcc.a
START GROUP
LOAD /home/marcelo/intelFPGA_lite/18.0/nios2eds/bin/gnu/H-x86_64-pc-linux-gnu/bin/../lib/gcc/nios2-elf/5.3.0/../../../../../H-x86_64-pc-linux-gnu/nios2-elf/lib/mno-hw-mul/libc.a
LOAD /home/marcelo/intelFPGA_lite/18.0/nios2eds/bin/gnu/H-x86_64-pc-linux-gnu/bin/../lib/gcc/nios2-elf/5.3.0/mno-hw-mul/libgcc.a
LOAD ../niosHello_bsp//libhal_bsp.a
LOAD /home/marcelo/intelFPGA_lite/18.0/nios2eds/bin/gnu/H-x86_64-pc-linux-gnu/bin/../lib/gcc/nios2-elf/5.3.0/../../../../../H-x86_64-pc-linux-gnu/nios2-elf/lib/mno-hw-mul/libm.a
END GROUP
LOAD /home/marcelo/intelFPGA_lite/18.0/nios2eds/bin/gnu/H-x86_64-pc-linux-gnu/bin/../lib/gcc/nios2-elf/5.3.0/mno-hw-mul/libgcc.a
                0x0000000000000000                __alt_mem_program_memory = 0x0
                0x0000000000010000                __alt_mem_data_memory = 0x10000

.entry          0x0000000000000000       0x20
 *(.entry)
 .entry         0x0000000000000000       0x20 ../niosHello_bsp//obj/HAL/src/crt0.o
                0x0000000000000000                __reset

.exceptions     0x0000000000000020      0x210
                0x0000000000000020                PROVIDE (__ram_exceptions_start, ABSOLUTE (.))
                0x0000000000000020                . = ALIGN (0x20)
 *(.irq)
 *(.exceptions.entry.label)
 .exceptions.entry.label
                0x0000000000000020        0x0 ../niosHello_bsp//libhal_bsp.a(alt_irq_entry.o)
                0x0000000000000020                alt_irq_entry
 .exceptions.entry.label
                0x0000000000000020        0x0 ../niosHello_bsp//libhal_bsp.a(alt_exception_entry.o)
                0x0000000000000020                alt_exception
 *(.exceptions.entry.user)
 *(.exceptions.entry.ecc_fatal)
 *(.exceptions.entry)
 .exceptions.entry
                0x0000000000000020       0x54 ../niosHello_bsp//libhal_bsp.a(alt_exception_entry.o)
 *(.exceptions.irqtest.user)
 *(.exceptions.irqtest)
 .exceptions.irqtest
                0x0000000000000074       0x10 ../niosHello_bsp//libhal_bsp.a(alt_irq_entry.o)
 *(.exceptions.irqhandler.user)
 *(.exceptions.irqhandler)
 .exceptions.irqhandler
                0x0000000000000084        0x4 ../niosHello_bsp//libhal_bsp.a(alt_irq_entry.o)
 *(.exceptions.irqreturn.user)
 *(.exceptions.irqreturn)
 .exceptions.irqreturn
                0x0000000000000088        0x4 ../niosHello_bsp//libhal_bsp.a(alt_irq_entry.o)
 *(.exceptions.notirq.label)
 .exceptions.notirq.label
                0x000000000000008c        0x0 ../niosHello_bsp//libhal_bsp.a(alt_irq_entry.o)
 *(.exceptions.notirq.user)
 *(.exceptions.notirq)
 .exceptions.notirq
                0x000000000000008c        0x8 ../niosHello_bsp//libhal_bsp.a(alt_exception_entry.o)
 *(.exceptions.soft.user)
 *(.exceptions.soft)
 *(.exceptions.unknown.user)
 *(.exceptions.unknown)
 .exceptions.unknown
                0x0000000000000094       0x14 ../niosHello_bsp//libhal_bsp.a(alt_exception_entry.o)
 *(.exceptions.exit.label)
 .exceptions.exit.label
                0x00000000000000a8        0x0 ../niosHello_bsp//libhal_bsp.a(alt_irq_entry.o)
 .exceptions.exit.label
                0x00000000000000a8        0x0 ../niosHello_bsp//libhal_bsp.a(alt_exception_entry.o)
 *(.exceptions.exit.user)
 *(.exceptions.exit)
 .exceptions.exit
                0x00000000000000a8       0x54 ../niosHello_bsp//libhal_bsp.a(alt_exception_entry.o)
 *(.exceptions)
 .exceptions    0x00000000000000fc       0xd4 ../niosHello_bsp//libhal_bsp.a(alt_irq_handler.o)
                0x00000000000000fc                alt_irq_handler
 .exceptions    0x00000000000001d0       0x60 ../niosHello_bsp//libhal_bsp.a(alt_instruction_exception_entry.o)
                0x00000000000001d0                alt_instruction_exception_entry
                0x0000000000000230                PROVIDE (__ram_exceptions_end, ABSOLUTE (.))
                0x0000000000000020                PROVIDE (__flash_exceptions_start, LOADADDR (.exceptions))

.text           0x0000000000000230     0x595c
                [!provide]                        PROVIDE (stext, ABSOLUTE (.))
 *(.interp)
 *(.hash)
 *(.dynsym)
 *(.dynstr)
 *(.gnu.version)
 *(.gnu.version_d)
 *(.gnu.version_r)
 *(.rel.init)
 *(.rela.init)
 *(.rel.text .rel.text.* .rel.gnu.linkonce.t.*)
 *(.rela.text .rela.text.* .rela.gnu.linkonce.t.*)
 *(.rel.fini)
 *(.rela.fini)
 *(.rel.rodata .rel.rodata.* .rel.gnu.linkonce.r.*)
 *(.rela.rodata .rela.rodata.* .rela.gnu.linkonce.r.*)
 *(.rel.data .rel.data.* .rel.gnu.linkonce.d.*)
 *(.rela.data .rela.data.* .rela.gnu.linkonce.d.*)
 *(.rel.tdata .rel.tdata.* .rel.gnu.linkonce.td.*)
 *(.rela.tdata .rela.tdata.* .rela.gnu.linkonce.td.*)
 *(.rel.tbss .rel.tbss.* .rel.gnu.linkonce.tb.*)
 *(.rela.tbss .rela.tbss.* .rela.gnu.linkonce.tb.*)
 *(.rel.ctors)
 *(.rela.ctors)
 *(.rel.dtors)
 *(.rela.dtors)
 *(.rel.got)
 *(.rela.got)
 *(.rel.sdata .rel.sdata.* .rel.gnu.linkonce.s.*)
 *(.rela.sdata .rela.sdata.* .rela.gnu.linkonce.s.*)
 *(.rel.sbss .rel.sbss.* .rel.gnu.linkonce.sb.*)
 *(.rela.sbss .rela.sbss.* .rela.gnu.linkonce.sb.*)
 *(.rel.sdata2 .rel.sdata2.* .rel.gnu.linkonce.s2.*)
 *(.rela.sdata2 .rela.sdata2.* .rela.gnu.linkonce.s2.*)
 *(.rel.sbss2 .rel.sbss2.* .rel.gnu.linkonce.sb2.*)
 *(.rela.sbss2 .rela.sbss2.* .rela.gnu.linkonce.sb2.*)
 *(.rel.bss .rel.bss.* .rel.gnu.linkonce.b.*)
 *(.rela.bss .rela.bss.* .rela.gnu.linkonce.b.*)
 *(.rel.plt)
 *(.rela.plt)
 *(.rel.dyn)
 *(.init)
 *(.plt)
 *(.text .stub .text.* .gnu.linkonce.t.*)
 .text          0x0000000000000230       0x3c ../niosHello_bsp//obj/HAL/src/crt0.o
                0x0000000000000230                _start
 .text          0x000000000000026c      0x178 obj/default/hello_world.o
                0x000000000000026c                main
                0x0000000000000308                handle_button_interrupts
                0x0000000000000380                init_button_pio
 .text          0x00000000000003e4       0x28 /home/marcelo/intelFPGA_lite/18.0/nios2eds/bin/gnu/H-x86_64-pc-linux-gnu/bin/../lib/gcc/nios2-elf/5.3.0/mno-hw-mul/libgcc.a(lib2-mul.o)
                0x00000000000003e4                __mulsi3
 .text          0x000000000000040c        0x0 /home/marcelo/intelFPGA_lite/18.0/nios2eds/bin/gnu/H-x86_64-pc-linux-gnu/bin/../lib/gcc/nios2-elf/5.3.0/../../../../../H-x86_64-pc-linux-gnu/nios2-elf/lib/mno-hw-mul/libc.a(lib_a-puts.o)
 .text._puts_r  0x000000000000040c       0xc0 /home/marcelo/intelFPGA_lite/18.0/nios2eds/bin/gnu/H-x86_64-pc-linux-gnu/bin/../lib/gcc/nios2-elf/5.3.0/../../../../../H-x86_64-pc-linux-gnu/nios2-elf/lib/mno-hw-mul/libc.a(lib_a-puts.o)
                0x000000000000040c                _puts_r
 .text.puts     0x00000000000004cc       0x14 /home/marcelo/intelFPGA_lite/18.0/nios2eds/bin/gnu/H-x86_64-pc-linux-gnu/bin/../lib/gcc/nios2-elf/5.3.0/../../../../../H-x86_64-pc-linux-gnu/nios2-elf/lib/mno-hw-mul/libc.a(lib_a-puts.o)
                0x00000000000004cc                puts
 .text          0x00000000000004e0        0x0 /home/marcelo/intelFPGA_lite/18.0/nios2eds/bin/gnu/H-x86_64-pc-linux-gnu/bin/../lib/gcc/nios2-elf/5.3.0/../../../../../H-x86_64-pc-linux-gnu/nios2-elf/lib/mno-hw-mul/libc.a(lib_a-strlen.o)
 .text.strlen   0x00000000000004e0       0x98 /home/marcelo/intelFPGA_lite/18.0/nios2eds/bin/gnu/H-x86_64-pc-linux-gnu/bin/../lib/gcc/nios2-elf/5.3.0/../../../../../H-x86_64-pc-linux-gnu/nios2-elf/lib/mno-hw-mul/libc.a(lib_a-strlen.o)
                0x00000000000004e0                strlen
 .text          0x0000000000000578        0x0 /home/marcelo/intelFPGA_lite/18.0/nios2eds/bin/gnu/H-x86_64-pc-linux-gnu/bin/../lib/gcc/nios2-elf/5.3.0/../../../../../H-x86_64-pc-linux-gnu/nios2-elf/lib/mno-hw-mul/libc.a(lib_a-findfp.o)
 .text.__fp_unlock
                0x0000000000000578        0x8 /home/marcelo/intelFPGA_lite/18.0/nios2eds/bin/gnu/H-x86_64-pc-linux-gnu/bin/../lib/gcc/nios2-elf/5.3.0/../../../../../H-x86_64-pc-linux-gnu/nios2-elf/lib/mno-hw-mul/libc.a(lib_a-findfp.o)
 .text._cleanup_r
                0x0000000000000580        0xc /home/marcelo/intelFPGA_lite/18.0/nios2eds/bin/gnu/H-x86_64-pc-linux-gnu/bin/../lib/gcc/nios2-elf/5.3.0/../../../../../H-x86_64-pc-linux-gnu/nios2-elf/lib/mno-hw-mul/libc.a(lib_a-findfp.o)
                0x0000000000000580                _cleanup_r
 .text.__sinit.part.1
                0x000000000000058c      0x19c /home/marcelo/intelFPGA_lite/18.0/nios2eds/bin/gnu/H-x86_64-pc-linux-gnu/bin/../lib/gcc/nios2-elf/5.3.0/../../../../../H-x86_64-pc-linux-gnu/nios2-elf/lib/mno-hw-mul/libc.a(lib_a-findfp.o)
 .text.__fp_lock
                0x0000000000000728        0x8 /home/marcelo/intelFPGA_lite/18.0/nios2eds/bin/gnu/H-x86_64-pc-linux-gnu/bin/../lib/gcc/nios2-elf/5.3.0/../../../../../H-x86_64-pc-linux-gnu/nios2-elf/lib/mno-hw-mul/libc.a(lib_a-findfp.o)
 .text.__sfmoreglue
                0x0000000000000730       0x78 /home/marcelo/intelFPGA_lite/18.0/nios2eds/bin/gnu/H-x86_64-pc-linux-gnu/bin/../lib/gcc/nios2-elf/5.3.0/../../../../../H-x86_64-pc-linux-gnu/nios2-elf/lib/mno-hw-mul/libc.a(lib_a-findfp.o)
                0x0000000000000730                __sfmoreglue
 .text.__sfp    0x00000000000007a8      0x118 /home/marcelo/intelFPGA_lite/18.0/nios2eds/bin/gnu/H-x86_64-pc-linux-gnu/bin/../lib/gcc/nios2-elf/5.3.0/../../../../../H-x86_64-pc-linux-gnu/nios2-elf/lib/mno-hw-mul/libc.a(lib_a-findfp.o)
                0x00000000000007a8                __sfp
 .text._cleanup
                0x00000000000008c0       0x18 /home/marcelo/intelFPGA_lite/18.0/nios2eds/bin/gnu/H-x86_64-pc-linux-gnu/bin/../lib/gcc/nios2-elf/5.3.0/../../../../../H-x86_64-pc-linux-gnu/nios2-elf/lib/mno-hw-mul/libc.a(lib_a-findfp.o)
                0x00000000000008c0                _cleanup
 .text.__sinit  0x00000000000008d8       0x10 /home/marcelo/intelFPGA_lite/18.0/nios2eds/bin/gnu/H-x86_64-pc-linux-gnu/bin/../lib/gcc/nios2-elf/5.3.0/../../../../../H-x86_64-pc-linux-gnu/nios2-elf/lib/mno-hw-mul/libc.a(lib_a-findfp.o)
                0x00000000000008d8                __sinit
 .text.__sfp_lock_acquire
                0x00000000000008e8        0x4 /home/marcelo/intelFPGA_lite/18.0/nios2eds/bin/gnu/H-x86_64-pc-linux-gnu/bin/../lib/gcc/nios2-elf/5.3.0/../../../../../H-x86_64-pc-linux-gnu/nios2-elf/lib/mno-hw-mul/libc.a(lib_a-findfp.o)
                0x00000000000008e8                __sfp_lock_acquire
 .text.__sfp_lock_release
                0x00000000000008ec        0x4 /home/marcelo/intelFPGA_lite/18.0/nios2eds/bin/gnu/H-x86_64-pc-linux-gnu/bin/../lib/gcc/nios2-elf/5.3.0/../../../../../H-x86_64-pc-linux-gnu/nios2-elf/lib/mno-hw-mul/libc.a(lib_a-findfp.o)
                0x00000000000008ec                __sfp_lock_release
 .text.__sinit_lock_acquire
                0x00000000000008f0        0x4 /home/marcelo/intelFPGA_lite/18.0/nios2eds/bin/gnu/H-x86_64-pc-linux-gnu/bin/../lib/gcc/nios2-elf/5.3.0/../../../../../H-x86_64-pc-linux-gnu/nios2-elf/lib/mno-hw-mul/libc.a(lib_a-findfp.o)
                0x00000000000008f0                __sinit_lock_acquire
 .text.__sinit_lock_release
                0x00000000000008f4        0x4 /home/marcelo/intelFPGA_lite/18.0/nios2eds/bin/gnu/H-x86_64-pc-linux-gnu/bin/../lib/gcc/nios2-elf/5.3.0/../../../../../H-x86_64-pc-linux-gnu/nios2-elf/lib/mno-hw-mul/libc.a(lib_a-findfp.o)
                0x00000000000008f4                __sinit_lock_release
 .text.__fp_lock_all
                0x00000000000008f8       0x18 /home/marcelo/intelFPGA_lite/18.0/nios2eds/bin/gnu/H-x86_64-pc-linux-gnu/bin/../lib/gcc/nios2-elf/5.3.0/../../../../../H-x86_64-pc-linux-gnu/nios2-elf/lib/mno-hw-mul/libc.a(lib_a-findfp.o)
                0x00000000000008f8                __fp_lock_all
 .text.__fp_unlock_all
                0x0000000000000910       0x18 /home/marcelo/intelFPGA_lite/18.0/nios2eds/bin/gnu/H-x86_64-pc-linux-gnu/bin/../lib/gcc/nios2-elf/5.3.0/../../../../../H-x86_64-pc-linux-gnu/nios2-elf/lib/mno-hw-mul/libc.a(lib_a-findfp.o)
                0x0000000000000910                __fp_unlock_all
 .text          0x0000000000000928        0x0 /home/marcelo/intelFPGA_lite/18.0/nios2eds/bin/gnu/H-x86_64-pc-linux-gnu/bin/../lib/gcc/nios2-elf/5.3.0/../../../../../H-x86_64-pc-linux-gnu/nios2-elf/lib/mno-hw-mul/libc.a(lib_a-fvwrite.o)
 .text.__sfvwrite_r
                0x0000000000000928      0x4c8 /home/marcelo/intelFPGA_lite/18.0/nios2eds/bin/gnu/H-x86_64-pc-linux-gnu/bin/../lib/gcc/nios2-elf/5.3.0/../../../../../H-x86_64-pc-linux-gnu/nios2-elf/lib/mno-hw-mul/libc.a(lib_a-fvwrite.o)
                0x0000000000000928                __sfvwrite_r
 .text          0x0000000000000df0        0x0 /home/marcelo/intelFPGA_lite/18.0/nios2eds/bin/gnu/H-x86_64-pc-linux-gnu/bin/../lib/gcc/nios2-elf/5.3.0/../../../../../H-x86_64-pc-linux-gnu/nios2-elf/lib/mno-hw-mul/libc.a(lib_a-fwalk.o)
 .text._fwalk   0x0000000000000df0       0xc4 /home/marcelo/intelFPGA_lite/18.0/nios2eds/bin/gnu/H-x86_64-pc-linux-gnu/bin/../lib/gcc/nios2-elf/5.3.0/../../../../../H-x86_64-pc-linux-gnu/nios2-elf/lib/mno-hw-mul/libc.a(lib_a-fwalk.o)
                0x0000000000000df0                _fwalk
 .text._fwalk_reent
                0x0000000000000eb4       0xc4 /home/marcelo/intelFPGA_lite/18.0/nios2eds/bin/gnu/H-x86_64-pc-linux-gnu/bin/../lib/gcc/nios2-elf/5.3.0/../../../../../H-x86_64-pc-linux-gnu/nios2-elf/lib/mno-hw-mul/libc.a(lib_a-fwalk.o)
                0x0000000000000eb4                _fwalk_reent
 .text          0x0000000000000f78        0x0 /home/marcelo/intelFPGA_lite/18.0/nios2eds/bin/gnu/H-x86_64-pc-linux-gnu/bin/../lib/gcc/nios2-elf/5.3.0/../../../../../H-x86_64-pc-linux-gnu/nios2-elf/lib/mno-hw-mul/libc.a(lib_a-impure.o)
 .text          0x0000000000000f78        0x0 /home/marcelo/intelFPGA_lite/18.0/nios2eds/bin/gnu/H-x86_64-pc-linux-gnu/bin/../lib/gcc/nios2-elf/5.3.0/../../../../../H-x86_64-pc-linux-gnu/nios2-elf/lib/mno-hw-mul/libc.a(lib_a-mallocr.o)
 .text._malloc_r
                0x0000000000000f78      0x80c /home/marcelo/intelFPGA_lite/18.0/nios2eds/bin/gnu/H-x86_64-pc-linux-gnu/bin/../lib/gcc/nios2-elf/5.3.0/../../../../../H-x86_64-pc-linux-gnu/nios2-elf/lib/mno-hw-mul/libc.a(lib_a-mallocr.o)
                0x0000000000000f78                _malloc_r
 .text          0x0000000000001784        0x0 /home/marcelo/intelFPGA_lite/18.0/nios2eds/bin/gnu/H-x86_64-pc-linux-gnu/bin/../lib/gcc/nios2-elf/5.3.0/../../../../../H-x86_64-pc-linux-gnu/nios2-elf/lib/mno-hw-mul/libc.a(lib_a-memchr.o)
 .text.memchr   0x0000000000001784       0xe4 /home/marcelo/intelFPGA_lite/18.0/nios2eds/bin/gnu/H-x86_64-pc-linux-gnu/bin/../lib/gcc/nios2-elf/5.3.0/../../../../../H-x86_64-pc-linux-gnu/nios2-elf/lib/mno-hw-mul/libc.a(lib_a-memchr.o)
                0x0000000000001784                memchr
 .text          0x0000000000001868        0x0 /home/marcelo/intelFPGA_lite/18.0/nios2eds/bin/gnu/H-x86_64-pc-linux-gnu/bin/../lib/gcc/nios2-elf/5.3.0/../../../../../H-x86_64-pc-linux-gnu/nios2-elf/lib/mno-hw-mul/libc.a(lib_a-memcpy.o)
 .text.memcpy   0x0000000000001868      0x148 /home/marcelo/intelFPGA_lite/18.0/nios2eds/bin/gnu/H-x86_64-pc-linux-gnu/bin/../lib/gcc/nios2-elf/5.3.0/../../../../../H-x86_64-pc-linux-gnu/nios2-elf/lib/mno-hw-mul/libc.a(lib_a-memcpy.o)
                0x0000000000001868                memcpy
 .text          0x00000000000019b0        0x0 /home/marcelo/intelFPGA_lite/18.0/nios2eds/bin/gnu/H-x86_64-pc-linux-gnu/bin/../lib/gcc/nios2-elf/5.3.0/../../../../../H-x86_64-pc-linux-gnu/nios2-elf/lib/mno-hw-mul/libc.a(lib_a-memmove.o)
 .text.memmove  0x00000000000019b0      0x15c /home/marcelo/intelFPGA_lite/18.0/nios2eds/bin/gnu/H-x86_64-pc-linux-gnu/bin/../lib/gcc/nios2-elf/5.3.0/../../../../../H-x86_64-pc-linux-gnu/nios2-elf/lib/mno-hw-mul/libc.a(lib_a-memmove.o)
                0x00000000000019b0                memmove
 .text          0x0000000000001b0c        0x0 /home/marcelo/intelFPGA_lite/18.0/nios2eds/bin/gnu/H-x86_64-pc-linux-gnu/bin/../lib/gcc/nios2-elf/5.3.0/../../../../../H-x86_64-pc-linux-gnu/nios2-elf/lib/mno-hw-mul/libc.a(lib_a-memset.o)
 .text.memset   0x0000000000001b0c      0x128 /home/marcelo/intelFPGA_lite/18.0/nios2eds/bin/gnu/H-x86_64-pc-linux-gnu/bin/../lib/gcc/nios2-elf/5.3.0/../../../../../H-x86_64-pc-linux-gnu/nios2-elf/lib/mno-hw-mul/libc.a(lib_a-memset.o)
                0x0000000000001b0c                memset
 .text          0x0000000000001c34        0x0 /home/marcelo/intelFPGA_lite/18.0/nios2eds/bin/gnu/H-x86_64-pc-linux-gnu/bin/../lib/gcc/nios2-elf/5.3.0/../../../../../H-x86_64-pc-linux-gnu/nios2-elf/lib/mno-hw-mul/libc.a(lib_a-reallocr.o)
 .text._realloc_r
                0x0000000000001c34      0x564 /home/marcelo/intelFPGA_lite/18.0/nios2eds/bin/gnu/H-x86_64-pc-linux-gnu/bin/../lib/gcc/nios2-elf/5.3.0/../../../../../H-x86_64-pc-linux-gnu/nios2-elf/lib/mno-hw-mul/libc.a(lib_a-reallocr.o)
                0x0000000000001c34                _realloc_r
 .text          0x0000000000002198        0x0 /home/marcelo/intelFPGA_lite/18.0/nios2eds/bin/gnu/H-x86_64-pc-linux-gnu/bin/../lib/gcc/nios2-elf/5.3.0/../../../../../H-x86_64-pc-linux-gnu/nios2-elf/lib/mno-hw-mul/libc.a(lib_a-sbrkr.o)
 .text._sbrk_r  0x0000000000002198       0x54 /home/marcelo/intelFPGA_lite/18.0/nios2eds/bin/gnu/H-x86_64-pc-linux-gnu/bin/../lib/gcc/nios2-elf/5.3.0/../../../../../H-x86_64-pc-linux-gnu/nios2-elf/lib/mno-hw-mul/libc.a(lib_a-sbrkr.o)
                0x0000000000002198                _sbrk_r
 .text          0x00000000000021ec        0x0 /home/marcelo/intelFPGA_lite/18.0/nios2eds/bin/gnu/H-x86_64-pc-linux-gnu/bin/../lib/gcc/nios2-elf/5.3.0/../../../../../H-x86_64-pc-linux-gnu/nios2-elf/lib/mno-hw-mul/libc.a(lib_a-stdio.o)
 .text.__sread  0x00000000000021ec       0x54 /home/marcelo/intelFPGA_lite/18.0/nios2eds/bin/gnu/H-x86_64-pc-linux-gnu/bin/../lib/gcc/nios2-elf/5.3.0/../../../../../H-x86_64-pc-linux-gnu/nios2-elf/lib/mno-hw-mul/libc.a(lib_a-stdio.o)
                0x00000000000021ec                __sread
 .text.__seofread
                0x0000000000002240        0x8 /home/marcelo/intelFPGA_lite/18.0/nios2eds/bin/gnu/H-x86_64-pc-linux-gnu/bin/../lib/gcc/nios2-elf/5.3.0/../../../../../H-x86_64-pc-linux-gnu/nios2-elf/lib/mno-hw-mul/libc.a(lib_a-stdio.o)
                0x0000000000002240                __seofread
 .text.__swrite
                0x0000000000002248       0x7c /home/marcelo/intelFPGA_lite/18.0/nios2eds/bin/gnu/H-x86_64-pc-linux-gnu/bin/../lib/gcc/nios2-elf/5.3.0/../../../../../H-x86_64-pc-linux-gnu/nios2-elf/lib/mno-hw-mul/libc.a(lib_a-stdio.o)
                0x0000000000002248                __swrite
 .text.__sseek  0x00000000000022c4       0x5c /home/marcelo/intelFPGA_lite/18.0/nios2eds/bin/gnu/H-x86_64-pc-linux-gnu/bin/../lib/gcc/nios2-elf/5.3.0/../../../../../H-x86_64-pc-linux-gnu/nios2-elf/lib/mno-hw-mul/libc.a(lib_a-stdio.o)
                0x00000000000022c4                __sseek
 .text.__sclose
                0x0000000000002320        0x8 /home/marcelo/intelFPGA_lite/18.0/nios2eds/bin/gnu/H-x86_64-pc-linux-gnu/bin/../lib/gcc/nios2-elf/5.3.0/../../../../../H-x86_64-pc-linux-gnu/nios2-elf/lib/mno-hw-mul/libc.a(lib_a-stdio.o)
                0x0000000000002320                __sclose
 .text          0x0000000000002328        0x0 /home/marcelo/intelFPGA_lite/18.0/nios2eds/bin/gnu/H-x86_64-pc-linux-gnu/bin/../lib/gcc/nios2-elf/5.3.0/../../../../../H-x86_64-pc-linux-gnu/nios2-elf/lib/mno-hw-mul/libc.a(lib_a-writer.o)
 .text._write_r
                0x0000000000002328       0x60 /home/marcelo/intelFPGA_lite/18.0/nios2eds/bin/gnu/H-x86_64-pc-linux-gnu/bin/../lib/gcc/nios2-elf/5.3.0/../../../../../H-x86_64-pc-linux-gnu/nios2-elf/lib/mno-hw-mul/libc.a(lib_a-writer.o)
                0x0000000000002328                _write_r
 .text          0x0000000000002388        0x0 /home/marcelo/intelFPGA_lite/18.0/nios2eds/bin/gnu/H-x86_64-pc-linux-gnu/bin/../lib/gcc/nios2-elf/5.3.0/../../../../../H-x86_64-pc-linux-gnu/nios2-elf/lib/mno-hw-mul/libc.a(lib_a-wsetup.o)
 .text.__swsetup_r
                0x0000000000002388      0x154 /home/marcelo/intelFPGA_lite/18.0/nios2eds/bin/gnu/H-x86_64-pc-linux-gnu/bin/../lib/gcc/nios2-elf/5.3.0/../../../../../H-x86_64-pc-linux-gnu/nios2-elf/lib/mno-hw-mul/libc.a(lib_a-wsetup.o)
                0x0000000000002388                __swsetup_r
 .text          0x00000000000024dc        0x0 /home/marcelo/intelFPGA_lite/18.0/nios2eds/bin/gnu/H-x86_64-pc-linux-gnu/bin/../lib/gcc/nios2-elf/5.3.0/../../../../../H-x86_64-pc-linux-gnu/nios2-elf/lib/mno-hw-mul/libc.a(closer.o)
 .text._close_r
                0x00000000000024dc       0x54 /home/marcelo/intelFPGA_lite/18.0/nios2eds/bin/gnu/H-x86_64-pc-linux-gnu/bin/../lib/gcc/nios2-elf/5.3.0/../../../../../H-x86_64-pc-linux-gnu/nios2-elf/lib/mno-hw-mul/libc.a(closer.o)
                0x00000000000024dc                _close_r
 .text          0x0000000000002530        0x0 /home/marcelo/intelFPGA_lite/18.0/nios2eds/bin/gnu/H-x86_64-pc-linux-gnu/bin/../lib/gcc/nios2-elf/5.3.0/../../../../../H-x86_64-pc-linux-gnu/nios2-elf/lib/mno-hw-mul/libc.a(lib_a-fclose.o)
 .text._fclose_r
                0x0000000000002530       0xf0 /home/marcelo/intelFPGA_lite/18.0/nios2eds/bin/gnu/H-x86_64-pc-linux-gnu/bin/../lib/gcc/nios2-elf/5.3.0/../../../../../H-x86_64-pc-linux-gnu/nios2-elf/lib/mno-hw-mul/libc.a(lib_a-fclose.o)
                0x0000000000002530                _fclose_r
 .text.fclose   0x0000000000002620       0x14 /home/marcelo/intelFPGA_lite/18.0/nios2eds/bin/gnu/H-x86_64-pc-linux-gnu/bin/../lib/gcc/nios2-elf/5.3.0/../../../../../H-x86_64-pc-linux-gnu/nios2-elf/lib/mno-hw-mul/libc.a(lib_a-fclose.o)
                0x0000000000002620                fclose
 .text          0x0000000000002634        0x0 /home/marcelo/intelFPGA_lite/18.0/nios2eds/bin/gnu/H-x86_64-pc-linux-gnu/bin/../lib/gcc/nios2-elf/5.3.0/../../../../../H-x86_64-pc-linux-gnu/nios2-elf/lib/mno-hw-mul/libc.a(lib_a-fflush.o)
 .text.__sflush_r
                0x0000000000002634      0x21c /home/marcelo/intelFPGA_lite/18.0/nios2eds/bin/gnu/H-x86_64-pc-linux-gnu/bin/../lib/gcc/nios2-elf/5.3.0/../../../../../H-x86_64-pc-linux-gnu/nios2-elf/lib/mno-hw-mul/libc.a(lib_a-fflush.o)
                0x0000000000002634                __sflush_r
 .text._fflush_r
                0x0000000000002850       0x5c /home/marcelo/intelFPGA_lite/18.0/nios2eds/bin/gnu/H-x86_64-pc-linux-gnu/bin/../lib/gcc/nios2-elf/5.3.0/../../../../../H-x86_64-pc-linux-gnu/nios2-elf/lib/mno-hw-mul/libc.a(lib_a-fflush.o)
                0x0000000000002850                _fflush_r
 .text.fflush   0x00000000000028ac       0x30 /home/marcelo/intelFPGA_lite/18.0/nios2eds/bin/gnu/H-x86_64-pc-linux-gnu/bin/../lib/gcc/nios2-elf/5.3.0/../../../../../H-x86_64-pc-linux-gnu/nios2-elf/lib/mno-hw-mul/libc.a(lib_a-fflush.o)
                0x00000000000028ac                fflush
 .text          0x00000000000028dc        0x0 /home/marcelo/intelFPGA_lite/18.0/nios2eds/bin/gnu/H-x86_64-pc-linux-gnu/bin/../lib/gcc/nios2-elf/5.3.0/../../../../../H-x86_64-pc-linux-gnu/nios2-elf/lib/mno-hw-mul/libc.a(lib_a-freer.o)
 .text._malloc_trim_r
                0x00000000000028dc      0x124 /home/marcelo/intelFPGA_lite/18.0/nios2eds/bin/gnu/H-x86_64-pc-linux-gnu/bin/../lib/gcc/nios2-elf/5.3.0/../../../../../H-x86_64-pc-linux-gnu/nios2-elf/lib/mno-hw-mul/libc.a(lib_a-freer.o)
                0x00000000000028dc                _malloc_trim_r
 .text._free_r  0x0000000000002a00      0x310 /home/marcelo/intelFPGA_lite/18.0/nios2eds/bin/gnu/H-x86_64-pc-linux-gnu/bin/../lib/gcc/nios2-elf/5.3.0/../../../../../H-x86_64-pc-linux-gnu/nios2-elf/lib/mno-hw-mul/libc.a(lib_a-freer.o)
                0x0000000000002a00                _free_r
 .text          0x0000000000002d10        0x0 /home/marcelo/intelFPGA_lite/18.0/nios2eds/bin/gnu/H-x86_64-pc-linux-gnu/bin/../lib/gcc/nios2-elf/5.3.0/../../../../../H-x86_64-pc-linux-gnu/nios2-elf/lib/mno-hw-mul/libc.a(lib_a-int_errno.o)
 .text          0x0000000000002d10        0x0 /home/marcelo/intelFPGA_lite/18.0/nios2eds/bin/gnu/H-x86_64-pc-linux-gnu/bin/../lib/gcc/nios2-elf/5.3.0/../../../../../H-x86_64-pc-linux-gnu/nios2-elf/lib/mno-hw-mul/libc.a(lib_a-lseekr.o)
 .text._lseek_r
                0x0000000000002d10       0x60 /home/marcelo/intelFPGA_lite/18.0/nios2eds/bin/gnu/H-x86_64-pc-linux-gnu/bin/../lib/gcc/nios2-elf/5.3.0/../../../../../H-x86_64-pc-linux-gnu/nios2-elf/lib/mno-hw-mul/libc.a(lib_a-lseekr.o)
                0x0000000000002d10                _lseek_r
 .text          0x0000000000002d70        0x0 /home/marcelo/intelFPGA_lite/18.0/nios2eds/bin/gnu/H-x86_64-pc-linux-gnu/bin/../lib/gcc/nios2-elf/5.3.0/../../../../../H-x86_64-pc-linux-gnu/nios2-elf/lib/mno-hw-mul/libc.a(lib_a-makebuf.o)
 .text.__smakebuf_r
                0x0000000000002d70      0x1bc /home/marcelo/intelFPGA_lite/18.0/nios2eds/bin/gnu/H-x86_64-pc-linux-gnu/bin/../lib/gcc/nios2-elf/5.3.0/../../../../../H-x86_64-pc-linux-gnu/nios2-elf/lib/mno-hw-mul/libc.a(lib_a-makebuf.o)
                0x0000000000002d70                __smakebuf_r
 .text          0x0000000000002f2c        0x0 /home/marcelo/intelFPGA_lite/18.0/nios2eds/bin/gnu/H-x86_64-pc-linux-gnu/bin/../lib/gcc/nios2-elf/5.3.0/../../../../../H-x86_64-pc-linux-gnu/nios2-elf/lib/mno-hw-mul/libc.a(lib_a-readr.o)
 .text._read_r  0x0000000000002f2c       0x60 /home/marcelo/intelFPGA_lite/18.0/nios2eds/bin/gnu/H-x86_64-pc-linux-gnu/bin/../lib/gcc/nios2-elf/5.3.0/../../../../../H-x86_64-pc-linux-gnu/nios2-elf/lib/mno-hw-mul/libc.a(lib_a-readr.o)
                0x0000000000002f2c                _read_r
 .text          0x0000000000002f8c        0x0 /home/marcelo/intelFPGA_lite/18.0/nios2eds/bin/gnu/H-x86_64-pc-linux-gnu/bin/../lib/gcc/nios2-elf/5.3.0/../../../../../H-x86_64-pc-linux-gnu/nios2-elf/lib/mno-hw-mul/libc.a(lib_a-fstatr.o)
 .text._fstat_r
                0x0000000000002f8c       0x5c /home/marcelo/intelFPGA_lite/18.0/nios2eds/bin/gnu/H-x86_64-pc-linux-gnu/bin/../lib/gcc/nios2-elf/5.3.0/../../../../../H-x86_64-pc-linux-gnu/nios2-elf/lib/mno-hw-mul/libc.a(lib_a-fstatr.o)
                0x0000000000002f8c                _fstat_r
 .text          0x0000000000002fe8        0x0 /home/marcelo/intelFPGA_lite/18.0/nios2eds/bin/gnu/H-x86_64-pc-linux-gnu/bin/../lib/gcc/nios2-elf/5.3.0/../../../../../H-x86_64-pc-linux-gnu/nios2-elf/lib/mno-hw-mul/libc.a(lib_a-isattyr.o)
 .text._isatty_r
                0x0000000000002fe8       0x54 /home/marcelo/intelFPGA_lite/18.0/nios2eds/bin/gnu/H-x86_64-pc-linux-gnu/bin/../lib/gcc/nios2-elf/5.3.0/../../../../../H-x86_64-pc-linux-gnu/nios2-elf/lib/mno-hw-mul/libc.a(lib_a-isattyr.o)
                0x0000000000002fe8                _isatty_r
 .text          0x000000000000303c      0x1b4 /home/marcelo/intelFPGA_lite/18.0/nios2eds/bin/gnu/H-x86_64-pc-linux-gnu/bin/../lib/gcc/nios2-elf/5.3.0/mno-hw-mul/libgcc.a(lib2-divmod.o)
                0x000000000000303c                __divsi3
                0x00000000000030c0                __modsi3
                0x0000000000003134                __udivsi3
                0x0000000000003198                __umodsi3
 .text          0x00000000000031f0      0x114 ../niosHello_bsp//libhal_bsp.a(alt_close.o)
                0x000000000000322c                close
 .text          0x0000000000003304       0x2c ../niosHello_bsp//libhal_bsp.a(alt_dev.o)
 .text          0x0000000000003330        0x0 ../niosHello_bsp//libhal_bsp.a(alt_errno.o)
 .text          0x0000000000003330       0xf4 ../niosHello_bsp//libhal_bsp.a(alt_fstat.o)
                0x000000000000336c                fstat
 .text          0x0000000000003424      0x180 ../niosHello_bsp//libhal_bsp.a(alt_irq_register.o)
                0x0000000000003424                alt_irq_register
 .text          0x00000000000035a4        0x0 ../niosHello_bsp//libhal_bsp.a(alt_irq_vars.o)
 .text          0x00000000000035a4       0xe8 ../niosHello_bsp//libhal_bsp.a(alt_isatty.o)
                0x00000000000035e0                isatty
 .text          0x000000000000368c       0xec ../niosHello_bsp//libhal_bsp.a(alt_load.o)
                0x00000000000036f4                alt_load
 .text          0x0000000000003778      0x118 ../niosHello_bsp//libhal_bsp.a(alt_lseek.o)
                0x00000000000037b4                lseek
 .text          0x0000000000003890       0x7c ../niosHello_bsp//libhal_bsp.a(alt_main.o)
                0x0000000000003890                alt_main
 .text          0x000000000000390c       0x48 ../niosHello_bsp//libhal_bsp.a(alt_malloc_lock.o)
                0x000000000000390c                __malloc_lock
                0x0000000000003930                __malloc_unlock
 .text          0x0000000000003954      0x140 ../niosHello_bsp//libhal_bsp.a(alt_read.o)
                0x0000000000003990                read
 .text          0x0000000000003a94       0x84 ../niosHello_bsp//libhal_bsp.a(alt_release_fd.o)
                0x0000000000003a94                alt_release_fd
 .text          0x0000000000003b18       0xb0 ../niosHello_bsp//libhal_bsp.a(alt_sbrk.o)
                0x0000000000003b18                sbrk
 .text          0x0000000000003bc8       0x30 ../niosHello_bsp//libhal_bsp.a(alt_usleep.o)
                0x0000000000003bc8                usleep
 .text          0x0000000000003bf8      0x13c ../niosHello_bsp//libhal_bsp.a(alt_write.o)
                0x0000000000003c34                write
 .text          0x0000000000003d34       0xb4 ../niosHello_bsp//libhal_bsp.a(alt_sys_init.o)
                0x0000000000003d68                alt_irq_init
                0x0000000000003da0                alt_sys_init
 .text          0x0000000000003de8      0x164 ../niosHello_bsp//libhal_bsp.a(altera_avalon_jtag_uart_fd.o)
                0x0000000000003de8                altera_avalon_jtag_uart_read_fd
                0x0000000000003e48                altera_avalon_jtag_uart_write_fd
                0x0000000000003ea8                altera_avalon_jtag_uart_close_fd
                0x0000000000003ef8                altera_avalon_jtag_uart_ioctl_fd
 .text          0x0000000000003f4c      0x3d4 ../niosHello_bsp//libhal_bsp.a(altera_avalon_jtag_uart_init.o)
                0x0000000000003f4c                altera_avalon_jtag_uart_init
                0x00000000000042b8                altera_avalon_jtag_uart_close
 .text          0x0000000000004320       0xf0 ../niosHello_bsp//libhal_bsp.a(altera_avalon_jtag_uart_ioctl.o)
                0x0000000000004320                altera_avalon_jtag_uart_ioctl
 .text          0x0000000000004410      0x21c ../niosHello_bsp//libhal_bsp.a(altera_avalon_jtag_uart_read.o)
                0x0000000000004410                altera_avalon_jtag_uart_read
 .text          0x000000000000462c      0x224 ../niosHello_bsp//libhal_bsp.a(altera_avalon_jtag_uart_write.o)
                0x000000000000462c                altera_avalon_jtag_uart_write
 .text          0x0000000000004850      0x12c ../niosHello_bsp//libhal_bsp.a(alt_alarm_start.o)
                0x0000000000004850                alt_alarm_start
 .text          0x000000000000497c      0x158 ../niosHello_bsp//libhal_bsp.a(alt_busy_sleep.o)
                0x000000000000497c                alt_busy_sleep
 .text          0x0000000000004ad4       0x20 ../niosHello_bsp//libhal_bsp.a(alt_dcache_flush_all.o)
                0x0000000000004ad4                alt_dcache_flush_all
 .text          0x0000000000004af4       0xe0 ../niosHello_bsp//libhal_bsp.a(alt_dev_llist_insert.o)
                0x0000000000004b30                alt_dev_llist_insert
 .text          0x0000000000004bd4       0x60 ../niosHello_bsp//libhal_bsp.a(alt_do_ctors.o)
                0x0000000000004bd4                _do_ctors
 .text          0x0000000000004c34       0x60 ../niosHello_bsp//libhal_bsp.a(alt_do_dtors.o)
                0x0000000000004c34                _do_dtors
 .text          0x0000000000004c94       0x20 ../niosHello_bsp//libhal_bsp.a(alt_icache_flush_all.o)
                0x0000000000004c94                alt_icache_flush_all
 .text          0x0000000000004cb4      0x1b0 ../niosHello_bsp//libhal_bsp.a(alt_iic.o)
                0x0000000000004cb4                alt_ic_isr_register
                0x0000000000004d04                alt_ic_irq_enable
                0x0000000000004d8c                alt_ic_irq_disable
                0x0000000000004e18                alt_ic_irq_enabled
 .text          0x0000000000004e64       0xf0 ../niosHello_bsp//libhal_bsp.a(alt_iic_isr_register.o)
                0x0000000000004e64                alt_iic_isr_register
 .text          0x0000000000004f54      0x160 ../niosHello_bsp//libhal_bsp.a(alt_io_redirect.o)
                0x0000000000005038                alt_io_redirect
 .text          0x00000000000050b4        0x0 ../niosHello_bsp//libhal_bsp.a(alt_irq_entry.o)
 .text          0x00000000000050b4        0x0 ../niosHello_bsp//libhal_bsp.a(alt_irq_handler.o)
 .text          0x00000000000050b4      0x284 ../niosHello_bsp//libhal_bsp.a(alt_open.o)
                0x00000000000051dc                open
 .text          0x0000000000005338      0x1a4 ../niosHello_bsp//libhal_bsp.a(alt_tick.o)
                0x0000000000005338                alt_alarm_stop
                0x00000000000053d4                alt_tick
 .text          0x00000000000054dc       0x24 ../niosHello_bsp//libhal_bsp.a(altera_nios2_gen2_irq.o)
                0x00000000000054dc                altera_nios2_gen2_irq_init
 .text          0x0000000000005500        0x0 ../niosHello_bsp//libhal_bsp.a(alt_exception_entry.o)
 .text          0x0000000000005500       0x90 ../niosHello_bsp//libhal_bsp.a(alt_find_dev.o)
                0x0000000000005500                alt_find_dev
 .text          0x0000000000005590      0x108 ../niosHello_bsp//libhal_bsp.a(alt_find_file.o)
                0x0000000000005590                alt_find_file
 .text          0x0000000000005698       0xc4 ../niosHello_bsp//libhal_bsp.a(alt_get_fd.o)
                0x0000000000005698                alt_get_fd
 .text          0x000000000000575c       0x9c ../niosHello_bsp//libhal_bsp.a(alt_instruction_exception_entry.o)
                0x000000000000575c                alt_exception_cause_generated_bad_addr
 .text          0x00000000000057f8        0x0 /home/marcelo/intelFPGA_lite/18.0/nios2eds/bin/gnu/H-x86_64-pc-linux-gnu/bin/../lib/gcc/nios2-elf/5.3.0/../../../../../H-x86_64-pc-linux-gnu/nios2-elf/lib/mno-hw-mul/libc.a(lib_a-atexit.o)
 .text.atexit   0x00000000000057f8       0x14 /home/marcelo/intelFPGA_lite/18.0/nios2eds/bin/gnu/H-x86_64-pc-linux-gnu/bin/../lib/gcc/nios2-elf/5.3.0/../../../../../H-x86_64-pc-linux-gnu/nios2-elf/lib/mno-hw-mul/libc.a(lib_a-atexit.o)
                0x00000000000057f8                atexit
 .text          0x000000000000580c        0x0 /home/marcelo/intelFPGA_lite/18.0/nios2eds/bin/gnu/H-x86_64-pc-linux-gnu/bin/../lib/gcc/nios2-elf/5.3.0/../../../../../H-x86_64-pc-linux-gnu/nios2-elf/lib/mno-hw-mul/libc.a(lib_a-exit.o)
 .text.exit     0x000000000000580c       0x38 /home/marcelo/intelFPGA_lite/18.0/nios2eds/bin/gnu/H-x86_64-pc-linux-gnu/bin/../lib/gcc/nios2-elf/5.3.0/../../../../../H-x86_64-pc-linux-gnu/nios2-elf/lib/mno-hw-mul/libc.a(lib_a-exit.o)
                0x000000000000580c                exit
 .text          0x0000000000005844        0x0 /home/marcelo/intelFPGA_lite/18.0/nios2eds/bin/gnu/H-x86_64-pc-linux-gnu/bin/../lib/gcc/nios2-elf/5.3.0/../../../../../H-x86_64-pc-linux-gnu/nios2-elf/lib/mno-hw-mul/libc.a(lib_a-memcmp.o)
 .text.memcmp   0x0000000000005844       0x7c /home/marcelo/intelFPGA_lite/18.0/nios2eds/bin/gnu/H-x86_64-pc-linux-gnu/bin/../lib/gcc/nios2-elf/5.3.0/../../../../../H-x86_64-pc-linux-gnu/nios2-elf/lib/mno-hw-mul/libc.a(lib_a-memcmp.o)
                0x0000000000005844                memcmp
 .text          0x00000000000058c0        0x0 /home/marcelo/intelFPGA_lite/18.0/nios2eds/bin/gnu/H-x86_64-pc-linux-gnu/bin/../lib/gcc/nios2-elf/5.3.0/../../../../../H-x86_64-pc-linux-gnu/nios2-elf/lib/mno-hw-mul/libc.a(lib_a-__atexit.o)
 .text.__register_exitproc
                0x00000000000058c0      0x118 /home/marcelo/intelFPGA_lite/18.0/nios2eds/bin/gnu/H-x86_64-pc-linux-gnu/bin/../lib/gcc/nios2-elf/5.3.0/../../../../../H-x86_64-pc-linux-gnu/nios2-elf/lib/mno-hw-mul/libc.a(lib_a-__atexit.o)
                0x00000000000058c0                __register_exitproc
 .text          0x00000000000059d8        0x0 /home/marcelo/intelFPGA_lite/18.0/nios2eds/bin/gnu/H-x86_64-pc-linux-gnu/bin/../lib/gcc/nios2-elf/5.3.0/../../../../../H-x86_64-pc-linux-gnu/nios2-elf/lib/mno-hw-mul/libc.a(lib_a-__call_atexit.o)
 .text.__call_exitprocs
                0x00000000000059d8      0x180 /home/marcelo/intelFPGA_lite/18.0/nios2eds/bin/gnu/H-x86_64-pc-linux-gnu/bin/../lib/gcc/nios2-elf/5.3.0/../../../../../H-x86_64-pc-linux-gnu/nios2-elf/lib/mno-hw-mul/libc.a(lib_a-__call_atexit.o)
                0x00000000000059d8                __call_exitprocs
 .text          0x0000000000005b58       0x34 ../niosHello_bsp//libhal_bsp.a(alt_exit.o)
                0x0000000000005b58                _exit
 *(.gnu.warning.*)
 *(.fini)
                [!provide]                        PROVIDE (__etext, ABSOLUTE (.))
                [!provide]                        PROVIDE (_etext, ABSOLUTE (.))
                [!provide]                        PROVIDE (etext, ABSOLUTE (.))
 *(.eh_frame_hdr)
                0x0000000000005b8c                . = ALIGN (0x4)
                [!provide]                        PROVIDE (__preinit_array_start, ABSOLUTE (.))
 *(.preinit_array)
                [!provide]                        PROVIDE (__preinit_array_end, ABSOLUTE (.))
                [!provide]                        PROVIDE (__init_array_start, ABSOLUTE (.))
 *(.init_array)
                [!provide]                        PROVIDE (__init_array_end, ABSOLUTE (.))
                [!provide]                        PROVIDE (__fini_array_start, ABSOLUTE (.))
 *(.fini_array)
                [!provide]                        PROVIDE (__fini_array_end, ABSOLUTE (.))
 *(.eh_frame)
 *(.gcc_except_table .gcc_except_table.*)
 *(.dynamic)
                0x0000000000005b8c                PROVIDE (__CTOR_LIST__, ABSOLUTE (.))
 *(.ctors)
 *(SORT(.ctors.*))
                0x0000000000005b8c                PROVIDE (__CTOR_END__, ABSOLUTE (.))
                0x0000000000005b8c                PROVIDE (__DTOR_LIST__, ABSOLUTE (.))
 *(.dtors)
 *(SORT(.dtors.*))
                0x0000000000005b8c                PROVIDE (__DTOR_END__, ABSOLUTE (.))
 *(.jcr)
                0x0000000000005b8c                . = ALIGN (0x4)

.rodata         0x0000000000010000       0x54
                0x0000000000010000                PROVIDE (__ram_rodata_start, ABSOLUTE (.))
                0x0000000000010000                . = ALIGN (0x4)
 *(.rodata .rodata.* .gnu.linkonce.r.*)
 .rodata        0x0000000000010000       0x18 obj/default/hello_world.o
 .rodata.str1.4
                0x0000000000010018        0x2 /home/marcelo/intelFPGA_lite/18.0/nios2eds/bin/gnu/H-x86_64-pc-linux-gnu/bin/../lib/gcc/nios2-elf/5.3.0/../../../../../H-x86_64-pc-linux-gnu/nios2-elf/lib/mno-hw-mul/libc.a(lib_a-puts.o)
 *fill*         0x000000000001001a        0x2 
 .rodata.str1.4
                0x000000000001001c        0x4 /home/marcelo/intelFPGA_lite/18.0/nios2eds/bin/gnu/H-x86_64-pc-linux-gnu/bin/../lib/gcc/nios2-elf/5.3.0/../../../../../H-x86_64-pc-linux-gnu/nios2-elf/lib/mno-hw-mul/libc.a(lib_a-impure.o)
                                          0x2 (size before relaxing)
 .rodata        0x0000000000010020        0xa ../niosHello_bsp//libhal_bsp.a(alt_dev.o)
 *fill*         0x000000000001002a        0x2 
 .rodata        0x000000000001002c       0x11 ../niosHello_bsp//libhal_bsp.a(alt_main.o)
 *fill*         0x000000000001003d        0x3 
 .rodata        0x0000000000010040       0x11 ../niosHello_bsp//libhal_bsp.a(alt_sys_init.o)
 *(.rodata1)
                0x0000000000010054                . = ALIGN (0x4)
 *fill*         0x0000000000010051        0x3 
                0x0000000000010054                PROVIDE (__ram_rodata_end, ABSOLUTE (.))
                0x0000000000010000                PROVIDE (__flash_rodata_start, LOADADDR (.rodata))

.rwdata         0x0000000000010054     0x1a6c load address 0x0000000000005b8c
                0x0000000000010054                PROVIDE (__ram_rwdata_start, ABSOLUTE (.))
                0x0000000000010054                . = ALIGN (0x4)
 *(.got.plt)
 *(.got)
 *(.data1)
 *(.data .data.* .gnu.linkonce.d.*)
 .data          0x0000000000010054        0x0 ../niosHello_bsp//obj/HAL/src/crt0.o
 .data          0x0000000000010054        0x0 obj/default/hello_world.o
 .data          0x0000000000010054        0x0 /home/marcelo/intelFPGA_lite/18.0/nios2eds/bin/gnu/H-x86_64-pc-linux-gnu/bin/../lib/gcc/nios2-elf/5.3.0/mno-hw-mul/libgcc.a(lib2-mul.o)
 .data          0x0000000000010054        0x0 /home/marcelo/intelFPGA_lite/18.0/nios2eds/bin/gnu/H-x86_64-pc-linux-gnu/bin/../lib/gcc/nios2-elf/5.3.0/../../../../../H-x86_64-pc-linux-gnu/nios2-elf/lib/mno-hw-mul/libc.a(lib_a-puts.o)
 .data          0x0000000000010054        0x0 /home/marcelo/intelFPGA_lite/18.0/nios2eds/bin/gnu/H-x86_64-pc-linux-gnu/bin/../lib/gcc/nios2-elf/5.3.0/../../../../../H-x86_64-pc-linux-gnu/nios2-elf/lib/mno-hw-mul/libc.a(lib_a-strlen.o)
 .data          0x0000000000010054        0x0 /home/marcelo/intelFPGA_lite/18.0/nios2eds/bin/gnu/H-x86_64-pc-linux-gnu/bin/../lib/gcc/nios2-elf/5.3.0/../../../../../H-x86_64-pc-linux-gnu/nios2-elf/lib/mno-hw-mul/libc.a(lib_a-findfp.o)
 .data          0x0000000000010054        0x0 /home/marcelo/intelFPGA_lite/18.0/nios2eds/bin/gnu/H-x86_64-pc-linux-gnu/bin/../lib/gcc/nios2-elf/5.3.0/../../../../../H-x86_64-pc-linux-gnu/nios2-elf/lib/mno-hw-mul/libc.a(lib_a-fvwrite.o)
 .data          0x0000000000010054        0x0 /home/marcelo/intelFPGA_lite/18.0/nios2eds/bin/gnu/H-x86_64-pc-linux-gnu/bin/../lib/gcc/nios2-elf/5.3.0/../../../../../H-x86_64-pc-linux-gnu/nios2-elf/lib/mno-hw-mul/libc.a(lib_a-fwalk.o)
 .data          0x0000000000010054        0x0 /home/marcelo/intelFPGA_lite/18.0/nios2eds/bin/gnu/H-x86_64-pc-linux-gnu/bin/../lib/gcc/nios2-elf/5.3.0/../../../../../H-x86_64-pc-linux-gnu/nios2-elf/lib/mno-hw-mul/libc.a(lib_a-impure.o)
 .data.impure_data
                0x0000000000010054      0x424 /home/marcelo/intelFPGA_lite/18.0/nios2eds/bin/gnu/H-x86_64-pc-linux-gnu/bin/../lib/gcc/nios2-elf/5.3.0/../../../../../H-x86_64-pc-linux-gnu/nios2-elf/lib/mno-hw-mul/libc.a(lib_a-impure.o)
 .data          0x0000000000010478        0x0 /home/marcelo/intelFPGA_lite/18.0/nios2eds/bin/gnu/H-x86_64-pc-linux-gnu/bin/../lib/gcc/nios2-elf/5.3.0/../../../../../H-x86_64-pc-linux-gnu/nios2-elf/lib/mno-hw-mul/libc.a(lib_a-mallocr.o)
 .data.__malloc_av_
                0x0000000000010478      0x408 /home/marcelo/intelFPGA_lite/18.0/nios2eds/bin/gnu/H-x86_64-pc-linux-gnu/bin/../lib/gcc/nios2-elf/5.3.0/../../../../../H-x86_64-pc-linux-gnu/nios2-elf/lib/mno-hw-mul/libc.a(lib_a-mallocr.o)
                0x0000000000010478                __malloc_av_
 .data          0x0000000000010880        0x0 /home/marcelo/intelFPGA_lite/18.0/nios2eds/bin/gnu/H-x86_64-pc-linux-gnu/bin/../lib/gcc/nios2-elf/5.3.0/../../../../../H-x86_64-pc-linux-gnu/nios2-elf/lib/mno-hw-mul/libc.a(lib_a-memchr.o)
 .data          0x0000000000010880        0x0 /home/marcelo/intelFPGA_lite/18.0/nios2eds/bin/gnu/H-x86_64-pc-linux-gnu/bin/../lib/gcc/nios2-elf/5.3.0/../../../../../H-x86_64-pc-linux-gnu/nios2-elf/lib/mno-hw-mul/libc.a(lib_a-memcpy.o)
 .data          0x0000000000010880        0x0 /home/marcelo/intelFPGA_lite/18.0/nios2eds/bin/gnu/H-x86_64-pc-linux-gnu/bin/../lib/gcc/nios2-elf/5.3.0/../../../../../H-x86_64-pc-linux-gnu/nios2-elf/lib/mno-hw-mul/libc.a(lib_a-memmove.o)
 .data          0x0000000000010880        0x0 /home/marcelo/intelFPGA_lite/18.0/nios2eds/bin/gnu/H-x86_64-pc-linux-gnu/bin/../lib/gcc/nios2-elf/5.3.0/../../../../../H-x86_64-pc-linux-gnu/nios2-elf/lib/mno-hw-mul/libc.a(lib_a-memset.o)
 .data          0x0000000000010880        0x0 /home/marcelo/intelFPGA_lite/18.0/nios2eds/bin/gnu/H-x86_64-pc-linux-gnu/bin/../lib/gcc/nios2-elf/5.3.0/../../../../../H-x86_64-pc-linux-gnu/nios2-elf/lib/mno-hw-mul/libc.a(lib_a-reallocr.o)
 .data          0x0000000000010880        0x0 /home/marcelo/intelFPGA_lite/18.0/nios2eds/bin/gnu/H-x86_64-pc-linux-gnu/bin/../lib/gcc/nios2-elf/5.3.0/../../../../../H-x86_64-pc-linux-gnu/nios2-elf/lib/mno-hw-mul/libc.a(lib_a-sbrkr.o)
 .data          0x0000000000010880        0x0 /home/marcelo/intelFPGA_lite/18.0/nios2eds/bin/gnu/H-x86_64-pc-linux-gnu/bin/../lib/gcc/nios2-elf/5.3.0/../../../../../H-x86_64-pc-linux-gnu/nios2-elf/lib/mno-hw-mul/libc.a(lib_a-stdio.o)
 .data          0x0000000000010880        0x0 /home/marcelo/intelFPGA_lite/18.0/nios2eds/bin/gnu/H-x86_64-pc-linux-gnu/bin/../lib/gcc/nios2-elf/5.3.0/../../../../../H-x86_64-pc-linux-gnu/nios2-elf/lib/mno-hw-mul/libc.a(lib_a-writer.o)
 .data          0x0000000000010880        0x0 /home/marcelo/intelFPGA_lite/18.0/nios2eds/bin/gnu/H-x86_64-pc-linux-gnu/bin/../lib/gcc/nios2-elf/5.3.0/../../../../../H-x86_64-pc-linux-gnu/nios2-elf/lib/mno-hw-mul/libc.a(lib_a-wsetup.o)
 .data          0x0000000000010880        0x0 /home/marcelo/intelFPGA_lite/18.0/nios2eds/bin/gnu/H-x86_64-pc-linux-gnu/bin/../lib/gcc/nios2-elf/5.3.0/../../../../../H-x86_64-pc-linux-gnu/nios2-elf/lib/mno-hw-mul/libc.a(closer.o)
 .data          0x0000000000010880        0x0 /home/marcelo/intelFPGA_lite/18.0/nios2eds/bin/gnu/H-x86_64-pc-linux-gnu/bin/../lib/gcc/nios2-elf/5.3.0/../../../../../H-x86_64-pc-linux-gnu/nios2-elf/lib/mno-hw-mul/libc.a(lib_a-fclose.o)
 .data          0x0000000000010880        0x0 /home/marcelo/intelFPGA_lite/18.0/nios2eds/bin/gnu/H-x86_64-pc-linux-gnu/bin/../lib/gcc/nios2-elf/5.3.0/../../../../../H-x86_64-pc-linux-gnu/nios2-elf/lib/mno-hw-mul/libc.a(lib_a-fflush.o)
 .data          0x0000000000010880        0x0 /home/marcelo/intelFPGA_lite/18.0/nios2eds/bin/gnu/H-x86_64-pc-linux-gnu/bin/../lib/gcc/nios2-elf/5.3.0/../../../../../H-x86_64-pc-linux-gnu/nios2-elf/lib/mno-hw-mul/libc.a(lib_a-freer.o)
 .data          0x0000000000010880        0x0 /home/marcelo/intelFPGA_lite/18.0/nios2eds/bin/gnu/H-x86_64-pc-linux-gnu/bin/../lib/gcc/nios2-elf/5.3.0/../../../../../H-x86_64-pc-linux-gnu/nios2-elf/lib/mno-hw-mul/libc.a(lib_a-int_errno.o)
 .data          0x0000000000010880        0x0 /home/marcelo/intelFPGA_lite/18.0/nios2eds/bin/gnu/H-x86_64-pc-linux-gnu/bin/../lib/gcc/nios2-elf/5.3.0/../../../../../H-x86_64-pc-linux-gnu/nios2-elf/lib/mno-hw-mul/libc.a(lib_a-lseekr.o)
 .data          0x0000000000010880        0x0 /home/marcelo/intelFPGA_lite/18.0/nios2eds/bin/gnu/H-x86_64-pc-linux-gnu/bin/../lib/gcc/nios2-elf/5.3.0/../../../../../H-x86_64-pc-linux-gnu/nios2-elf/lib/mno-hw-mul/libc.a(lib_a-makebuf.o)
 .data          0x0000000000010880        0x0 /home/marcelo/intelFPGA_lite/18.0/nios2eds/bin/gnu/H-x86_64-pc-linux-gnu/bin/../lib/gcc/nios2-elf/5.3.0/../../../../../H-x86_64-pc-linux-gnu/nios2-elf/lib/mno-hw-mul/libc.a(lib_a-readr.o)
 .data          0x0000000000010880        0x0 /home/marcelo/intelFPGA_lite/18.0/nios2eds/bin/gnu/H-x86_64-pc-linux-gnu/bin/../lib/gcc/nios2-elf/5.3.0/../../../../../H-x86_64-pc-linux-gnu/nios2-elf/lib/mno-hw-mul/libc.a(lib_a-fstatr.o)
 .data          0x0000000000010880        0x0 /home/marcelo/intelFPGA_lite/18.0/nios2eds/bin/gnu/H-x86_64-pc-linux-gnu/bin/../lib/gcc/nios2-elf/5.3.0/../../../../../H-x86_64-pc-linux-gnu/nios2-elf/lib/mno-hw-mul/libc.a(lib_a-isattyr.o)
 .data          0x0000000000010880        0x0 /home/marcelo/intelFPGA_lite/18.0/nios2eds/bin/gnu/H-x86_64-pc-linux-gnu/bin/../lib/gcc/nios2-elf/5.3.0/mno-hw-mul/libgcc.a(lib2-divmod.o)
 .data          0x0000000000010880        0x0 ../niosHello_bsp//libhal_bsp.a(alt_close.o)
 .data          0x0000000000010880      0x1a8 ../niosHello_bsp//libhal_bsp.a(alt_dev.o)
                0x0000000000010880                alt_dev_null
                0x00000000000108a8                alt_fd_list
 .data          0x0000000000010a28        0x0 ../niosHello_bsp//libhal_bsp.a(alt_errno.o)
 .data          0x0000000000010a28        0x0 ../niosHello_bsp//libhal_bsp.a(alt_fstat.o)
 .data          0x0000000000010a28        0x0 ../niosHello_bsp//libhal_bsp.a(alt_irq_register.o)
 .data          0x0000000000010a28        0x0 ../niosHello_bsp//libhal_bsp.a(alt_irq_vars.o)
 .data          0x0000000000010a28        0x0 ../niosHello_bsp//libhal_bsp.a(alt_isatty.o)
 .data          0x0000000000010a28        0x0 ../niosHello_bsp//libhal_bsp.a(alt_load.o)
 .data          0x0000000000010a28        0x0 ../niosHello_bsp//libhal_bsp.a(alt_lseek.o)
 .data          0x0000000000010a28        0x0 ../niosHello_bsp//libhal_bsp.a(alt_main.o)
 .data          0x0000000000010a28        0x0 ../niosHello_bsp//libhal_bsp.a(alt_malloc_lock.o)
 .data          0x0000000000010a28        0x0 ../niosHello_bsp//libhal_bsp.a(alt_read.o)
 .data          0x0000000000010a28        0x0 ../niosHello_bsp//libhal_bsp.a(alt_release_fd.o)
 .data          0x0000000000010a28        0x0 ../niosHello_bsp//libhal_bsp.a(alt_sbrk.o)
 .data          0x0000000000010a28        0x0 ../niosHello_bsp//libhal_bsp.a(alt_usleep.o)
 .data          0x0000000000010a28        0x0 ../niosHello_bsp//libhal_bsp.a(alt_write.o)
 .data          0x0000000000010a28     0x1060 ../niosHello_bsp//libhal_bsp.a(alt_sys_init.o)
 .data          0x0000000000011a88        0x0 ../niosHello_bsp//libhal_bsp.a(altera_avalon_jtag_uart_fd.o)
 .data          0x0000000000011a88        0x0 ../niosHello_bsp//libhal_bsp.a(altera_avalon_jtag_uart_init.o)
 .data          0x0000000000011a88        0x0 ../niosHello_bsp//libhal_bsp.a(altera_avalon_jtag_uart_ioctl.o)
 .data          0x0000000000011a88        0x0 ../niosHello_bsp//libhal_bsp.a(altera_avalon_jtag_uart_read.o)
 .data          0x0000000000011a88        0x0 ../niosHello_bsp//libhal_bsp.a(altera_avalon_jtag_uart_write.o)
 .data          0x0000000000011a88        0x0 ../niosHello_bsp//libhal_bsp.a(alt_alarm_start.o)
 .data          0x0000000000011a88        0x0 ../niosHello_bsp//libhal_bsp.a(alt_busy_sleep.o)
 .data          0x0000000000011a88        0x0 ../niosHello_bsp//libhal_bsp.a(alt_dcache_flush_all.o)
 .data          0x0000000000011a88        0x0 ../niosHello_bsp//libhal_bsp.a(alt_dev_llist_insert.o)
 .data          0x0000000000011a88        0x0 ../niosHello_bsp//libhal_bsp.a(alt_do_ctors.o)
 .data          0x0000000000011a88        0x0 ../niosHello_bsp//libhal_bsp.a(alt_do_dtors.o)
 .data          0x0000000000011a88        0x0 ../niosHello_bsp//libhal_bsp.a(alt_icache_flush_all.o)
 .data          0x0000000000011a88        0x0 ../niosHello_bsp//libhal_bsp.a(alt_iic.o)
 .data          0x0000000000011a88        0x0 ../niosHello_bsp//libhal_bsp.a(alt_iic_isr_register.o)
 .data          0x0000000000011a88        0x0 ../niosHello_bsp//libhal_bsp.a(alt_io_redirect.o)
 .data          0x0000000000011a88        0x0 ../niosHello_bsp//libhal_bsp.a(alt_irq_entry.o)
 .data          0x0000000000011a88        0x0 ../niosHello_bsp//libhal_bsp.a(alt_irq_handler.o)
 .data          0x0000000000011a88        0x0 ../niosHello_bsp//libhal_bsp.a(alt_open.o)
 .data          0x0000000000011a88        0x0 ../niosHello_bsp//libhal_bsp.a(alt_tick.o)
 .data          0x0000000000011a88        0x0 ../niosHello_bsp//libhal_bsp.a(altera_nios2_gen2_irq.o)
 .data          0x0000000000011a88        0x0 ../niosHello_bsp//libhal_bsp.a(alt_exception_entry.o)
 .data          0x0000000000011a88        0x0 ../niosHello_bsp//libhal_bsp.a(alt_find_dev.o)
 .data          0x0000000000011a88        0x0 ../niosHello_bsp//libhal_bsp.a(alt_find_file.o)
 .data          0x0000000000011a88        0x0 ../niosHello_bsp//libhal_bsp.a(alt_get_fd.o)
 .data          0x0000000000011a88        0x0 ../niosHello_bsp//libhal_bsp.a(alt_instruction_exception_entry.o)
 .data          0x0000000000011a88        0x0 /home/marcelo/intelFPGA_lite/18.0/nios2eds/bin/gnu/H-x86_64-pc-linux-gnu/bin/../lib/gcc/nios2-elf/5.3.0/../../../../../H-x86_64-pc-linux-gnu/nios2-elf/lib/mno-hw-mul/libc.a(lib_a-atexit.o)
 .data          0x0000000000011a88        0x0 /home/marcelo/intelFPGA_lite/18.0/nios2eds/bin/gnu/H-x86_64-pc-linux-gnu/bin/../lib/gcc/nios2-elf/5.3.0/../../../../../H-x86_64-pc-linux-gnu/nios2-elf/lib/mno-hw-mul/libc.a(lib_a-exit.o)
 .data          0x0000000000011a88        0x0 /home/marcelo/intelFPGA_lite/18.0/nios2eds/bin/gnu/H-x86_64-pc-linux-gnu/bin/../lib/gcc/nios2-elf/5.3.0/../../../../../H-x86_64-pc-linux-gnu/nios2-elf/lib/mno-hw-mul/libc.a(lib_a-memcmp.o)
 .data          0x0000000000011a88        0x0 /home/marcelo/intelFPGA_lite/18.0/nios2eds/bin/gnu/H-x86_64-pc-linux-gnu/bin/../lib/gcc/nios2-elf/5.3.0/../../../../../H-x86_64-pc-linux-gnu/nios2-elf/lib/mno-hw-mul/libc.a(lib_a-__atexit.o)
 .data          0x0000000000011a88        0x0 /home/marcelo/intelFPGA_lite/18.0/nios2eds/bin/gnu/H-x86_64-pc-linux-gnu/bin/../lib/gcc/nios2-elf/5.3.0/../../../../../H-x86_64-pc-linux-gnu/nios2-elf/lib/mno-hw-mul/libc.a(lib_a-__call_atexit.o)
 .data          0x0000000000011a88        0x0 ../niosHello_bsp//libhal_bsp.a(alt_exit.o)
                0x0000000000019a88                _gp = ABSOLUTE ((. + 0x8000))
                [!provide]                        PROVIDE (gp, _gp)
 *(.rwdata .rwdata.*)
 *(.sdata .sdata.* .gnu.linkonce.s.*)
 .sdata._global_impure_ptr
                0x0000000000011a88        0x4 /home/marcelo/intelFPGA_lite/18.0/nios2eds/bin/gnu/H-x86_64-pc-linux-gnu/bin/../lib/gcc/nios2-elf/5.3.0/../../../../../H-x86_64-pc-linux-gnu/nios2-elf/lib/mno-hw-mul/libc.a(lib_a-impure.o)
                0x0000000000011a88                _global_impure_ptr
 .sdata._impure_ptr
                0x0000000000011a8c        0x4 /home/marcelo/intelFPGA_lite/18.0/nios2eds/bin/gnu/H-x86_64-pc-linux-gnu/bin/../lib/gcc/nios2-elf/5.3.0/../../../../../H-x86_64-pc-linux-gnu/nios2-elf/lib/mno-hw-mul/libc.a(lib_a-impure.o)
                0x0000000000011a8c                _impure_ptr
 .sdata.__malloc_sbrk_base
                0x0000000000011a90        0x4 /home/marcelo/intelFPGA_lite/18.0/nios2eds/bin/gnu/H-x86_64-pc-linux-gnu/bin/../lib/gcc/nios2-elf/5.3.0/../../../../../H-x86_64-pc-linux-gnu/nios2-elf/lib/mno-hw-mul/libc.a(lib_a-mallocr.o)
                0x0000000000011a90                __malloc_sbrk_base
 .sdata.__malloc_trim_threshold
                0x0000000000011a94        0x4 /home/marcelo/intelFPGA_lite/18.0/nios2eds/bin/gnu/H-x86_64-pc-linux-gnu/bin/../lib/gcc/nios2-elf/5.3.0/../../../../../H-x86_64-pc-linux-gnu/nios2-elf/lib/mno-hw-mul/libc.a(lib_a-mallocr.o)
                0x0000000000011a94                __malloc_trim_threshold
 .sdata         0x0000000000011a98       0x14 ../niosHello_bsp//libhal_bsp.a(alt_dev.o)
                0x0000000000011a98                alt_fs_list
                0x0000000000011aa0                alt_dev_list
                0x0000000000011aa8                alt_max_fd
 .sdata         0x0000000000011aac        0x4 ../niosHello_bsp//libhal_bsp.a(alt_errno.o)
                0x0000000000011aac                alt_errno
 .sdata         0x0000000000011ab0        0x4 ../niosHello_bsp//libhal_bsp.a(alt_irq_vars.o)
                0x0000000000011ab0                alt_priority_mask
 .sdata         0x0000000000011ab4        0x4 ../niosHello_bsp//libhal_bsp.a(alt_sbrk.o)
 .sdata         0x0000000000011ab8        0x8 ../niosHello_bsp//libhal_bsp.a(alt_tick.o)
                0x0000000000011ab8                alt_alarm_list
 *(.sdata2 .sdata2.* .gnu.linkonce.s2.*)
                0x0000000000011ac0                . = ALIGN (0x4)
                0x0000000000011ac0                _edata = ABSOLUTE (.)
                [!provide]                        PROVIDE (edata, ABSOLUTE (.))
                0x0000000000011ac0                PROVIDE (__ram_rwdata_end, ABSOLUTE (.))
                0x0000000000005b8c                PROVIDE (__flash_rwdata_start, LOADADDR (.rwdata))

.bss            0x0000000000011ac0      0x15c load address 0x00000000000075f8
                0x0000000000011ac0                __bss_start = ABSOLUTE (.)
                [!provide]                        PROVIDE (__sbss_start, ABSOLUTE (.))
                [!provide]                        PROVIDE (___sbss_start, ABSOLUTE (.))
 *(.dynsbss)
 *(.sbss .sbss.* .gnu.linkonce.sb.*)
 .sbss          0x0000000000011ac0        0x4 obj/default/hello_world.o
                0x0000000000011ac0                enable
 .sbss          0x0000000000011ac4        0x4 obj/default/hello_world.o
                0x0000000000011ac4                edge_capture
 .sbss.__malloc_max_total_mem
                0x0000000000011ac8        0x4 /home/marcelo/intelFPGA_lite/18.0/nios2eds/bin/gnu/H-x86_64-pc-linux-gnu/bin/../lib/gcc/nios2-elf/5.3.0/../../../../../H-x86_64-pc-linux-gnu/nios2-elf/lib/mno-hw-mul/libc.a(lib_a-mallocr.o)
                0x0000000000011ac8                __malloc_max_total_mem
 .sbss.__malloc_max_sbrked_mem
                0x0000000000011acc        0x4 /home/marcelo/intelFPGA_lite/18.0/nios2eds/bin/gnu/H-x86_64-pc-linux-gnu/bin/../lib/gcc/nios2-elf/5.3.0/../../../../../H-x86_64-pc-linux-gnu/nios2-elf/lib/mno-hw-mul/libc.a(lib_a-mallocr.o)
                0x0000000000011acc                __malloc_max_sbrked_mem
 .sbss.__malloc_top_pad
                0x0000000000011ad0        0x4 /home/marcelo/intelFPGA_lite/18.0/nios2eds/bin/gnu/H-x86_64-pc-linux-gnu/bin/../lib/gcc/nios2-elf/5.3.0/../../../../../H-x86_64-pc-linux-gnu/nios2-elf/lib/mno-hw-mul/libc.a(lib_a-mallocr.o)
                0x0000000000011ad0                __malloc_top_pad
 .sbss          0x0000000000011ad4        0x4 /home/marcelo/intelFPGA_lite/18.0/nios2eds/bin/gnu/H-x86_64-pc-linux-gnu/bin/../lib/gcc/nios2-elf/5.3.0/../../../../../H-x86_64-pc-linux-gnu/nios2-elf/lib/mno-hw-mul/libc.a(lib_a-int_errno.o)
                0x0000000000011ad4                errno
 .sbss          0x0000000000011ad8        0x4 ../niosHello_bsp//libhal_bsp.a(alt_irq_vars.o)
                0x0000000000011ad8                alt_irq_active
 .sbss          0x0000000000011adc        0xc ../niosHello_bsp//libhal_bsp.a(alt_main.o)
                0x0000000000011adc                alt_argc
                0x0000000000011ae0                alt_argv
                0x0000000000011ae4                alt_envp
 .sbss          0x0000000000011ae8        0x8 ../niosHello_bsp//libhal_bsp.a(alt_tick.o)
                0x0000000000011ae8                _alt_tick_rate
                0x0000000000011aec                _alt_nticks
 .sbss          0x0000000000011af0        0x4 ../niosHello_bsp//libhal_bsp.a(alt_instruction_exception_entry.o)
                0x0000000000011af0                alt_instruction_exception_handler
 *(.sbss2 .sbss2.* .gnu.linkonce.sb2.*)
 *(.scommon)
                [!provide]                        PROVIDE (__sbss_end, ABSOLUTE (.))
                [!provide]                        PROVIDE (___sbss_end, ABSOLUTE (.))
 *(.dynbss)
 *(.bss .bss.* .gnu.linkonce.b.*)
 .bss           0x0000000000011af4        0x0 ../niosHello_bsp//obj/HAL/src/crt0.o
 .bss           0x0000000000011af4        0x0 obj/default/hello_world.o
 .bss           0x0000000000011af4        0x0 /home/marcelo/intelFPGA_lite/18.0/nios2eds/bin/gnu/H-x86_64-pc-linux-gnu/bin/../lib/gcc/nios2-elf/5.3.0/mno-hw-mul/libgcc.a(lib2-mul.o)
 .bss           0x0000000000011af4        0x0 /home/marcelo/intelFPGA_lite/18.0/nios2eds/bin/gnu/H-x86_64-pc-linux-gnu/bin/../lib/gcc/nios2-elf/5.3.0/../../../../../H-x86_64-pc-linux-gnu/nios2-elf/lib/mno-hw-mul/libc.a(lib_a-puts.o)
 .bss           0x0000000000011af4        0x0 /home/marcelo/intelFPGA_lite/18.0/nios2eds/bin/gnu/H-x86_64-pc-linux-gnu/bin/../lib/gcc/nios2-elf/5.3.0/../../../../../H-x86_64-pc-linux-gnu/nios2-elf/lib/mno-hw-mul/libc.a(lib_a-strlen.o)
 .bss           0x0000000000011af4        0x0 /home/marcelo/intelFPGA_lite/18.0/nios2eds/bin/gnu/H-x86_64-pc-linux-gnu/bin/../lib/gcc/nios2-elf/5.3.0/../../../../../H-x86_64-pc-linux-gnu/nios2-elf/lib/mno-hw-mul/libc.a(lib_a-findfp.o)
 .bss           0x0000000000011af4        0x0 /home/marcelo/intelFPGA_lite/18.0/nios2eds/bin/gnu/H-x86_64-pc-linux-gnu/bin/../lib/gcc/nios2-elf/5.3.0/../../../../../H-x86_64-pc-linux-gnu/nios2-elf/lib/mno-hw-mul/libc.a(lib_a-fvwrite.o)
 .bss           0x0000000000011af4        0x0 /home/marcelo/intelFPGA_lite/18.0/nios2eds/bin/gnu/H-x86_64-pc-linux-gnu/bin/../lib/gcc/nios2-elf/5.3.0/../../../../../H-x86_64-pc-linux-gnu/nios2-elf/lib/mno-hw-mul/libc.a(lib_a-fwalk.o)
 .bss           0x0000000000011af4        0x0 /home/marcelo/intelFPGA_lite/18.0/nios2eds/bin/gnu/H-x86_64-pc-linux-gnu/bin/../lib/gcc/nios2-elf/5.3.0/../../../../../H-x86_64-pc-linux-gnu/nios2-elf/lib/mno-hw-mul/libc.a(lib_a-impure.o)
 .bss           0x0000000000011af4        0x0 /home/marcelo/intelFPGA_lite/18.0/nios2eds/bin/gnu/H-x86_64-pc-linux-gnu/bin/../lib/gcc/nios2-elf/5.3.0/../../../../../H-x86_64-pc-linux-gnu/nios2-elf/lib/mno-hw-mul/libc.a(lib_a-mallocr.o)
 .bss.__malloc_current_mallinfo
                0x0000000000011af4       0x28 /home/marcelo/intelFPGA_lite/18.0/nios2eds/bin/gnu/H-x86_64-pc-linux-gnu/bin/../lib/gcc/nios2-elf/5.3.0/../../../../../H-x86_64-pc-linux-gnu/nios2-elf/lib/mno-hw-mul/libc.a(lib_a-mallocr.o)
                0x0000000000011af4                __malloc_current_mallinfo
 .bss           0x0000000000011b1c        0x0 /home/marcelo/intelFPGA_lite/18.0/nios2eds/bin/gnu/H-x86_64-pc-linux-gnu/bin/../lib/gcc/nios2-elf/5.3.0/../../../../../H-x86_64-pc-linux-gnu/nios2-elf/lib/mno-hw-mul/libc.a(lib_a-memchr.o)
 .bss           0x0000000000011b1c        0x0 /home/marcelo/intelFPGA_lite/18.0/nios2eds/bin/gnu/H-x86_64-pc-linux-gnu/bin/../lib/gcc/nios2-elf/5.3.0/../../../../../H-x86_64-pc-linux-gnu/nios2-elf/lib/mno-hw-mul/libc.a(lib_a-memcpy.o)
 .bss           0x0000000000011b1c        0x0 /home/marcelo/intelFPGA_lite/18.0/nios2eds/bin/gnu/H-x86_64-pc-linux-gnu/bin/../lib/gcc/nios2-elf/5.3.0/../../../../../H-x86_64-pc-linux-gnu/nios2-elf/lib/mno-hw-mul/libc.a(lib_a-memmove.o)
 .bss           0x0000000000011b1c        0x0 /home/marcelo/intelFPGA_lite/18.0/nios2eds/bin/gnu/H-x86_64-pc-linux-gnu/bin/../lib/gcc/nios2-elf/5.3.0/../../../../../H-x86_64-pc-linux-gnu/nios2-elf/lib/mno-hw-mul/libc.a(lib_a-memset.o)
 .bss           0x0000000000011b1c        0x0 /home/marcelo/intelFPGA_lite/18.0/nios2eds/bin/gnu/H-x86_64-pc-linux-gnu/bin/../lib/gcc/nios2-elf/5.3.0/../../../../../H-x86_64-pc-linux-gnu/nios2-elf/lib/mno-hw-mul/libc.a(lib_a-reallocr.o)
 .bss           0x0000000000011b1c        0x0 /home/marcelo/intelFPGA_lite/18.0/nios2eds/bin/gnu/H-x86_64-pc-linux-gnu/bin/../lib/gcc/nios2-elf/5.3.0/../../../../../H-x86_64-pc-linux-gnu/nios2-elf/lib/mno-hw-mul/libc.a(lib_a-sbrkr.o)
 .bss           0x0000000000011b1c        0x0 /home/marcelo/intelFPGA_lite/18.0/nios2eds/bin/gnu/H-x86_64-pc-linux-gnu/bin/../lib/gcc/nios2-elf/5.3.0/../../../../../H-x86_64-pc-linux-gnu/nios2-elf/lib/mno-hw-mul/libc.a(lib_a-stdio.o)
 .bss           0x0000000000011b1c        0x0 /home/marcelo/intelFPGA_lite/18.0/nios2eds/bin/gnu/H-x86_64-pc-linux-gnu/bin/../lib/gcc/nios2-elf/5.3.0/../../../../../H-x86_64-pc-linux-gnu/nios2-elf/lib/mno-hw-mul/libc.a(lib_a-writer.o)
 .bss           0x0000000000011b1c        0x0 /home/marcelo/intelFPGA_lite/18.0/nios2eds/bin/gnu/H-x86_64-pc-linux-gnu/bin/../lib/gcc/nios2-elf/5.3.0/../../../../../H-x86_64-pc-linux-gnu/nios2-elf/lib/mno-hw-mul/libc.a(lib_a-wsetup.o)
 .bss           0x0000000000011b1c        0x0 /home/marcelo/intelFPGA_lite/18.0/nios2eds/bin/gnu/H-x86_64-pc-linux-gnu/bin/../lib/gcc/nios2-elf/5.3.0/../../../../../H-x86_64-pc-linux-gnu/nios2-elf/lib/mno-hw-mul/libc.a(closer.o)
 .bss           0x0000000000011b1c        0x0 /home/marcelo/intelFPGA_lite/18.0/nios2eds/bin/gnu/H-x86_64-pc-linux-gnu/bin/../lib/gcc/nios2-elf/5.3.0/../../../../../H-x86_64-pc-linux-gnu/nios2-elf/lib/mno-hw-mul/libc.a(lib_a-fclose.o)
 .bss           0x0000000000011b1c        0x0 /home/marcelo/intelFPGA_lite/18.0/nios2eds/bin/gnu/H-x86_64-pc-linux-gnu/bin/../lib/gcc/nios2-elf/5.3.0/../../../../../H-x86_64-pc-linux-gnu/nios2-elf/lib/mno-hw-mul/libc.a(lib_a-fflush.o)
 .bss           0x0000000000011b1c        0x0 /home/marcelo/intelFPGA_lite/18.0/nios2eds/bin/gnu/H-x86_64-pc-linux-gnu/bin/../lib/gcc/nios2-elf/5.3.0/../../../../../H-x86_64-pc-linux-gnu/nios2-elf/lib/mno-hw-mul/libc.a(lib_a-freer.o)
 .bss           0x0000000000011b1c        0x0 /home/marcelo/intelFPGA_lite/18.0/nios2eds/bin/gnu/H-x86_64-pc-linux-gnu/bin/../lib/gcc/nios2-elf/5.3.0/../../../../../H-x86_64-pc-linux-gnu/nios2-elf/lib/mno-hw-mul/libc.a(lib_a-int_errno.o)
 .bss           0x0000000000011b1c        0x0 /home/marcelo/intelFPGA_lite/18.0/nios2eds/bin/gnu/H-x86_64-pc-linux-gnu/bin/../lib/gcc/nios2-elf/5.3.0/../../../../../H-x86_64-pc-linux-gnu/nios2-elf/lib/mno-hw-mul/libc.a(lib_a-lseekr.o)
 .bss           0x0000000000011b1c        0x0 /home/marcelo/intelFPGA_lite/18.0/nios2eds/bin/gnu/H-x86_64-pc-linux-gnu/bin/../lib/gcc/nios2-elf/5.3.0/../../../../../H-x86_64-pc-linux-gnu/nios2-elf/lib/mno-hw-mul/libc.a(lib_a-makebuf.o)
 .bss           0x0000000000011b1c        0x0 /home/marcelo/intelFPGA_lite/18.0/nios2eds/bin/gnu/H-x86_64-pc-linux-gnu/bin/../lib/gcc/nios2-elf/5.3.0/../../../../../H-x86_64-pc-linux-gnu/nios2-elf/lib/mno-hw-mul/libc.a(lib_a-readr.o)
 .bss           0x0000000000011b1c        0x0 /home/marcelo/intelFPGA_lite/18.0/nios2eds/bin/gnu/H-x86_64-pc-linux-gnu/bin/../lib/gcc/nios2-elf/5.3.0/../../../../../H-x86_64-pc-linux-gnu/nios2-elf/lib/mno-hw-mul/libc.a(lib_a-fstatr.o)
 .bss           0x0000000000011b1c        0x0 /home/marcelo/intelFPGA_lite/18.0/nios2eds/bin/gnu/H-x86_64-pc-linux-gnu/bin/../lib/gcc/nios2-elf/5.3.0/../../../../../H-x86_64-pc-linux-gnu/nios2-elf/lib/mno-hw-mul/libc.a(lib_a-isattyr.o)
 .bss           0x0000000000011b1c        0x0 /home/marcelo/intelFPGA_lite/18.0/nios2eds/bin/gnu/H-x86_64-pc-linux-gnu/bin/../lib/gcc/nios2-elf/5.3.0/mno-hw-mul/libgcc.a(lib2-divmod.o)
 .bss           0x0000000000011b1c        0x0 ../niosHello_bsp//libhal_bsp.a(alt_close.o)
 .bss           0x0000000000011b1c        0x0 ../niosHello_bsp//libhal_bsp.a(alt_dev.o)
 .bss           0x0000000000011b1c        0x0 ../niosHello_bsp//libhal_bsp.a(alt_errno.o)
 .bss           0x0000000000011b1c        0x0 ../niosHello_bsp//libhal_bsp.a(alt_fstat.o)
 .bss           0x0000000000011b1c        0x0 ../niosHello_bsp//libhal_bsp.a(alt_irq_register.o)
 .bss           0x0000000000011b1c        0x0 ../niosHello_bsp//libhal_bsp.a(alt_irq_vars.o)
 .bss           0x0000000000011b1c        0x0 ../niosHello_bsp//libhal_bsp.a(alt_isatty.o)
 .bss           0x0000000000011b1c        0x0 ../niosHello_bsp//libhal_bsp.a(alt_load.o)
 .bss           0x0000000000011b1c        0x0 ../niosHello_bsp//libhal_bsp.a(alt_lseek.o)
 .bss           0x0000000000011b1c        0x0 ../niosHello_bsp//libhal_bsp.a(alt_main.o)
 .bss           0x0000000000011b1c        0x0 ../niosHello_bsp//libhal_bsp.a(alt_malloc_lock.o)
 .bss           0x0000000000011b1c        0x0 ../niosHello_bsp//libhal_bsp.a(alt_read.o)
 .bss           0x0000000000011b1c        0x0 ../niosHello_bsp//libhal_bsp.a(alt_release_fd.o)
 .bss           0x0000000000011b1c        0x0 ../niosHello_bsp//libhal_bsp.a(alt_sbrk.o)
 .bss           0x0000000000011b1c        0x0 ../niosHello_bsp//libhal_bsp.a(alt_usleep.o)
 .bss           0x0000000000011b1c        0x0 ../niosHello_bsp//libhal_bsp.a(alt_write.o)
 .bss           0x0000000000011b1c        0x0 ../niosHello_bsp//libhal_bsp.a(alt_sys_init.o)
 .bss           0x0000000000011b1c        0x0 ../niosHello_bsp//libhal_bsp.a(altera_avalon_jtag_uart_fd.o)
 .bss           0x0000000000011b1c        0x0 ../niosHello_bsp//libhal_bsp.a(altera_avalon_jtag_uart_init.o)
 .bss           0x0000000000011b1c        0x0 ../niosHello_bsp//libhal_bsp.a(altera_avalon_jtag_uart_ioctl.o)
 .bss           0x0000000000011b1c        0x0 ../niosHello_bsp//libhal_bsp.a(altera_avalon_jtag_uart_read.o)
 .bss           0x0000000000011b1c        0x0 ../niosHello_bsp//libhal_bsp.a(altera_avalon_jtag_uart_write.o)
 .bss           0x0000000000011b1c        0x0 ../niosHello_bsp//libhal_bsp.a(alt_alarm_start.o)
 .bss           0x0000000000011b1c        0x0 ../niosHello_bsp//libhal_bsp.a(alt_busy_sleep.o)
 .bss           0x0000000000011b1c        0x0 ../niosHello_bsp//libhal_bsp.a(alt_dcache_flush_all.o)
 .bss           0x0000000000011b1c        0x0 ../niosHello_bsp//libhal_bsp.a(alt_dev_llist_insert.o)
 .bss           0x0000000000011b1c        0x0 ../niosHello_bsp//libhal_bsp.a(alt_do_ctors.o)
 .bss           0x0000000000011b1c        0x0 ../niosHello_bsp//libhal_bsp.a(alt_do_dtors.o)
 .bss           0x0000000000011b1c        0x0 ../niosHello_bsp//libhal_bsp.a(alt_icache_flush_all.o)
 .bss           0x0000000000011b1c        0x0 ../niosHello_bsp//libhal_bsp.a(alt_iic.o)
 .bss           0x0000000000011b1c        0x0 ../niosHello_bsp//libhal_bsp.a(alt_iic_isr_register.o)
 .bss           0x0000000000011b1c        0x0 ../niosHello_bsp//libhal_bsp.a(alt_io_redirect.o)
 .bss           0x0000000000011b1c        0x0 ../niosHello_bsp//libhal_bsp.a(alt_irq_entry.o)
 .bss           0x0000000000011b1c        0x0 ../niosHello_bsp//libhal_bsp.a(alt_irq_handler.o)
 .bss           0x0000000000011b1c        0x0 ../niosHello_bsp//libhal_bsp.a(alt_open.o)
 .bss           0x0000000000011b1c        0x0 ../niosHello_bsp//libhal_bsp.a(alt_tick.o)
 .bss           0x0000000000011b1c        0x0 ../niosHello_bsp//libhal_bsp.a(altera_nios2_gen2_irq.o)
 .bss           0x0000000000011b1c        0x0 ../niosHello_bsp//libhal_bsp.a(alt_exception_entry.o)
 .bss           0x0000000000011b1c        0x0 ../niosHello_bsp//libhal_bsp.a(alt_find_dev.o)
 .bss           0x0000000000011b1c        0x0 ../niosHello_bsp//libhal_bsp.a(alt_find_file.o)
 .bss           0x0000000000011b1c        0x0 ../niosHello_bsp//libhal_bsp.a(alt_get_fd.o)
 .bss           0x0000000000011b1c        0x0 ../niosHello_bsp//libhal_bsp.a(alt_instruction_exception_entry.o)
 .bss           0x0000000000011b1c        0x0 /home/marcelo/intelFPGA_lite/18.0/nios2eds/bin/gnu/H-x86_64-pc-linux-gnu/bin/../lib/gcc/nios2-elf/5.3.0/../../../../../H-x86_64-pc-linux-gnu/nios2-elf/lib/mno-hw-mul/libc.a(lib_a-atexit.o)
 .bss           0x0000000000011b1c        0x0 /home/marcelo/intelFPGA_lite/18.0/nios2eds/bin/gnu/H-x86_64-pc-linux-gnu/bin/../lib/gcc/nios2-elf/5.3.0/../../../../../H-x86_64-pc-linux-gnu/nios2-elf/lib/mno-hw-mul/libc.a(lib_a-exit.o)
 .bss           0x0000000000011b1c        0x0 /home/marcelo/intelFPGA_lite/18.0/nios2eds/bin/gnu/H-x86_64-pc-linux-gnu/bin/../lib/gcc/nios2-elf/5.3.0/../../../../../H-x86_64-pc-linux-gnu/nios2-elf/lib/mno-hw-mul/libc.a(lib_a-memcmp.o)
 .bss           0x0000000000011b1c        0x0 /home/marcelo/intelFPGA_lite/18.0/nios2eds/bin/gnu/H-x86_64-pc-linux-gnu/bin/../lib/gcc/nios2-elf/5.3.0/../../../../../H-x86_64-pc-linux-gnu/nios2-elf/lib/mno-hw-mul/libc.a(lib_a-__atexit.o)
 .bss           0x0000000000011b1c        0x0 /home/marcelo/intelFPGA_lite/18.0/nios2eds/bin/gnu/H-x86_64-pc-linux-gnu/bin/../lib/gcc/nios2-elf/5.3.0/../../../../../H-x86_64-pc-linux-gnu/nios2-elf/lib/mno-hw-mul/libc.a(lib_a-__call_atexit.o)
 .bss           0x0000000000011b1c        0x0 ../niosHello_bsp//libhal_bsp.a(alt_exit.o)
 *(COMMON)
 COMMON         0x0000000000011b1c      0x100 ../niosHello_bsp//libhal_bsp.a(alt_irq_handler.o)
                0x0000000000011b1c                alt_irq
                0x0000000000011c1c                . = ALIGN (0x4)
                0x0000000000011c1c                __bss_end = ABSOLUTE (.)

.program_memory
                0x00000000000075f8        0x0
                [!provide]                        PROVIDE (_alt_partition_program_memory_start, ABSOLUTE (.))
 *(.program_memory .program_memory. program_memory.*)
                0x00000000000075f8                . = ALIGN (0x4)
                [!provide]                        PROVIDE (_alt_partition_program_memory_end, ABSOLUTE (.))
                [!provide]                        PROVIDE (_alt_partition_program_memory_load_addr, LOADADDR (.program_memory))

.data_memory    0x0000000000011c1c        0x0 load address 0x00000000000075f8
                [!provide]                        PROVIDE (_alt_partition_data_memory_start, ABSOLUTE (.))
 *(.data_memory .data_memory. data_memory.*)
                0x0000000000011c1c                . = ALIGN (0x4)
                [!provide]                        PROVIDE (_alt_partition_data_memory_end, ABSOLUTE (.))
                0x0000000000011c1c                _end = ABSOLUTE (.)
                0x0000000000011c1c                end = ABSOLUTE (.)
                0x0000000000011c1c                __alt_stack_base = ABSOLUTE (.)
                [!provide]                        PROVIDE (_alt_partition_data_memory_load_addr, LOADADDR (.data_memory))

.stab
 *(.stab)

.stabstr
 *(.stabstr)

.stab.excl
 *(.stab.excl)

.stab.exclstr
 *(.stab.exclstr)

.stab.index
 *(.stab.index)

.stab.indexstr
 *(.stab.indexstr)

.comment        0x0000000000000000       0x23
 *(.comment)
 .comment       0x0000000000000000       0x23 obj/default/hello_world.o
                                         0x24 (size before relaxing)
 .comment       0x0000000000000023       0x24 /home/marcelo/intelFPGA_lite/18.0/nios2eds/bin/gnu/H-x86_64-pc-linux-gnu/bin/../lib/gcc/nios2-elf/5.3.0/mno-hw-mul/libgcc.a(lib2-mul.o)
 .comment       0x0000000000000023       0x24 /home/marcelo/intelFPGA_lite/18.0/nios2eds/bin/gnu/H-x86_64-pc-linux-gnu/bin/../lib/gcc/nios2-elf/5.3.0/../../../../../H-x86_64-pc-linux-gnu/nios2-elf/lib/mno-hw-mul/libc.a(lib_a-puts.o)
 .comment       0x0000000000000023       0x24 /home/marcelo/intelFPGA_lite/18.0/nios2eds/bin/gnu/H-x86_64-pc-linux-gnu/bin/../lib/gcc/nios2-elf/5.3.0/../../../../../H-x86_64-pc-linux-gnu/nios2-elf/lib/mno-hw-mul/libc.a(lib_a-strlen.o)
 .comment       0x0000000000000023       0x24 /home/marcelo/intelFPGA_lite/18.0/nios2eds/bin/gnu/H-x86_64-pc-linux-gnu/bin/../lib/gcc/nios2-elf/5.3.0/../../../../../H-x86_64-pc-linux-gnu/nios2-elf/lib/mno-hw-mul/libc.a(lib_a-findfp.o)
 .comment       0x0000000000000023       0x24 /home/marcelo/intelFPGA_lite/18.0/nios2eds/bin/gnu/H-x86_64-pc-linux-gnu/bin/../lib/gcc/nios2-elf/5.3.0/../../../../../H-x86_64-pc-linux-gnu/nios2-elf/lib/mno-hw-mul/libc.a(lib_a-fvwrite.o)
 .comment       0x0000000000000023       0x24 /home/marcelo/intelFPGA_lite/18.0/nios2eds/bin/gnu/H-x86_64-pc-linux-gnu/bin/../lib/gcc/nios2-elf/5.3.0/../../../../../H-x86_64-pc-linux-gnu/nios2-elf/lib/mno-hw-mul/libc.a(lib_a-fwalk.o)
 .comment       0x0000000000000023       0x24 /home/marcelo/intelFPGA_lite/18.0/nios2eds/bin/gnu/H-x86_64-pc-linux-gnu/bin/../lib/gcc/nios2-elf/5.3.0/../../../../../H-x86_64-pc-linux-gnu/nios2-elf/lib/mno-hw-mul/libc.a(lib_a-impure.o)
 .comment       0x0000000000000023       0x24 /home/marcelo/intelFPGA_lite/18.0/nios2eds/bin/gnu/H-x86_64-pc-linux-gnu/bin/../lib/gcc/nios2-elf/5.3.0/../../../../../H-x86_64-pc-linux-gnu/nios2-elf/lib/mno-hw-mul/libc.a(lib_a-mallocr.o)
 .comment       0x0000000000000023       0x24 /home/marcelo/intelFPGA_lite/18.0/nios2eds/bin/gnu/H-x86_64-pc-linux-gnu/bin/../lib/gcc/nios2-elf/5.3.0/../../../../../H-x86_64-pc-linux-gnu/nios2-elf/lib/mno-hw-mul/libc.a(lib_a-memchr.o)
 .comment       0x0000000000000023       0x24 /home/marcelo/intelFPGA_lite/18.0/nios2eds/bin/gnu/H-x86_64-pc-linux-gnu/bin/../lib/gcc/nios2-elf/5.3.0/../../../../../H-x86_64-pc-linux-gnu/nios2-elf/lib/mno-hw-mul/libc.a(lib_a-memcpy.o)
 .comment       0x0000000000000023       0x24 /home/marcelo/intelFPGA_lite/18.0/nios2eds/bin/gnu/H-x86_64-pc-linux-gnu/bin/../lib/gcc/nios2-elf/5.3.0/../../../../../H-x86_64-pc-linux-gnu/nios2-elf/lib/mno-hw-mul/libc.a(lib_a-memmove.o)
 .comment       0x0000000000000023       0x24 /home/marcelo/intelFPGA_lite/18.0/nios2eds/bin/gnu/H-x86_64-pc-linux-gnu/bin/../lib/gcc/nios2-elf/5.3.0/../../../../../H-x86_64-pc-linux-gnu/nios2-elf/lib/mno-hw-mul/libc.a(lib_a-memset.o)
 .comment       0x0000000000000023       0x24 /home/marcelo/intelFPGA_lite/18.0/nios2eds/bin/gnu/H-x86_64-pc-linux-gnu/bin/../lib/gcc/nios2-elf/5.3.0/../../../../../H-x86_64-pc-linux-gnu/nios2-elf/lib/mno-hw-mul/libc.a(lib_a-reallocr.o)
 .comment       0x0000000000000023       0x24 /home/marcelo/intelFPGA_lite/18.0/nios2eds/bin/gnu/H-x86_64-pc-linux-gnu/bin/../lib/gcc/nios2-elf/5.3.0/../../../../../H-x86_64-pc-linux-gnu/nios2-elf/lib/mno-hw-mul/libc.a(lib_a-sbrkr.o)
 .comment       0x0000000000000023       0x24 /home/marcelo/intelFPGA_lite/18.0/nios2eds/bin/gnu/H-x86_64-pc-linux-gnu/bin/../lib/gcc/nios2-elf/5.3.0/../../../../../H-x86_64-pc-linux-gnu/nios2-elf/lib/mno-hw-mul/libc.a(lib_a-stdio.o)
 .comment       0x0000000000000023       0x24 /home/marcelo/intelFPGA_lite/18.0/nios2eds/bin/gnu/H-x86_64-pc-linux-gnu/bin/../lib/gcc/nios2-elf/5.3.0/../../../../../H-x86_64-pc-linux-gnu/nios2-elf/lib/mno-hw-mul/libc.a(lib_a-writer.o)
 .comment       0x0000000000000023       0x24 /home/marcelo/intelFPGA_lite/18.0/nios2eds/bin/gnu/H-x86_64-pc-linux-gnu/bin/../lib/gcc/nios2-elf/5.3.0/../../../../../H-x86_64-pc-linux-gnu/nios2-elf/lib/mno-hw-mul/libc.a(lib_a-wsetup.o)
 .comment       0x0000000000000023       0x24 /home/marcelo/intelFPGA_lite/18.0/nios2eds/bin/gnu/H-x86_64-pc-linux-gnu/bin/../lib/gcc/nios2-elf/5.3.0/../../../../../H-x86_64-pc-linux-gnu/nios2-elf/lib/mno-hw-mul/libc.a(closer.o)
 .comment       0x0000000000000023       0x24 /home/marcelo/intelFPGA_lite/18.0/nios2eds/bin/gnu/H-x86_64-pc-linux-gnu/bin/../lib/gcc/nios2-elf/5.3.0/../../../../../H-x86_64-pc-linux-gnu/nios2-elf/lib/mno-hw-mul/libc.a(lib_a-fclose.o)
 .comment       0x0000000000000023       0x24 /home/marcelo/intelFPGA_lite/18.0/nios2eds/bin/gnu/H-x86_64-pc-linux-gnu/bin/../lib/gcc/nios2-elf/5.3.0/../../../../../H-x86_64-pc-linux-gnu/nios2-elf/lib/mno-hw-mul/libc.a(lib_a-fflush.o)
 .comment       0x0000000000000023       0x24 /home/marcelo/intelFPGA_lite/18.0/nios2eds/bin/gnu/H-x86_64-pc-linux-gnu/bin/../lib/gcc/nios2-elf/5.3.0/../../../../../H-x86_64-pc-linux-gnu/nios2-elf/lib/mno-hw-mul/libc.a(lib_a-freer.o)
 .comment       0x0000000000000023       0x24 /home/marcelo/intelFPGA_lite/18.0/nios2eds/bin/gnu/H-x86_64-pc-linux-gnu/bin/../lib/gcc/nios2-elf/5.3.0/../../../../../H-x86_64-pc-linux-gnu/nios2-elf/lib/mno-hw-mul/libc.a(lib_a-int_errno.o)
 .comment       0x0000000000000023       0x24 /home/marcelo/intelFPGA_lite/18.0/nios2eds/bin/gnu/H-x86_64-pc-linux-gnu/bin/../lib/gcc/nios2-elf/5.3.0/../../../../../H-x86_64-pc-linux-gnu/nios2-elf/lib/mno-hw-mul/libc.a(lib_a-lseekr.o)
 .comment       0x0000000000000023       0x24 /home/marcelo/intelFPGA_lite/18.0/nios2eds/bin/gnu/H-x86_64-pc-linux-gnu/bin/../lib/gcc/nios2-elf/5.3.0/../../../../../H-x86_64-pc-linux-gnu/nios2-elf/lib/mno-hw-mul/libc.a(lib_a-makebuf.o)
 .comment       0x0000000000000023       0x24 /home/marcelo/intelFPGA_lite/18.0/nios2eds/bin/gnu/H-x86_64-pc-linux-gnu/bin/../lib/gcc/nios2-elf/5.3.0/../../../../../H-x86_64-pc-linux-gnu/nios2-elf/lib/mno-hw-mul/libc.a(lib_a-readr.o)
 .comment       0x0000000000000023       0x24 /home/marcelo/intelFPGA_lite/18.0/nios2eds/bin/gnu/H-x86_64-pc-linux-gnu/bin/../lib/gcc/nios2-elf/5.3.0/../../../../../H-x86_64-pc-linux-gnu/nios2-elf/lib/mno-hw-mul/libc.a(lib_a-fstatr.o)
 .comment       0x0000000000000023       0x24 /home/marcelo/intelFPGA_lite/18.0/nios2eds/bin/gnu/H-x86_64-pc-linux-gnu/bin/../lib/gcc/nios2-elf/5.3.0/../../../../../H-x86_64-pc-linux-gnu/nios2-elf/lib/mno-hw-mul/libc.a(lib_a-isattyr.o)
 .comment       0x0000000000000023       0x24 /home/marcelo/intelFPGA_lite/18.0/nios2eds/bin/gnu/H-x86_64-pc-linux-gnu/bin/../lib/gcc/nios2-elf/5.3.0/mno-hw-mul/libgcc.a(lib2-divmod.o)
 .comment       0x0000000000000023       0x24 ../niosHello_bsp//libhal_bsp.a(alt_close.o)
 .comment       0x0000000000000023       0x24 ../niosHello_bsp//libhal_bsp.a(alt_dev.o)
 .comment       0x0000000000000023       0x24 ../niosHello_bsp//libhal_bsp.a(alt_errno.o)
 .comment       0x0000000000000023       0x24 ../niosHello_bsp//libhal_bsp.a(alt_fstat.o)
 .comment       0x0000000000000023       0x24 ../niosHello_bsp//libhal_bsp.a(alt_irq_register.o)
 .comment       0x0000000000000023       0x24 ../niosHello_bsp//libhal_bsp.a(alt_irq_vars.o)
 .comment       0x0000000000000023       0x24 ../niosHello_bsp//libhal_bsp.a(alt_isatty.o)
 .comment       0x0000000000000023       0x24 ../niosHello_bsp//libhal_bsp.a(alt_load.o)
 .comment       0x0000000000000023       0x24 ../niosHello_bsp//libhal_bsp.a(alt_lseek.o)
 .comment       0x0000000000000023       0x24 ../niosHello_bsp//libhal_bsp.a(alt_main.o)
 .comment       0x0000000000000023       0x24 ../niosHello_bsp//libhal_bsp.a(alt_malloc_lock.o)
 .comment       0x0000000000000023       0x24 ../niosHello_bsp//libhal_bsp.a(alt_read.o)
 .comment       0x0000000000000023       0x24 ../niosHello_bsp//libhal_bsp.a(alt_release_fd.o)
 .comment       0x0000000000000023       0x24 ../niosHello_bsp//libhal_bsp.a(alt_sbrk.o)
 .comment       0x0000000000000023       0x24 ../niosHello_bsp//libhal_bsp.a(alt_usleep.o)
 .comment       0x0000000000000023       0x24 ../niosHello_bsp//libhal_bsp.a(alt_write.o)
 .comment       0x0000000000000023       0x24 ../niosHello_bsp//libhal_bsp.a(alt_sys_init.o)
 .comment       0x0000000000000023       0x24 ../niosHello_bsp//libhal_bsp.a(altera_avalon_jtag_uart_fd.o)
 .comment       0x0000000000000023       0x24 ../niosHello_bsp//libhal_bsp.a(altera_avalon_jtag_uart_init.o)
 .comment       0x0000000000000023       0x24 ../niosHello_bsp//libhal_bsp.a(altera_avalon_jtag_uart_ioctl.o)
 .comment       0x0000000000000023       0x24 ../niosHello_bsp//libhal_bsp.a(altera_avalon_jtag_uart_read.o)
 .comment       0x0000000000000023       0x24 ../niosHello_bsp//libhal_bsp.a(altera_avalon_jtag_uart_write.o)
 .comment       0x0000000000000023       0x24 ../niosHello_bsp//libhal_bsp.a(alt_alarm_start.o)
 .comment       0x0000000000000023       0x24 ../niosHello_bsp//libhal_bsp.a(alt_busy_sleep.o)
 .comment       0x0000000000000023       0x24 ../niosHello_bsp//libhal_bsp.a(alt_dcache_flush_all.o)
 .comment       0x0000000000000023       0x24 ../niosHello_bsp//libhal_bsp.a(alt_dev_llist_insert.o)
 .comment       0x0000000000000023       0x24 ../niosHello_bsp//libhal_bsp.a(alt_do_ctors.o)
 .comment       0x0000000000000023       0x24 ../niosHello_bsp//libhal_bsp.a(alt_do_dtors.o)
 .comment       0x0000000000000023       0x24 ../niosHello_bsp//libhal_bsp.a(alt_icache_flush_all.o)
 .comment       0x0000000000000023       0x24 ../niosHello_bsp//libhal_bsp.a(alt_iic.o)
 .comment       0x0000000000000023       0x24 ../niosHello_bsp//libhal_bsp.a(alt_iic_isr_register.o)
 .comment       0x0000000000000023       0x24 ../niosHello_bsp//libhal_bsp.a(alt_io_redirect.o)
 .comment       0x0000000000000023       0x24 ../niosHello_bsp//libhal_bsp.a(alt_irq_handler.o)
 .comment       0x0000000000000023       0x24 ../niosHello_bsp//libhal_bsp.a(alt_open.o)
 .comment       0x0000000000000023       0x24 ../niosHello_bsp//libhal_bsp.a(alt_tick.o)
 .comment       0x0000000000000023       0x24 ../niosHello_bsp//libhal_bsp.a(altera_nios2_gen2_irq.o)
 .comment       0x0000000000000023       0x24 ../niosHello_bsp//libhal_bsp.a(alt_find_dev.o)
 .comment       0x0000000000000023       0x24 ../niosHello_bsp//libhal_bsp.a(alt_find_file.o)
 .comment       0x0000000000000023       0x24 ../niosHello_bsp//libhal_bsp.a(alt_get_fd.o)
 .comment       0x0000000000000023       0x24 ../niosHello_bsp//libhal_bsp.a(alt_instruction_exception_entry.o)
 .comment       0x0000000000000023       0x24 /home/marcelo/intelFPGA_lite/18.0/nios2eds/bin/gnu/H-x86_64-pc-linux-gnu/bin/../lib/gcc/nios2-elf/5.3.0/../../../../../H-x86_64-pc-linux-gnu/nios2-elf/lib/mno-hw-mul/libc.a(lib_a-atexit.o)
 .comment       0x0000000000000023       0x24 /home/marcelo/intelFPGA_lite/18.0/nios2eds/bin/gnu/H-x86_64-pc-linux-gnu/bin/../lib/gcc/nios2-elf/5.3.0/../../../../../H-x86_64-pc-linux-gnu/nios2-elf/lib/mno-hw-mul/libc.a(lib_a-exit.o)
 .comment       0x0000000000000023       0x24 /home/marcelo/intelFPGA_lite/18.0/nios2eds/bin/gnu/H-x86_64-pc-linux-gnu/bin/../lib/gcc/nios2-elf/5.3.0/../../../../../H-x86_64-pc-linux-gnu/nios2-elf/lib/mno-hw-mul/libc.a(lib_a-memcmp.o)
 .comment       0x0000000000000023       0x24 /home/marcelo/intelFPGA_lite/18.0/nios2eds/bin/gnu/H-x86_64-pc-linux-gnu/bin/../lib/gcc/nios2-elf/5.3.0/../../../../../H-x86_64-pc-linux-gnu/nios2-elf/lib/mno-hw-mul/libc.a(lib_a-__atexit.o)
 .comment       0x0000000000000023       0x24 /home/marcelo/intelFPGA_lite/18.0/nios2eds/bin/gnu/H-x86_64-pc-linux-gnu/bin/../lib/gcc/nios2-elf/5.3.0/../../../../../H-x86_64-pc-linux-gnu/nios2-elf/lib/mno-hw-mul/libc.a(lib_a-__call_atexit.o)
 .comment       0x0000000000000023       0x24 ../niosHello_bsp//libhal_bsp.a(alt_exit.o)

.debug
 *(.debug)

.line
 *(.line)

.debug_srcinfo
 *(.debug_srcinfo)

.debug_sfnames
 *(.debug_sfnames)

.debug_aranges  0x0000000000000000      0xa70
 *(.debug_aranges)
 .debug_aranges
                0x0000000000000000       0x28 ../niosHello_bsp//obj/HAL/src/crt0.o
 .debug_aranges
                0x0000000000000028       0x20 obj/default/hello_world.o
 .debug_aranges
                0x0000000000000048       0x20 /home/marcelo/intelFPGA_lite/18.0/nios2eds/bin/gnu/H-x86_64-pc-linux-gnu/bin/../lib/gcc/nios2-elf/5.3.0/mno-hw-mul/libgcc.a(lib2-mul.o)
 .debug_aranges
                0x0000000000000068       0x28 /home/marcelo/intelFPGA_lite/18.0/nios2eds/bin/gnu/H-x86_64-pc-linux-gnu/bin/../lib/gcc/nios2-elf/5.3.0/../../../../../H-x86_64-pc-linux-gnu/nios2-elf/lib/mno-hw-mul/libc.a(lib_a-puts.o)
 .debug_aranges
                0x0000000000000090       0x20 /home/marcelo/intelFPGA_lite/18.0/nios2eds/bin/gnu/H-x86_64-pc-linux-gnu/bin/../lib/gcc/nios2-elf/5.3.0/../../../../../H-x86_64-pc-linux-gnu/nios2-elf/lib/mno-hw-mul/libc.a(lib_a-strlen.o)
 .debug_aranges
                0x00000000000000b0       0x68 /home/marcelo/intelFPGA_lite/18.0/nios2eds/bin/gnu/H-x86_64-pc-linux-gnu/bin/../lib/gcc/nios2-elf/5.3.0/../../../../../H-x86_64-pc-linux-gnu/nios2-elf/lib/mno-hw-mul/libc.a(lib_a-findfp.o)
 .debug_aranges
                0x0000000000000118       0x20 /home/marcelo/intelFPGA_lite/18.0/nios2eds/bin/gnu/H-x86_64-pc-linux-gnu/bin/../lib/gcc/nios2-elf/5.3.0/../../../../../H-x86_64-pc-linux-gnu/nios2-elf/lib/mno-hw-mul/libc.a(lib_a-fvwrite.o)
 .debug_aranges
                0x0000000000000138       0x28 /home/marcelo/intelFPGA_lite/18.0/nios2eds/bin/gnu/H-x86_64-pc-linux-gnu/bin/../lib/gcc/nios2-elf/5.3.0/../../../../../H-x86_64-pc-linux-gnu/nios2-elf/lib/mno-hw-mul/libc.a(lib_a-fwalk.o)
 .debug_aranges
                0x0000000000000160       0x18 /home/marcelo/intelFPGA_lite/18.0/nios2eds/bin/gnu/H-x86_64-pc-linux-gnu/bin/../lib/gcc/nios2-elf/5.3.0/../../../../../H-x86_64-pc-linux-gnu/nios2-elf/lib/mno-hw-mul/libc.a(lib_a-impure.o)
 .debug_aranges
                0x0000000000000178       0x20 /home/marcelo/intelFPGA_lite/18.0/nios2eds/bin/gnu/H-x86_64-pc-linux-gnu/bin/../lib/gcc/nios2-elf/5.3.0/../../../../../H-x86_64-pc-linux-gnu/nios2-elf/lib/mno-hw-mul/libc.a(lib_a-mallocr.o)
 .debug_aranges
                0x0000000000000198       0x20 /home/marcelo/intelFPGA_lite/18.0/nios2eds/bin/gnu/H-x86_64-pc-linux-gnu/bin/../lib/gcc/nios2-elf/5.3.0/../../../../../H-x86_64-pc-linux-gnu/nios2-elf/lib/mno-hw-mul/libc.a(lib_a-memchr.o)
 .debug_aranges
                0x00000000000001b8       0x20 /home/marcelo/intelFPGA_lite/18.0/nios2eds/bin/gnu/H-x86_64-pc-linux-gnu/bin/../lib/gcc/nios2-elf/5.3.0/../../../../../H-x86_64-pc-linux-gnu/nios2-elf/lib/mno-hw-mul/libc.a(lib_a-memcpy.o)
 .debug_aranges
                0x00000000000001d8       0x20 /home/marcelo/intelFPGA_lite/18.0/nios2eds/bin/gnu/H-x86_64-pc-linux-gnu/bin/../lib/gcc/nios2-elf/5.3.0/../../../../../H-x86_64-pc-linux-gnu/nios2-elf/lib/mno-hw-mul/libc.a(lib_a-memmove.o)
 .debug_aranges
                0x00000000000001f8       0x20 /home/marcelo/intelFPGA_lite/18.0/nios2eds/bin/gnu/H-x86_64-pc-linux-gnu/bin/../lib/gcc/nios2-elf/5.3.0/../../../../../H-x86_64-pc-linux-gnu/nios2-elf/lib/mno-hw-mul/libc.a(lib_a-memset.o)
 .debug_aranges
                0x0000000000000218       0x20 /home/marcelo/intelFPGA_lite/18.0/nios2eds/bin/gnu/H-x86_64-pc-linux-gnu/bin/../lib/gcc/nios2-elf/5.3.0/../../../../../H-x86_64-pc-linux-gnu/nios2-elf/lib/mno-hw-mul/libc.a(lib_a-reallocr.o)
 .debug_aranges
                0x0000000000000238       0x20 /home/marcelo/intelFPGA_lite/18.0/nios2eds/bin/gnu/H-x86_64-pc-linux-gnu/bin/../lib/gcc/nios2-elf/5.3.0/../../../../../H-x86_64-pc-linux-gnu/nios2-elf/lib/mno-hw-mul/libc.a(lib_a-sbrkr.o)
 .debug_aranges
                0x0000000000000258       0x40 /home/marcelo/intelFPGA_lite/18.0/nios2eds/bin/gnu/H-x86_64-pc-linux-gnu/bin/../lib/gcc/nios2-elf/5.3.0/../../../../../H-x86_64-pc-linux-gnu/nios2-elf/lib/mno-hw-mul/libc.a(lib_a-stdio.o)
 .debug_aranges
                0x0000000000000298       0x20 /home/marcelo/intelFPGA_lite/18.0/nios2eds/bin/gnu/H-x86_64-pc-linux-gnu/bin/../lib/gcc/nios2-elf/5.3.0/../../../../../H-x86_64-pc-linux-gnu/nios2-elf/lib/mno-hw-mul/libc.a(lib_a-writer.o)
 .debug_aranges
                0x00000000000002b8       0x20 /home/marcelo/intelFPGA_lite/18.0/nios2eds/bin/gnu/H-x86_64-pc-linux-gnu/bin/../lib/gcc/nios2-elf/5.3.0/../../../../../H-x86_64-pc-linux-gnu/nios2-elf/lib/mno-hw-mul/libc.a(lib_a-wsetup.o)
 .debug_aranges
                0x00000000000002d8       0x20 /home/marcelo/intelFPGA_lite/18.0/nios2eds/bin/gnu/H-x86_64-pc-linux-gnu/bin/../lib/gcc/nios2-elf/5.3.0/../../../../../H-x86_64-pc-linux-gnu/nios2-elf/lib/mno-hw-mul/libc.a(closer.o)
 .debug_aranges
                0x00000000000002f8       0x28 /home/marcelo/intelFPGA_lite/18.0/nios2eds/bin/gnu/H-x86_64-pc-linux-gnu/bin/../lib/gcc/nios2-elf/5.3.0/../../../../../H-x86_64-pc-linux-gnu/nios2-elf/lib/mno-hw-mul/libc.a(lib_a-fclose.o)
 .debug_aranges
                0x0000000000000320       0x30 /home/marcelo/intelFPGA_lite/18.0/nios2eds/bin/gnu/H-x86_64-pc-linux-gnu/bin/../lib/gcc/nios2-elf/5.3.0/../../../../../H-x86_64-pc-linux-gnu/nios2-elf/lib/mno-hw-mul/libc.a(lib_a-fflush.o)
 .debug_aranges
                0x0000000000000350       0x28 /home/marcelo/intelFPGA_lite/18.0/nios2eds/bin/gnu/H-x86_64-pc-linux-gnu/bin/../lib/gcc/nios2-elf/5.3.0/../../../../../H-x86_64-pc-linux-gnu/nios2-elf/lib/mno-hw-mul/libc.a(lib_a-freer.o)
 .debug_aranges
                0x0000000000000378       0x18 /home/marcelo/intelFPGA_lite/18.0/nios2eds/bin/gnu/H-x86_64-pc-linux-gnu/bin/../lib/gcc/nios2-elf/5.3.0/../../../../../H-x86_64-pc-linux-gnu/nios2-elf/lib/mno-hw-mul/libc.a(lib_a-int_errno.o)
 .debug_aranges
                0x0000000000000390       0x20 /home/marcelo/intelFPGA_lite/18.0/nios2eds/bin/gnu/H-x86_64-pc-linux-gnu/bin/../lib/gcc/nios2-elf/5.3.0/../../../../../H-x86_64-pc-linux-gnu/nios2-elf/lib/mno-hw-mul/libc.a(lib_a-lseekr.o)
 .debug_aranges
                0x00000000000003b0       0x20 /home/marcelo/intelFPGA_lite/18.0/nios2eds/bin/gnu/H-x86_64-pc-linux-gnu/bin/../lib/gcc/nios2-elf/5.3.0/../../../../../H-x86_64-pc-linux-gnu/nios2-elf/lib/mno-hw-mul/libc.a(lib_a-makebuf.o)
 .debug_aranges
                0x00000000000003d0       0x20 /home/marcelo/intelFPGA_lite/18.0/nios2eds/bin/gnu/H-x86_64-pc-linux-gnu/bin/../lib/gcc/nios2-elf/5.3.0/../../../../../H-x86_64-pc-linux-gnu/nios2-elf/lib/mno-hw-mul/libc.a(lib_a-readr.o)
 .debug_aranges
                0x00000000000003f0       0x20 /home/marcelo/intelFPGA_lite/18.0/nios2eds/bin/gnu/H-x86_64-pc-linux-gnu/bin/../lib/gcc/nios2-elf/5.3.0/../../../../../H-x86_64-pc-linux-gnu/nios2-elf/lib/mno-hw-mul/libc.a(lib_a-fstatr.o)
 .debug_aranges
                0x0000000000000410       0x20 /home/marcelo/intelFPGA_lite/18.0/nios2eds/bin/gnu/H-x86_64-pc-linux-gnu/bin/../lib/gcc/nios2-elf/5.3.0/../../../../../H-x86_64-pc-linux-gnu/nios2-elf/lib/mno-hw-mul/libc.a(lib_a-isattyr.o)
 .debug_aranges
                0x0000000000000430       0x20 /home/marcelo/intelFPGA_lite/18.0/nios2eds/bin/gnu/H-x86_64-pc-linux-gnu/bin/../lib/gcc/nios2-elf/5.3.0/mno-hw-mul/libgcc.a(lib2-divmod.o)
 .debug_aranges
                0x0000000000000450       0x20 ../niosHello_bsp//libhal_bsp.a(alt_close.o)
 .debug_aranges
                0x0000000000000470       0x20 ../niosHello_bsp//libhal_bsp.a(alt_dev.o)
 .debug_aranges
                0x0000000000000490       0x18 ../niosHello_bsp//libhal_bsp.a(alt_errno.o)
 .debug_aranges
                0x00000000000004a8       0x20 ../niosHello_bsp//libhal_bsp.a(alt_fstat.o)
 .debug_aranges
                0x00000000000004c8       0x20 ../niosHello_bsp//libhal_bsp.a(alt_irq_register.o)
 .debug_aranges
                0x00000000000004e8       0x18 ../niosHello_bsp//libhal_bsp.a(alt_irq_vars.o)
 .debug_aranges
                0x0000000000000500       0x20 ../niosHello_bsp//libhal_bsp.a(alt_isatty.o)
 .debug_aranges
                0x0000000000000520       0x20 ../niosHello_bsp//libhal_bsp.a(alt_load.o)
 .debug_aranges
                0x0000000000000540       0x20 ../niosHello_bsp//libhal_bsp.a(alt_lseek.o)
 .debug_aranges
                0x0000000000000560       0x20 ../niosHello_bsp//libhal_bsp.a(alt_main.o)
 .debug_aranges
                0x0000000000000580       0x20 ../niosHello_bsp//libhal_bsp.a(alt_malloc_lock.o)
 .debug_aranges
                0x00000000000005a0       0x20 ../niosHello_bsp//libhal_bsp.a(alt_read.o)
 .debug_aranges
                0x00000000000005c0       0x20 ../niosHello_bsp//libhal_bsp.a(alt_release_fd.o)
 .debug_aranges
                0x00000000000005e0       0x20 ../niosHello_bsp//libhal_bsp.a(alt_sbrk.o)
 .debug_aranges
                0x0000000000000600       0x20 ../niosHello_bsp//libhal_bsp.a(alt_usleep.o)
 .debug_aranges
                0x0000000000000620       0x20 ../niosHello_bsp//libhal_bsp.a(alt_write.o)
 .debug_aranges
                0x0000000000000640       0x20 ../niosHello_bsp//libhal_bsp.a(alt_sys_init.o)
 .debug_aranges
                0x0000000000000660       0x20 ../niosHello_bsp//libhal_bsp.a(altera_avalon_jtag_uart_fd.o)
 .debug_aranges
                0x0000000000000680       0x20 ../niosHello_bsp//libhal_bsp.a(altera_avalon_jtag_uart_init.o)
 .debug_aranges
                0x00000000000006a0       0x20 ../niosHello_bsp//libhal_bsp.a(altera_avalon_jtag_uart_ioctl.o)
 .debug_aranges